Archive member included to satisfy reference by file (symbol)

D:/STM32CubeCLT/STM32CubeCLT/STM32CubeCLT_1.19.0/GNU-tools-for-STM32/bin/../lib/gcc/arm-none-eabi/13.3.1/../../../../arm-none-eabi/lib/thumb/v7e-m+fp/hard\libc_nano.a(libc_a-exit.o)
                              D:/STM32CubeCLT/STM32CubeCLT/STM32CubeCLT_1.19.0/GNU-tools-for-STM32/bin/../lib/gcc/arm-none-eabi/13.3.1/../../../../arm-none-eabi/lib/thumb/v7e-m+fp/hard/crt0.o (exit)
D:/STM32CubeCLT/STM32CubeCLT/STM32CubeCLT_1.19.0/GNU-tools-for-STM32/bin/../lib/gcc/arm-none-eabi/13.3.1/../../../../arm-none-eabi/lib/thumb/v7e-m+fp/hard\libc_nano.a(libc_a-findfp.o)
                              D:/STM32CubeCLT/STM32CubeCLT/STM32CubeCLT_1.19.0/GNU-tools-for-STM32/bin/../lib/gcc/arm-none-eabi/13.3.1/../../../../arm-none-eabi/lib/thumb/v7e-m+fp/hard\libc_nano.a(libc_a-exit.o) (__stdio_exit_handler)
D:/STM32CubeCLT/STM32CubeCLT/STM32CubeCLT_1.19.0/GNU-tools-for-STM32/bin/../lib/gcc/arm-none-eabi/13.3.1/../../../../arm-none-eabi/lib/thumb/v7e-m+fp/hard\libc_nano.a(libc_a-fwalk.o)
                              D:/STM32CubeCLT/STM32CubeCLT/STM32CubeCLT_1.19.0/GNU-tools-for-STM32/bin/../lib/gcc/arm-none-eabi/13.3.1/../../../../arm-none-eabi/lib/thumb/v7e-m+fp/hard\libc_nano.a(libc_a-findfp.o) (_fwalk_sglue)
D:/STM32CubeCLT/STM32CubeCLT/STM32CubeCLT_1.19.0/GNU-tools-for-STM32/bin/../lib/gcc/arm-none-eabi/13.3.1/../../../../arm-none-eabi/lib/thumb/v7e-m+fp/hard\libc_nano.a(libc_a-stdio.o)
                              D:/STM32CubeCLT/STM32CubeCLT/STM32CubeCLT_1.19.0/GNU-tools-for-STM32/bin/../lib/gcc/arm-none-eabi/13.3.1/../../../../arm-none-eabi/lib/thumb/v7e-m+fp/hard\libc_nano.a(libc_a-findfp.o) (__sread)
D:/STM32CubeCLT/STM32CubeCLT/STM32CubeCLT_1.19.0/GNU-tools-for-STM32/bin/../lib/gcc/arm-none-eabi/13.3.1/../../../../arm-none-eabi/lib/thumb/v7e-m+fp/hard\libc_nano.a(libc_a-memset.o)
                              D:/STM32CubeCLT/STM32CubeCLT/STM32CubeCLT_1.19.0/GNU-tools-for-STM32/bin/../lib/gcc/arm-none-eabi/13.3.1/../../../../arm-none-eabi/lib/thumb/v7e-m+fp/hard/crt0.o (memset)
D:/STM32CubeCLT/STM32CubeCLT/STM32CubeCLT_1.19.0/GNU-tools-for-STM32/bin/../lib/gcc/arm-none-eabi/13.3.1/../../../../arm-none-eabi/lib/thumb/v7e-m+fp/hard\libc_nano.a(libc_a-closer.o)
                              D:/STM32CubeCLT/STM32CubeCLT/STM32CubeCLT_1.19.0/GNU-tools-for-STM32/bin/../lib/gcc/arm-none-eabi/13.3.1/../../../../arm-none-eabi/lib/thumb/v7e-m+fp/hard\libc_nano.a(libc_a-stdio.o) (_close_r)
D:/STM32CubeCLT/STM32CubeCLT/STM32CubeCLT_1.19.0/GNU-tools-for-STM32/bin/../lib/gcc/arm-none-eabi/13.3.1/../../../../arm-none-eabi/lib/thumb/v7e-m+fp/hard\libc_nano.a(libc_a-reent.o)
                              D:/STM32CubeCLT/STM32CubeCLT/STM32CubeCLT_1.19.0/GNU-tools-for-STM32/bin/../lib/gcc/arm-none-eabi/13.3.1/../../../../arm-none-eabi/lib/thumb/v7e-m+fp/hard\libc_nano.a(libc_a-closer.o) (errno)
D:/STM32CubeCLT/STM32CubeCLT/STM32CubeCLT_1.19.0/GNU-tools-for-STM32/bin/../lib/gcc/arm-none-eabi/13.3.1/../../../../arm-none-eabi/lib/thumb/v7e-m+fp/hard\libc_nano.a(libc_a-impure.o)
                              D:/STM32CubeCLT/STM32CubeCLT/STM32CubeCLT_1.19.0/GNU-tools-for-STM32/bin/../lib/gcc/arm-none-eabi/13.3.1/../../../../arm-none-eabi/lib/thumb/v7e-m+fp/hard\libc_nano.a(libc_a-reent.o) (_impure_ptr)
D:/STM32CubeCLT/STM32CubeCLT/STM32CubeCLT_1.19.0/GNU-tools-for-STM32/bin/../lib/gcc/arm-none-eabi/13.3.1/../../../../arm-none-eabi/lib/thumb/v7e-m+fp/hard\libc_nano.a(libc_a-lseekr.o)
                              D:/STM32CubeCLT/STM32CubeCLT/STM32CubeCLT_1.19.0/GNU-tools-for-STM32/bin/../lib/gcc/arm-none-eabi/13.3.1/../../../../arm-none-eabi/lib/thumb/v7e-m+fp/hard\libc_nano.a(libc_a-stdio.o) (_lseek_r)
D:/STM32CubeCLT/STM32CubeCLT/STM32CubeCLT_1.19.0/GNU-tools-for-STM32/bin/../lib/gcc/arm-none-eabi/13.3.1/../../../../arm-none-eabi/lib/thumb/v7e-m+fp/hard\libc_nano.a(libc_a-readr.o)
                              D:/STM32CubeCLT/STM32CubeCLT/STM32CubeCLT_1.19.0/GNU-tools-for-STM32/bin/../lib/gcc/arm-none-eabi/13.3.1/../../../../arm-none-eabi/lib/thumb/v7e-m+fp/hard\libc_nano.a(libc_a-stdio.o) (_read_r)
D:/STM32CubeCLT/STM32CubeCLT/STM32CubeCLT_1.19.0/GNU-tools-for-STM32/bin/../lib/gcc/arm-none-eabi/13.3.1/../../../../arm-none-eabi/lib/thumb/v7e-m+fp/hard\libc_nano.a(libc_a-writer.o)
                              D:/STM32CubeCLT/STM32CubeCLT/STM32CubeCLT_1.19.0/GNU-tools-for-STM32/bin/../lib/gcc/arm-none-eabi/13.3.1/../../../../arm-none-eabi/lib/thumb/v7e-m+fp/hard\libc_nano.a(libc_a-stdio.o) (_write_r)
D:/STM32CubeCLT/STM32CubeCLT/STM32CubeCLT_1.19.0/GNU-tools-for-STM32/bin/../lib/gcc/arm-none-eabi/13.3.1/../../../../arm-none-eabi/lib/thumb/v7e-m+fp/hard\libc_nano.a(libc_a-init.o)
                              D:/STM32CubeCLT/STM32CubeCLT/STM32CubeCLT_1.19.0/GNU-tools-for-STM32/bin/../lib/gcc/arm-none-eabi/13.3.1/../../../../arm-none-eabi/lib/thumb/v7e-m+fp/hard/crt0.o (__libc_init_array)
[...]
Memory Configuration

Name             Origin             Length             Attributes
RAM              0x20000000         0x00020000         xrw
FLASH            0x08000000         0x00080000         xr
*default*        0x00000000         0xffffffff

Linker script and memory map

LOAD D:/STM32CubeCLT/STM32CubeCLT/STM32CubeCLT_1.19.0/GNU-tools-for-STM32/bin/../lib/gcc/arm-none-eabi/13.3.1/thumb/v7e-m+fp/hard/crti.o
LOAD D:/STM32CubeCLT/STM32CubeCLT/STM32CubeCLT_1.19.0/GNU-tools-for-STM32/bin/../lib/gcc/arm-none-eabi/13.3.1/thumb/v7e-m+fp/hard/crtbegin.o
LOAD D:/STM32CubeCLT/STM32CubeCLT/STM32CubeCLT_1.19.0/GNU-tools-for-STM32/bin/../lib/gcc/arm-none-eabi/13.3.1/../../../../arm-none-eabi/lib/thumb/v7e-m+fp/hard/crt0.o
START GROUP
LOAD D:/STM32CubeCLT/STM32CubeCLT/STM32CubeCLT_1.19.0/GNU-tools-for-STM32/bin/../lib/gcc/arm-none-eabi/13.3.1/../../../../arm-none-eabi/lib/thumb/v7e-m+fp/hard\libc_nano.a
LOAD D:/STM32CubeCLT/STM32CubeCLT/STM32CubeCLT_1.19.0/GNU-tools-for-STM32/bin/../lib/gcc/arm-none-eabi/13.3.1/../../../../arm-none-eabi/lib/thumb/v7e-m+fp/hard\libm.a
END GROUP
LOAD CMakeFiles/OV_watch_01.dir/BSP/MPU6050/eMPL/inv_mpu.c.obj
LOAD CMakeFiles/OV_watch_01.dir/SYSTEM/delay.c.obj
LOAD CMakeFiles/OV_watch_01.dir/BSP/LCD/lcd.c.obj
LOAD CMakeFiles/OV_watch_01.dir/BSP/LCD/lcd_init.c.obj
LOAD CMakeFiles/OV_watch_01.dir/BSP/KEY/key.c.obj
LOAD CMakeFiles/OV_watch_01.dir/BSP/KT6328/KT6328.c.obj
LOAD CMakeFiles/OV_watch_01.dir/BSP/OWDG/WDOG.c.obj
LOAD CMakeFiles/OV_watch_01.dir/BSP/AHT21/AHT21.c.obj
LOAD CMakeFiles/OV_watch_01.dir/BSP/IIC/iic_hal.c.obj
LOAD CMakeFiles/OV_watch_01.dir/BSP/EM7028/em70x8.c.obj
LOAD CMakeFiles/OV_watch_01.dir/BSP/EM7028/HrAlgorythm.c.obj
LOAD CMakeFiles/OV_watch_01.dir/BSP/EM7028/user_Queue.c.obj
LOAD CMakeFiles/OV_watch_01.dir/BSP/POWER/power.c.obj
LOAD CMakeFiles/OV_watch_01.dir/BSP/SPL06_001/SPL06_001.c.obj
LOAD CMakeFiles/OV_watch_01.dir/BSP/LSM303DLH/LSM303.c.obj
LOAD CMakeFiles/OV_watch_01.dir/LVGL_porting/lv_port_disp.c.obj
LOAD CMakeFiles/OV_watch_01.dir/LVGL_porting/lv_port_indev.c.obj
LOAD CMakeFiles/OV_watch_01.dir/LVGL_src/lv_hal_disp.c.obj
LOAD CMakeFiles/OV_watch_01.dir/LVGL_src/lv_hal_indev.c.obj
LOAD CMakeFiles/OV_watch_01.dir/LVGL_src/gifdec.c.obj
LOAD CMakeFiles/OV_watch_01.dir/LVGL_src/lodepng.c.obj
LOAD CMakeFiles/OV_watch_01.dir/LVGL_src/lv_anim.c.obj
LOAD CMakeFiles/OV_watch_01.dir/LVGL_src/lv_anim_timeline.c.obj
LOAD CMakeFiles/OV_watch_01.dir/LVGL_src/lv_animimg.c.obj
LOAD CMakeFiles/OV_watch_01.dir/LVGL_src/lv_arc.c.obj
LOAD CMakeFiles/OV_watch_01.dir/LVGL_src/lv_font_loader.c.obj
LOAD CMakeFiles/OV_watch_01.dir/LVGL_src/lv_area.c.obj
LOAD CMakeFiles/OV_watch_01.dir/LVGL_src/lv_async.c.obj
LOAD CMakeFiles/OV_watch_01.dir/LVGL_src/lv_mem.c.obj
LOAD CMakeFiles/OV_watch_01.dir/LVGL_src/lv_bar.c.obj
LOAD CMakeFiles/OV_watch_01.dir/LVGL_src/lv_bidi.c.obj
LOAD CMakeFiles/OV_watch_01.dir/LVGL_src/lv_bmp.c.obj
LOAD CMakeFiles/OV_watch_01.dir/LVGL_src/lv_btn.c.obj
LOAD CMakeFiles/OV_watch_01.dir/LVGL_src/lv_btnmatrix.c.obj
LOAD CMakeFiles/OV_watch_01.dir/LVGL_src/lv_calendar.c.obj
LOAD CMakeFiles/OV_watch_01.dir/LVGL_src/lv_calendar_header_arrow.c.obj
LOAD CMakeFiles/OV_watch_01.dir/LVGL_src/lv_chart.c.obj
LOAD CMakeFiles/OV_watch_01.dir/LVGL_src/lv_calendar_header_dropdown.c.obj
LOAD CMakeFiles/OV_watch_01.dir/LVGL_src/lv_canvas.c.obj
LOAD CMakeFiles/OV_watch_01.dir/LVGL_src/lv_checkbox.c.obj
LOAD CMakeFiles/OV_watch_01.dir/LVGL_src/lv_color.c.obj
LOAD CMakeFiles/OV_watch_01.dir/LVGL_src/lv_colorwheel.c.obj
LOAD CMakeFiles/OV_watch_01.dir/LVGL_src/lv_disp.c.obj
LOAD CMakeFiles/OV_watch_01.dir/LVGL_src/lv_draw.c.obj
LOAD CMakeFiles/OV_watch_01.dir/LVGL_src/lv_draw_arc.c.obj
LOAD CMakeFiles/OV_watch_01.dir/LVGL_src/lv_draw_img.c.obj
LOAD CMakeFiles/OV_watch_01.dir/LVGL_src/lv_draw_label.c.obj
LOAD CMakeFiles/OV_watch_01.dir/LVGL_src/lv_draw_layer.c.obj
LOAD CMakeFiles/OV_watch_01.dir/LVGL_src/lv_draw_line.c.obj
LOAD CMakeFiles/OV_watch_01.dir/LVGL_src/lv_draw_mask.c.obj
LOAD CMakeFiles/OV_watch_01.dir/LVGL_src/lv_draw_pxp.c.obj
LOAD CMakeFiles/OV_watch_01.dir/LVGL_src/lv_draw_pxp_blend.c.obj
LOAD CMakeFiles/OV_watch_01.dir/LVGL_src/lv_draw_rect.c.obj
LOAD CMakeFiles/OV_watch_01.dir/LVGL_src/lv_draw_sdl.c.obj
LOAD CMakeFiles/OV_watch_01.dir/LVGL_src/lv_draw_sdl_arc.c.obj
LOAD CMakeFiles/OV_watch_01.dir/LVGL_src/lv_draw_sdl_bg.c.obj
LOAD CMakeFiles/OV_watch_01.dir/LVGL_src/lv_draw_sdl_composite.c.obj
LOAD CMakeFiles/OV_watch_01.dir/LVGL_src/lv_draw_sdl_label.c.obj
LOAD CMakeFiles/OV_watch_01.dir/LVGL_src/lv_draw_sdl_img.c.obj
LOAD CMakeFiles/OV_watch_01.dir/LVGL_src/lv_draw_sdl_layer.c.obj
LOAD CMakeFiles/OV_watch_01.dir/LVGL_src/lv_draw_sdl_line.c.obj
LOAD CMakeFiles/OV_watch_01.dir/LVGL_src/lv_draw_sdl_mask.c.obj
LOAD CMakeFiles/OV_watch_01.dir/LVGL_src/lv_draw_sdl_polygon.c.obj
LOAD CMakeFiles/OV_watch_01.dir/LVGL_src/lv_draw_sdl_rect.c.obj
LOAD CMakeFiles/OV_watch_01.dir/LVGL_src/lv_draw_sdl_stack_blur.c.obj
LOAD CMakeFiles/OV_watch_01.dir/LVGL_src/lv_draw_sdl_texture_cache.c.obj
LOAD CMakeFiles/OV_watch_01.dir/LVGL_src/lv_draw_sdl_utils.c.obj
LOAD CMakeFiles/OV_watch_01.dir/LVGL_src/lv_draw_sw_blend.c.obj
LOAD CMakeFiles/OV_watch_01.dir/LVGL_src/lv_draw_sw.c.obj
LOAD CMakeFiles/OV_watch_01.dir/LVGL_src/lv_draw_sw_arc.c.obj
LOAD CMakeFiles/OV_watch_01.dir/LVGL_src/lv_draw_sw_dither.c.obj
LOAD CMakeFiles/OV_watch_01.dir/LVGL_src/lv_draw_sw_gradient.c.obj
LOAD CMakeFiles/OV_watch_01.dir/LVGL_src/lv_draw_sw_img.c.obj
LOAD CMakeFiles/OV_watch_01.dir/LVGL_src/lv_draw_sw_layer.c.obj
LOAD CMakeFiles/OV_watch_01.dir/LVGL_src/lv_draw_sw_letter.c.obj
LOAD CMakeFiles/OV_watch_01.dir/LVGL_src/lv_draw_sw_line.c.obj
LOAD CMakeFiles/OV_watch_01.dir/LVGL_src/lv_draw_sw_polygon.c.obj
LOAD CMakeFiles/OV_watch_01.dir/LVGL_src/lv_draw_sw_rect.c.obj
LOAD CMakeFiles/OV_watch_01.dir/LVGL_src/lv_draw_sw_transform.c.obj
LOAD CMakeFiles/OV_watch_01.dir/LVGL_src/lv_draw_vglite_arc.c.obj
LOAD CMakeFiles/OV_watch_01.dir/LVGL_src/lv_draw_triangle.c.obj
LOAD CMakeFiles/OV_watch_01.dir/LVGL_src/lv_draw_transform.c.obj
LOAD CMakeFiles/OV_watch_01.dir/LVGL_src/lv_draw_vglite.c.obj
LOAD CMakeFiles/OV_watch_01.dir/LVGL_src/lv_draw_vglite_rect.c.obj
LOAD CMakeFiles/OV_watch_01.dir/LVGL_src/lv_draw_vglite_line.c.obj
LOAD CMakeFiles/OV_watch_01.dir/LVGL_src/lv_draw_vglite_blend.c.obj
LOAD CMakeFiles/OV_watch_01.dir/LVGL_src/lv_event.c.obj
LOAD CMakeFiles/OV_watch_01.dir/LVGL_src/lv_flex.c.obj
LOAD CMakeFiles/OV_watch_01.dir/LVGL_src/lv_dropdown.c.obj
LOAD CMakeFiles/OV_watch_01.dir/LVGL_src/lv_extra.c.obj
LOAD CMakeFiles/OV_watch_01.dir/LVGL_src/lv_ffmpeg.c.obj
LOAD CMakeFiles/OV_watch_01.dir/LVGL_src/lv_font.c.obj
LOAD CMakeFiles/OV_watch_01.dir/LVGL_src/lv_font_fmt_txt.c.obj
LOAD CMakeFiles/OV_watch_01.dir/LVGL_src/lv_font_dejavu_16_persian_hebrew.c.obj
LOAD CMakeFiles/OV_watch_01.dir/LVGL_src/lv_font_montserrat_30.c.obj
LOAD CMakeFiles/OV_watch_01.dir/LVGL_src/lv_font_montserrat_36.c.obj
LOAD CMakeFiles/OV_watch_01.dir/LVGL_src/lv_font_montserrat_8.c.obj
LOAD CMakeFiles/OV_watch_01.dir/LVGL_src/lv_font_montserrat_32.c.obj
LOAD CMakeFiles/OV_watch_01.dir/LVGL_src/lv_font_montserrat_28.c.obj
LOAD CMakeFiles/OV_watch_01.dir/LVGL_src/lv_font_montserrat_34.c.obj
LOAD CMakeFiles/OV_watch_01.dir/LVGL_src/lv_font_montserrat_20.c.obj
LOAD CMakeFiles/OV_watch_01.dir/LVGL_src/lv_font_montserrat_12.c.obj
LOAD CMakeFiles/OV_watch_01.dir/LVGL_src/lv_font_montserrat_18.c.obj
LOAD CMakeFiles/OV_watch_01.dir/LVGL_src/lv_font_montserrat_12_subpx.c.obj
LOAD CMakeFiles/OV_watch_01.dir/LVGL_src/lv_font_montserrat_16.c.obj
LOAD CMakeFiles/OV_watch_01.dir/LVGL_src/lv_font_montserrat_26.c.obj
LOAD CMakeFiles/OV_watch_01.dir/LVGL_src/lv_font_montserrat_24.c.obj
LOAD CMakeFiles/OV_watch_01.dir/LVGL_src/lv_font_montserrat_22.c.obj
LOAD CMakeFiles/OV_watch_01.dir/LVGL_src/lv_font_montserrat_28_compressed.c.obj
LOAD CMakeFiles/OV_watch_01.dir/LVGL_src/lv_font_montserrat_10.c.obj
LOAD CMakeFiles/OV_watch_01.dir/LVGL_src/lv_font_montserrat_14.c.obj
LOAD CMakeFiles/OV_watch_01.dir/LVGL_src/lv_png.c.obj
LOAD CMakeFiles/OV_watch_01.dir/LVGL_src/lv_gpu_d2_ra6m3.c.obj
LOAD CMakeFiles/OV_watch_01.dir/LVGL_src/lv_math.c.obj
LOAD CMakeFiles/OV_watch_01.dir/LVGL_src/lv_gpu_d2_draw_label.c.obj
LOAD CMakeFiles/OV_watch_01.dir/LVGL_src/lv_gpu_stm32_dma2d.c.obj
LOAD CMakeFiles/OV_watch_01.dir/LVGL_src/lv_win.c.obj
LOAD CMakeFiles/OV_watch_01.dir/LVGL_src/lv_led.c.obj
LOAD CMakeFiles/OV_watch_01.dir/LVGL_src/lv_menu.c.obj
LOAD CMakeFiles/OV_watch_01.dir/LVGL_src/lv_gpu_nxp_pxp.c.obj
LOAD CMakeFiles/OV_watch_01.dir/LVGL_src/lv_printf.c.obj
LOAD CMakeFiles/OV_watch_01.dir/LVGL_src/lv_rlottie.c.obj
LOAD CMakeFiles/OV_watch_01.dir/LVGL_src/lv_textarea.c.obj
LOAD CMakeFiles/OV_watch_01.dir/LVGL_src/lv_list.c.obj
LOAD CMakeFiles/OV_watch_01.dir/LVGL_src/lv_gpu_swm341_dma2d.c.obj
LOAD CMakeFiles/OV_watch_01.dir/LVGL_src/lv_img.c.obj
LOAD CMakeFiles/OV_watch_01.dir/LVGL_src/tjpgd.c.obj
LOAD CMakeFiles/OV_watch_01.dir/LVGL_src/lv_obj_scroll.c.obj
LOAD CMakeFiles/OV_watch_01.dir/LVGL_src/lv_grid.c.obj
LOAD CMakeFiles/OV_watch_01.dir/LVGL_src/lv_timer.c.obj
LOAD CMakeFiles/OV_watch_01.dir/LVGL_src/lv_theme_default.c.obj
LOAD CMakeFiles/OV_watch_01.dir/LVGL_src/lv_group.c.obj
LOAD CMakeFiles/OV_watch_01.dir/LVGL_src/lv_obj_class.c.obj
LOAD CMakeFiles/OV_watch_01.dir/LVGL_src/lv_slider.c.obj
LOAD CMakeFiles/OV_watch_01.dir/LVGL_src/lv_fragment.c.obj
LOAD CMakeFiles/OV_watch_01.dir/LVGL_src/lv_sjpg.c.obj
LOAD CMakeFiles/OV_watch_01.dir/LVGL_src/lv_obj.c.obj
LOAD CMakeFiles/OV_watch_01.dir/LVGL_src/lv_tiny_ttf.c.obj
LOAD CMakeFiles/OV_watch_01.dir/LVGL_src/lv_obj_style.c.obj
LOAD CMakeFiles/OV_watch_01.dir/LVGL_src/lv_gif.c.obj
LOAD CMakeFiles/OV_watch_01.dir/LVGL_src/lv_font_montserrat_46.c.obj
LOAD CMakeFiles/OV_watch_01.dir/LVGL_src/lv_templ.c.obj
LOAD CMakeFiles/OV_watch_01.dir/LVGL_src/lv_refr.c.obj
LOAD CMakeFiles/OV_watch_01.dir/LVGL_src/lv_font_simsun_16_cjk.c.obj
LOAD CMakeFiles/OV_watch_01.dir/LVGL_src/lv_indev_scroll.c.obj
LOAD CMakeFiles/OV_watch_01.dir/LVGL_src/lv_switch.c.obj
LOAD CMakeFiles/OV_watch_01.dir/LVGL_src/lv_fs_littlefs.c.obj
LOAD CMakeFiles/OV_watch_01.dir/LVGL_src/lv_qrcode.c.obj
LOAD CMakeFiles/OV_watch_01.dir/LVGL_src/lv_obj_draw.c.obj
LOAD CMakeFiles/OV_watch_01.dir/LVGL_src/lv_span.c.obj
LOAD CMakeFiles/OV_watch_01.dir/LVGL_src/lv_theme_basic.c.obj
LOAD CMakeFiles/OV_watch_01.dir/LVGL_src/lv_monkey.c.obj
LOAD CMakeFiles/OV_watch_01.dir/LVGL_src/lv_txt.c.obj
LOAD CMakeFiles/OV_watch_01.dir/LVGL_src/lv_objx_templ.c.obj
LOAD CMakeFiles/OV_watch_01.dir/LVGL_src/lv_indev.c.obj
LOAD CMakeFiles/OV_watch_01.dir/LVGL_src/lv_spinbox.c.obj
LOAD CMakeFiles/OV_watch_01.dir/LVGL_src/lv_theme.c.obj
LOAD CMakeFiles/OV_watch_01.dir/LVGL_src/lv_imgbtn.c.obj
LOAD CMakeFiles/OV_watch_01.dir/LVGL_src/lv_msg.c.obj
LOAD CMakeFiles/OV_watch_01.dir/LVGL_src/lv_log.c.obj
LOAD CMakeFiles/OV_watch_01.dir/LVGL_src/lv_freetype.c.obj
LOAD CMakeFiles/OV_watch_01.dir/LVGL_src/lv_obj_tree.c.obj
LOAD CMakeFiles/OV_watch_01.dir/LVGL_src/lv_fs_win32.c.obj
LOAD CMakeFiles/OV_watch_01.dir/LVGL_src/lv_fragment_manager.c.obj
LOAD CMakeFiles/OV_watch_01.dir/LVGL_src/lv_ll.c.obj
LOAD CMakeFiles/OV_watch_01.dir/LVGL_src/lv_gridnav.c.obj
LOAD CMakeFiles/OV_watch_01.dir/LVGL_src/lv_meter.c.obj
LOAD CMakeFiles/OV_watch_01.dir/LVGL_src/lv_lru.c.obj
LOAD CMakeFiles/OV_watch_01.dir/LVGL_src/qrcodegen.c.obj
LOAD CMakeFiles/OV_watch_01.dir/LVGL_src/lv_fs_fatfs.c.obj
LOAD CMakeFiles/OV_watch_01.dir/LVGL_src/lv_img_cache.c.obj
LOAD CMakeFiles/OV_watch_01.dir/LVGL_src/lv_img_buf.c.obj
LOAD CMakeFiles/OV_watch_01.dir/LVGL_src/lv_ime_pinyin.c.obj
LOAD CMakeFiles/OV_watch_01.dir/LVGL_src/lv_msgbox.c.obj
LOAD CMakeFiles/OV_watch_01.dir/LVGL_src/lv_utils.c.obj
LOAD CMakeFiles/OV_watch_01.dir/LVGL_src/lv_vglite_utils.c.obj
LOAD CMakeFiles/OV_watch_01.dir/LVGL_src/lv_table.c.obj
LOAD CMakeFiles/OV_watch_01.dir/LVGL_src/lv_txt_ap.c.obj
LOAD CMakeFiles/OV_watch_01.dir/LVGL_src/lv_theme_mono.c.obj
LOAD CMakeFiles/OV_watch_01.dir/LVGL_src/lv_hal_tick.c.obj
LOAD CMakeFiles/OV_watch_01.dir/LVGL_src/lv_imgfont.c.obj
LOAD CMakeFiles/OV_watch_01.dir/LVGL_src/lv_gc.c.obj
LOAD CMakeFiles/OV_watch_01.dir/LVGL_src/lv_vglite_buf.c.obj
LOAD CMakeFiles/OV_watch_01.dir/LVGL_src/lv_gpu_arm2d.c.obj
LOAD CMakeFiles/OV_watch_01.dir/LVGL_src/lv_fs.c.obj
LOAD CMakeFiles/OV_watch_01.dir/LVGL_src/lv_snapshot.c.obj
LOAD CMakeFiles/OV_watch_01.dir/LVGL_src/lv_img_decoder.c.obj
LOAD CMakeFiles/OV_watch_01.dir/LVGL_src/lv_font_unscii_16.c.obj
LOAD CMakeFiles/OV_watch_01.dir/LVGL_src/lv_spinner.c.obj
LOAD CMakeFiles/OV_watch_01.dir/LVGL_src/lv_font_montserrat_48.c.obj
LOAD CMakeFiles/OV_watch_01.dir/LVGL_src/lv_tileview.c.obj
LOAD CMakeFiles/OV_watch_01.dir/LVGL_src/lv_line.c.obj
LOAD CMakeFiles/OV_watch_01.dir/LVGL_src/lv_keyboard.c.obj
LOAD CMakeFiles/OV_watch_01.dir/LVGL_src/lv_style_gen.c.obj
LOAD CMakeFiles/OV_watch_01.dir/LVGL_src/lv_fs_posix.c.obj
LOAD CMakeFiles/OV_watch_01.dir/LVGL_src/lv_style.c.obj
LOAD CMakeFiles/OV_watch_01.dir/LVGL_src/lv_roller.c.obj
LOAD CMakeFiles/OV_watch_01.dir/LVGL_src/lv_font_montserrat_38.c.obj
LOAD CMakeFiles/OV_watch_01.dir/LVGL_src/lv_font_unscii_8.c.obj
LOAD CMakeFiles/OV_watch_01.dir/LVGL_src/lv_tlsf.c.obj
LOAD CMakeFiles/OV_watch_01.dir/LVGL_src/lv_label.c.obj
LOAD CMakeFiles/OV_watch_01.dir/LVGL_src/lv_obj_pos.c.obj
LOAD CMakeFiles/OV_watch_01.dir/LVGL_src/lv_gpu_nxp_pxp_osa.c.obj
LOAD CMakeFiles/OV_watch_01.dir/LVGL_src/lv_fs_stdio.c.obj
LOAD CMakeFiles/OV_watch_01.dir/LVGL_src/lv_obj_style_gen.c.obj
LOAD CMakeFiles/OV_watch_01.dir/LVGL_src/lv_font_montserrat_40.c.obj
LOAD CMakeFiles/OV_watch_01.dir/LVGL_src/lv_tabview.c.obj
LOAD CMakeFiles/OV_watch_01.dir/Core/APP/Tasks/KeyTask.c.obj
LOAD CMakeFiles/OV_watch_01.dir/Core/APP/Tasks/PageTask.c.obj
LOAD CMakeFiles/OV_watch_01.dir/Core/APP/Tasks/WdogFeedTask.c.obj
LOAD CMakeFiles/OV_watch_01.dir/Core/APP/Tasks/SensorDataTask.c.obj
LOAD CMakeFiles/OV_watch_01.dir/Core/APP/Tasks/DataUpdateTask.c.obj
LOAD CMakeFiles/OV_watch_01.dir/Core/APP/Tasks/TimeUpdateTask.c.obj
LOAD CMakeFiles/OV_watch_01.dir/LVGL/myGUI/generated/setup_scr_about_watch.c.obj
LOAD CMakeFiles/OV_watch_01.dir/LVGL/myGUI/generated/setup_scr_heart.c.obj
LOAD CMakeFiles/OV_watch_01.dir/LVGL/myGUI/generated/setup_scr_game.c.obj
LOAD CMakeFiles/OV_watch_01.dir/LVGL/myGUI/generated/setup_scr_game_2048.c.obj
LOAD CMakeFiles/OV_watch_01.dir/LVGL/myGUI/generated/setup_scr_story.c.obj
LOAD CMakeFiles/OV_watch_01.dir/Core/APP/Tasks/AppState.c.obj
LOAD CMakeFiles/OV_watch_01.dir/Core/APP/Tasks/user_PowerManager.c.obj
LOAD CMakeFiles/OV_watch_01.dir/LVGL/myGUI/generated/setup_scr_chat.c.obj
LOAD CMakeFiles/OV_watch_01.dir/Core/APP/Tasks/BluetoothTask.c.obj
LOAD CMakeFiles/OV_watch_01.dir/LVGL/myGUI/generated/setup_scr_compass.c.obj
LOAD CMakeFiles/OV_watch_01.dir/LVGL/myGUI/generated/setup_scr_time_date.c.obj
LOAD CMakeFiles/OV_watch_01.dir/LVGL/myGUI/generated/setup_scr_secret.c.obj
LOAD CMakeFiles/OV_watch_01.dir/LVGL/myGUI/generated/setup_scr_secret_change.c.obj
LOAD CMakeFiles/OV_watch_01.dir/BSP/MPU6050/eMPL/inv_mpu_dmp_motion_driver.c.obj
LOAD CMakeFiles/OV_watch_01.dir/BSP/TOUCH/CST816.c.obj
LOAD CMakeFiles/OV_watch_01.dir/LVGL/myGUI/custom/custom.c.obj
LOAD CMakeFiles/OV_watch_01.dir/LVGL/myGUI/generated/events_init.c.obj
LOAD CMakeFiles/OV_watch_01.dir/LVGL/myGUI/generated/gui_guider.c.obj
LOAD CMakeFiles/OV_watch_01.dir/LVGL/myGUI/generated/guider_fonts/lv_font_icomoon_18.c.obj
LOAD CMakeFiles/OV_watch_01.dir/LVGL/myGUI/generated/guider_fonts/lv_font_icomoon_24.c.obj
LOAD CMakeFiles/OV_watch_01.dir/LVGL/myGUI/generated/guider_fonts/lv_font_icomoon_32.c.obj
LOAD CMakeFiles/OV_watch_01.dir/LVGL/myGUI/generated/guider_fonts/lv_font_simsun_12.c.obj
LOAD CMakeFiles/OV_watch_01.dir/LVGL/myGUI/generated/guider_fonts/lv_font_simsun_18.c.obj
LOAD CMakeFiles/OV_watch_01.dir/LVGL/myGUI/generated/guider_fonts/lv_font_simsun_24.c.obj
LOAD CMakeFiles/OV_watch_01.dir/LVGL/myGUI/generated/guider_fonts/lv_font_simsun_32.c.obj
LOAD CMakeFiles/OV_watch_01.dir/LVGL/myGUI/generated/guider_fonts/lv_font_simsun_48.c.obj
LOAD CMakeFiles/OV_watch_01.dir/LVGL/myGUI/generated/images/_pic_compass_pointer_alpha_90x150.c.obj
LOAD CMakeFiles/OV_watch_01.dir/LVGL/myGUI/generated/setup_scr_calculator.c.obj
LOAD CMakeFiles/OV_watch_01.dir/LVGL/myGUI/generated/setup_scr_calendar.c.obj
LOAD CMakeFiles/OV_watch_01.dir/LVGL/myGUI/generated/setup_scr_card_bag.c.obj
LOAD CMakeFiles/OV_watch_01.dir/LVGL/myGUI/generated/setup_scr_environment.c.obj
LOAD CMakeFiles/OV_watch_01.dir/LVGL/myGUI/generated/setup_scr_menu2.c.obj
LOAD CMakeFiles/OV_watch_01.dir/LVGL/myGUI/generated/setup_scr_scr1.c.obj
LOAD CMakeFiles/OV_watch_01.dir/LVGL/myGUI/generated/setup_scr_second_chronograph.c.obj
LOAD CMakeFiles/OV_watch_01.dir/LVGL/myGUI/generated/setup_scr_settings.c.obj
LOAD CMakeFiles/OV_watch_01.dir/LVGL/myGUI/generated/widgets_init.c.obj
LOAD CMakeFiles/OV_watch_01.dir/Core/Src/main.c.obj
LOAD CMakeFiles/OV_watch_01.dir/Core/Src/gpio.c.obj
LOAD CMakeFiles/OV_watch_01.dir/Core/Src/freertos.c.obj
LOAD CMakeFiles/OV_watch_01.dir/Core/Src/adc.c.obj
LOAD CMakeFiles/OV_watch_01.dir/Core/Src/dma.c.obj
LOAD CMakeFiles/OV_watch_01.dir/Core/Src/rtc.c.obj
LOAD CMakeFiles/OV_watch_01.dir/Core/Src/spi.c.obj
LOAD CMakeFiles/OV_watch_01.dir/Core/Src/tim.c.obj
LOAD CMakeFiles/OV_watch_01.dir/Core/Src/usart.c.obj
LOAD CMakeFiles/OV_watch_01.dir/Core/Src/stm32f4xx_it.c.obj
LOAD CMakeFiles/OV_watch_01.dir/Core/Src/stm32f4xx_hal_msp.c.obj
LOAD CMakeFiles/OV_watch_01.dir/Core/Src/stm32f4xx_hal_timebase_tim.c.obj
LOAD CMakeFiles/OV_watch_01.dir/Drivers/STM32F4xx_HAL_Driver/Src/stm32f4xx_hal_tim.c.obj
LOAD CMakeFiles/OV_watch_01.dir/Drivers/STM32F4xx_HAL_Driver/Src/stm32f4xx_hal_tim_ex.c.obj
LOAD CMakeFiles/OV_watch_01.dir/Drivers/STM32F4xx_HAL_Driver/Src/stm32f4xx_hal_adc.c.obj
LOAD CMakeFiles/OV_watch_01.dir/Drivers/STM32F4xx_HAL_Driver/Src/stm32f4xx_hal_adc_ex.c.obj
LOAD CMakeFiles/OV_watch_01.dir/Drivers/STM32F4xx_HAL_Driver/Src/stm32f4xx_ll_adc.c.obj
LOAD CMakeFiles/OV_watch_01.dir/Drivers/STM32F4xx_HAL_Driver/Src/stm32f4xx_hal_rcc.c.obj
LOAD CMakeFiles/OV_watch_01.dir/Drivers/STM32F4xx_HAL_Driver/Src/stm32f4xx_hal_rcc_ex.c.obj
LOAD CMakeFiles/OV_watch_01.dir/Drivers/STM32F4xx_HAL_Driver/Src/stm32f4xx_hal_flash.c.obj
LOAD CMakeFiles/OV_watch_01.dir/Drivers/STM32F4xx_HAL_Driver/Src/stm32f4xx_hal_flash_ex.c.obj
LOAD CMakeFiles/OV_watch_01.dir/Drivers/STM32F4xx_HAL_Driver/Src/stm32f4xx_hal_flash_ramfunc.c.obj
LOAD CMakeFiles/OV_watch_01.dir/Drivers/STM32F4xx_HAL_Driver/Src/stm32f4xx_hal_gpio.c.obj
LOAD CMakeFiles/OV_watch_01.dir/Drivers/STM32F4xx_HAL_Driver/Src/stm32f4xx_hal_dma_ex.c.obj
LOAD CMakeFiles/OV_watch_01.dir/Drivers/STM32F4xx_HAL_Driver/Src/stm32f4xx_hal_dma.c.obj
LOAD CMakeFiles/OV_watch_01.dir/Drivers/STM32F4xx_HAL_Driver/Src/stm32f4xx_hal_pwr.c.obj
LOAD CMakeFiles/OV_watch_01.dir/Drivers/STM32F4xx_HAL_Driver/Src/stm32f4xx_hal_pwr_ex.c.obj
LOAD CMakeFiles/OV_watch_01.dir/Drivers/STM32F4xx_HAL_Driver/Src/stm32f4xx_hal_cortex.c.obj
LOAD CMakeFiles/OV_watch_01.dir/Drivers/STM32F4xx_HAL_Driver/Src/stm32f4xx_hal.c.obj
LOAD CMakeFiles/OV_watch_01.dir/Drivers/STM32F4xx_HAL_Driver/Src/stm32f4xx_hal_exti.c.obj
LOAD CMakeFiles/OV_watch_01.dir/Drivers/STM32F4xx_HAL_Driver/Src/stm32f4xx_hal_rtc.c.obj
LOAD CMakeFiles/OV_watch_01.dir/Drivers/STM32F4xx_HAL_Driver/Src/stm32f4xx_hal_rtc_ex.c.obj
LOAD CMakeFiles/OV_watch_01.dir/Drivers/STM32F4xx_HAL_Driver/Src/stm32f4xx_hal_spi.c.obj
LOAD CMakeFiles/OV_watch_01.dir/Drivers/STM32F4xx_HAL_Driver/Src/stm32f4xx_hal_uart.c.obj
LOAD CMakeFiles/OV_watch_01.dir/Core/Src/system_stm32f4xx.c.obj
LOAD CMakeFiles/OV_watch_01.dir/Middlewares/Third_Party/FreeRTOS/Source/croutine.c.obj
LOAD CMakeFiles/OV_watch_01.dir/Middlewares/Third_Party/FreeRTOS/Source/event_groups.c.obj
LOAD CMakeFiles/OV_watch_01.dir/Middlewares/Third_Party/FreeRTOS/Source/list.c.obj
LOAD CMakeFiles/OV_watch_01.dir/Middlewares/Third_Party/FreeRTOS/Source/queue.c.obj
LOAD CMakeFiles/OV_watch_01.dir/Middlewares/Third_Party/FreeRTOS/Source/stream_buffer.c.obj
LOAD CMakeFiles/OV_watch_01.dir/Middlewares/Third_Party/FreeRTOS/Source/tasks.c.obj
LOAD CMakeFiles/OV_watch_01.dir/Middlewares/Third_Party/FreeRTOS/Source/timers.c.obj
LOAD CMakeFiles/OV_watch_01.dir/Middlewares/Third_Party/FreeRTOS/Source/CMSIS_RTOS_V2/cmsis_os2.c.obj
LOAD CMakeFiles/OV_watch_01.dir/Middlewares/Third_Party/FreeRTOS/Source/portable/MemMang/heap_4.c.obj
LOAD CMakeFiles/OV_watch_01.dir/Middlewares/Third_Party/FreeRTOS/Source/portable/GCC/ARM_CM4F/port.c.obj
LOAD CMakeFiles/OV_watch_01.dir/Core/Src/sysmem.c.obj
LOAD CMakeFiles/OV_watch_01.dir/Core/Src/syscalls.c.obj
LOAD CMakeFiles/OV_watch_01.dir/startup_stm32f411xe.s.obj
START GROUP
LOAD D:/STM32CubeCLT/STM32CubeCLT/STM32CubeCLT_1.19.0/GNU-tools-for-STM32/bin/../lib/gcc/arm-none-eabi/13.3.1/thumb/v7e-m+fp/hard\libgcc.a
LOAD D:/STM32CubeCLT/STM32CubeCLT/STM32CubeCLT_1.19.0/GNU-tools-for-STM32/bin/../lib/gcc/arm-none-eabi/13.3.1/../../../../arm-none-eabi/lib/thumb/v7e-m+fp/hard\libg_nano.a
LOAD D:/STM32CubeCLT/STM32CubeCLT/STM32CubeCLT_1.19.0/GNU-tools-for-STM32/bin/../lib/gcc/arm-none-eabi/13.3.1/../../../../arm-none-eabi/lib/thumb/v7e-m+fp/hard\libc_nano.a
END GROUP
START GROUP
LOAD D:/STM32CubeCLT/STM32CubeCLT/STM32CubeCLT_1.19.0/GNU-tools-for-STM32/bin/../lib/gcc/arm-none-eabi/13.3.1/thumb/v7e-m+fp/hard\libgcc.a
LOAD D:/STM32CubeCLT/STM32CubeCLT/STM32CubeCLT_1.19.0/GNU-tools-for-STM32/bin/../lib/gcc/arm-none-eabi/13.3.1/../../../../arm-none-eabi/lib/thumb/v7e-m+fp/hard\libc_nano.a
END GROUP
LOAD D:/STM32CubeCLT/STM32CubeCLT/STM32CubeCLT_1.19.0/GNU-tools-for-STM32/bin/../lib/gcc/arm-none-eabi/13.3.1/thumb/v7e-m+fp/hard/crtend.o
LOAD D:/STM32CubeCLT/STM32CubeCLT/STM32CubeCLT_1.19.0/GNU-tools-for-STM32/bin/../lib/gcc/arm-none-eabi/13.3.1/thumb/v7e-m+fp/hard/crtn.o
                0x20020000                        _estack = (ORIGIN (RAM) + LENGTH (RAM))
                0x00000200                        _Min_Heap_Size = 0x200
                0x00001000                        _Min_Stack_Size = 0x1000

.isr_vector     0x08000000      0x198
                0x08000000                        . = ALIGN (0x4)
 *(.isr_vector)
 .isr_vector    0x08000000      0x198 CMakeFiles/OV_watch_01.dir/startup_stm32f411xe.s.obj
                0x08000000                g_pfnVectors
                0x08000198                        . = ALIGN (0x4)

.text           0x080001a0    0x51b68
                0x080001a0                        . = ALIGN (0x4)
 *(.text)
 .text          0x080001a0       0x40 D:/STM32CubeCLT/STM32CubeCLT/STM32CubeCLT_1.19.0/GNU-tools-for-STM32/bin/../lib/gcc/arm-none-eabi/13.3.1/thumb/v7e-m+fp/hard/crtbegin.o
 .text          0x080001e0      0x378 D:/STM32CubeCLT/STM32CubeCLT/STM32CubeCLT_1.19.0/GNU-tools-for-STM32/bin/../lib/gcc/arm-none-eabi/13.3.1/thumb/v7e-m+fp/hard\libgcc.a(_arm_addsubdf3.o)
                0x080001e0                __aeabi_drsub
                0x080001e8                __aeabi_dsub
                0x080001e8                __subdf3
                0x080001ec                __aeabi_dadd
                0x080001ec                __adddf3
                0x08000464                __floatunsidf
                0x08000464                __aeabi_ui2d
                0x08000484                __floatsidf
                0x08000484                __aeabi_i2d
                0x080004a8                __aeabi_f2d
                0x080004a8                __extendsfdf2
                0x080004ec                __floatundidf
                0x080004ec                __aeabi_ul2d
                0x080004fc                __floatdidf
                0x080004fc                __aeabi_l2d
 .text          0x08000558      0x424 D:/STM32CubeCLT/STM32CubeCLT/STM32CubeCLT_1.19.0/GNU-tools-for-STM32/bin/../lib/gcc/arm-none-eabi/13.3.1/thumb/v7e-m+fp/hard\libgcc.a(_arm_muldivdf3.o)
                0x08000558                __aeabi_dmul
                0x08000558                __muldf3
                0x080007ac                __divdf3
                0x080007ac                __aeabi_ddiv
 .text          0x0800097c       0xa0 D:/STM32CubeCLT/STM32CubeCLT/STM32CubeCLT_1.19.0/GNU-tools-for-STM32/bin/../lib/gcc/arm-none-eabi/13.3.1/thumb/v7e-m+fp/hard\libgcc.a(_arm_truncdfsf2.o)
                0x0800097c                __truncdfsf2
                0x0800097c                __aeabi_d2f
 .text          0x08000a1c       0x30 D:/STM32CubeCLT/STM32CubeCLT/STM32CubeCLT_1.19.0/GNU-tools-for-STM32/bin/../lib/gcc/arm-none-eabi/13.3.1/thumb/v7e-m+fp/hard\libgcc.a(_aeabi_uldivmod.o)
                0x08000a1c                __aeabi_uldivmod
 .text          0x08000a4c      0x2f8 D:/STM32CubeCLT/STM32CubeCLT/STM32CubeCLT_1.19.0/GNU-tools-for-STM32/bin/../lib/gcc/arm-none-eabi/13.3.1/thumb/v7e-m+fp/hard\libgcc.a(_udivmoddi4.o)
                0x08000a4c                __udivmoddi4
 .text          0x08000d44        0x4 D:/STM32CubeCLT/STM32CubeCLT/STM32CubeCLT_1.19.0/GNU-tools-for-STM32/bin/../lib/gcc/arm-none-eabi/13.3.1/thumb/v7e-m+fp/hard\libgcc.a(_dvmd_tls.o)
                0x08000d44                __aeabi_idiv0
                0x08000d44                __aeabi_ldiv0
 .text          0x08000d48       0x14 D:/STM32CubeCLT/STM32CubeCLT/STM32CubeCLT_1.19.0/GNU-tools-for-STM32/bin/../lib/gcc/arm-none-eabi/13.3.1/../../../../arm-none-eabi/lib/thumb/v7e-m+fp/hard\libg_nano.a(libc_a-strcmp.o)
                0x08000d48                strcmp
 .text          0x08000d5c       0x10 D:/STM32CubeCLT/STM32CubeCLT/STM32CubeCLT_1.19.0/GNU-tools-for-STM32/bin/../lib/gcc/arm-none-eabi/13.3.1/../../../../arm-none-eabi/lib/thumb/v7e-m+fp/hard\libg_nano.a(libc_a-strlen.o)
                0x08000d5c                strlen
 *fill*         0x08000d6c        0x4 
 .text          0x08000d70       0xa0 D:/STM32CubeCLT/STM32CubeCLT/STM32CubeCLT_1.19.0/GNU-tools-for-STM32/bin/../lib/gcc/arm-none-eabi/13.3.1/../../../../arm-none-eabi/lib/thumb/v7e-m+fp/hard\libg_nano.a(libc_a-memchr.o)
                0x08000d70                memchr
 *(.text*)
 .text.std      0x08000e10       0x6c D:/STM32CubeCLT/STM32CubeCLT/STM32CubeCLT_1.19.0/GNU-tools-for-STM32/bin/../lib/gcc/arm-none-eabi/13.3.1/../../../../arm-none-eabi/lib/thumb/v7e-m+fp/hard\libc_nano.a(libc_a-findfp.o)
 .text.stdio_exit_handler
                0x08000e7c       0x18 D:/STM32CubeCLT/STM32CubeCLT/STM32CubeCLT_1.19.0/GNU-tools-for-STM32/bin/../lib/gcc/arm-none-eabi/13.3.1/../../../../arm-none-eabi/lib/thumb/v7e-m+fp/hard\libc_nano.a(libc_a-findfp.o)
 .text.cleanup_stdio
                0x08000e94       0x40 D:/STM32CubeCLT/STM32CubeCLT/STM32CubeCLT_1.19.0/GNU-tools-for-STM32/bin/../lib/gcc/arm-none-eabi/13.3.1/../../../../arm-none-eabi/lib/thumb/v7e-m+fp/hard\libc_nano.a(libc_a-findfp.o)
 .text.global_stdio_init.part.0
                0x08000ed4       0x3c D:/STM32CubeCLT/STM32CubeCLT/STM32CubeCLT_1.19.0/GNU-tools-for-STM32/bin/../lib/gcc/arm-none-eabi/13.3.1/../../../../arm-none-eabi/lib/thumb/v7e-m+fp/hard\libc_nano.a(libc_a-findfp.o)
 .text.__sfp_lock_acquire
                0x08000f10        0xc D:/STM32CubeCLT/STM32CubeCLT/STM32CubeCLT_1.19.0/GNU-tools-for-STM32/bin/../lib/gcc/arm-none-eabi/13.3.1/../../../../arm-none-eabi/lib/thumb/v7e-m+fp/hard\libc_nano.a(libc_a-findfp.o)
                0x08000f10                __sfp_lock_acquire
 .text.__sfp_lock_release
                0x08000f1c        0xc D:/STM32CubeCLT/STM32CubeCLT/STM32CubeCLT_1.19.0/GNU-tools-for-STM32/bin/../lib/gcc/arm-none-eabi/13.3.1/../../../../arm-none-eabi/lib/thumb/v7e-m+fp/hard\libc_nano.a(libc_a-findfp.o)
                0x08000f1c                __sfp_lock_release
 .text.__sinit  0x08000f28       0x30 D:/STM32CubeCLT/STM32CubeCLT/STM32CubeCLT_1.19.0/GNU-tools-for-STM32/bin/../lib/gcc/arm-none-eabi/13.3.1/../../../../arm-none-eabi/lib/thumb/v7e-m+fp/hard\libc_nano.a(libc_a-findfp.o)
                0x08000f28                __sinit
 .text._fwalk_sglue
                0x08000f58       0x3c D:/STM32CubeCLT/STM32CubeCLT/STM32CubeCLT_1.19.0/GNU-tools-for-STM32/bin/../lib/gcc/arm-none-eabi/13.3.1/../../../../arm-none-eabi/lib/thumb/v7e-m+fp/hard\libc_nano.a(libc_a-fwalk.o)
                0x08000f58                _fwalk_sglue
 .text.__sread  0x08000f94       0x22 D:/STM32CubeCLT/STM32CubeCLT/STM32CubeCLT_1.19.0/GNU-tools-for-STM32/bin/../lib/gcc/arm-none-eabi/13.3.1/../../../../arm-none-eabi/lib/thumb/v7e-m+fp/hard\libc_nano.a(libc_a-stdio.o)
                0x08000f94                __sread
 .text.__seofread
                0x08000fb6        0x4 D:/STM32CubeCLT/STM32CubeCLT/STM32CubeCLT_1.19.0/GNU-tools-for-STM32/bin/../lib/gcc/arm-none-eabi/13.3.1/../../../../arm-none-eabi/lib/thumb/v7e-m+fp/hard\libc_nano.a(libc_a-stdio.o)
                0x08000fb6                __seofread
 .text.__swrite
                0x08000fba       0x38 D:/STM32CubeCLT/STM32CubeCLT/STM32CubeCLT_1.19.0/GNU-tools-for-STM32/bin/../lib/gcc/arm-none-eabi/13.3.1/../../../../arm-none-eabi/lib/thumb/v7e-m+fp/hard\libc_nano.a(libc_a-stdio.o)
                0x08000fba                __swrite
 .text.__sseek  0x08000ff2       0x24 D:/STM32CubeCLT/STM32CubeCLT/STM32CubeCLT_1.19.0/GNU-tools-for-STM32/bin/../lib/gcc/arm-none-eabi/13.3.1/../../../../arm-none-eabi/lib/thumb/v7e-m+fp/hard\libc_nano.a(libc_a-stdio.o)
                0x08000ff2                __sseek
 .text.__sclose
                0x08001016        0x8 D:/STM32CubeCLT/STM32CubeCLT/STM32CubeCLT_1.19.0/GNU-tools-for-STM32/bin/../lib/gcc/arm-none-eabi/13.3.1/../../../../arm-none-eabi/lib/thumb/v7e-m+fp/hard\libc_nano.a(libc_a-stdio.o)
                0x08001016                __sclose
 .text.memset   0x0800101e       0x10 D:/STM32CubeCLT/STM32CubeCLT/STM32CubeCLT_1.19.0/GNU-tools-for-STM32/bin/../lib/gcc/arm-none-eabi/13.3.1/../../../../arm-none-eabi/lib/thumb/v7e-m+fp/hard\libc_nano.a(libc_a-memset.o)
                0x0800101e                memset
 *fill*         0x0800102e        0x2 
 .text._close_r
                0x08001030       0x20 D:/STM32CubeCLT/STM32CubeCLT/STM32CubeCLT_1.19.0/GNU-tools-for-STM32/bin/../lib/gcc/arm-none-eabi/13.3.1/../../../../arm-none-eabi/lib/thumb/v7e-m+fp/hard\libc_nano.a(libc_a-closer.o)
                0x08001030                _close_r
 .text._lseek_r
                0x08001050       0x24 D:/STM32CubeCLT/STM32CubeCLT/STM32CubeCLT_1.19.0/GNU-tools-for-STM32/bin/../lib/gcc/arm-none-eabi/13.3.1/../../../../arm-none-eabi/lib/thumb/v7e-m+fp/hard\libc_nano.a(libc_a-lseekr.o)
                0x08001050                _lseek_r
 .text._read_r  0x08001074       0x24 D:/STM32CubeCLT/STM32CubeCLT/STM32CubeCLT_1.19.0/GNU-tools-for-STM32/bin/../lib/gcc/arm-none-eabi/13.3.1/../../../../arm-none-eabi/lib/thumb/v7e-m+fp/hard\libc_nano.a(libc_a-readr.o)
                0x08001074                _read_r
 .text._write_r
                0x08001098       0x24 D:/STM32CubeCLT/STM32CubeCLT/STM32CubeCLT_1.19.0/GNU-tools-for-STM32/bin/../lib/gcc/arm-none-eabi/13.3.1/../../../../arm-none-eabi/lib/thumb/v7e-m+fp/hard\libc_nano.a(libc_a-writer.o)
                0x08001098                _write_r
 .text.__libc_init_array
                0x080010bc       0x48 D:/STM32CubeCLT/STM32CubeCLT/STM32CubeCLT_1.19.0/GNU-tools-for-STM32/bin/../lib/gcc/arm-none-eabi/13.3.1/../../../../arm-none-eabi/lib/thumb/v7e-m+fp/hard\libc_nano.a(libc_a-init.o)
                0x080010bc                __libc_init_array
 .text.__retarget_lock_init_recursive
                0x08001104        0x2 D:/STM32CubeCLT/STM32CubeCLT/STM32CubeCLT_1.19.0/GNU-tools-for-STM32/bin/../lib/gcc/arm-none-eabi/13.3.1/../../../../arm-none-eabi/lib/thumb/v7e-m+fp/hard\libc_nano.a(libc_a-lock.o)
                0x08001104                __retarget_lock_init_recursive
 .text.__retarget_lock_acquire_recursive
                0x08001106        0x2 D:/STM32CubeCLT/STM32CubeCLT/STM32CubeCLT_1.19.0/GNU-tools-for-STM32/bin/../lib/gcc/arm-none-eabi/13.3.1/../../../../arm-none-eabi/lib/thumb/v7e-m+fp/hard\libc_nano.a(libc_a-lock.o)
                0x08001106                __retarget_lock_acquire_recursive
 .text.__retarget_lock_release_recursive
                0x08001108        0x2 D:/STM32CubeCLT/STM32CubeCLT/STM32CubeCLT_1.19.0/GNU-tools-for-STM32/bin/../lib/gcc/arm-none-eabi/13.3.1/../../../../arm-none-eabi/lib/thumb/v7e-m+fp/hard\libc_nano.a(libc_a-lock.o)
                0x08001108                __retarget_lock_release_recursive
 *fill*         0x0800110a        0x2 
 .text._free_r  0x0800110c       0x94 D:/STM32CubeCLT/STM32CubeCLT/STM32CubeCLT_1.19.0/GNU-tools-for-STM32/bin/../lib/gcc/arm-none-eabi/13.3.1/../../../../arm-none-eabi/lib/thumb/v7e-m+fp/hard\libc_nano.a(libc_a-freer.o)
                0x0800110c                _free_r
 .text.sbrk_aligned
                0x080011a0       0x44 D:/STM32CubeCLT/STM32CubeCLT/STM32CubeCLT_1.19.0/GNU-tools-for-STM32/bin/../lib/gcc/arm-none-eabi/13.3.1/../../../../arm-none-eabi/lib/thumb/v7e-m+fp/hard\libc_nano.a(libc_a-mallocr.o)
 .text._malloc_r
                0x080011e4      0x100 D:/STM32CubeCLT/STM32CubeCLT/STM32CubeCLT_1.19.0/GNU-tools-for-STM32/bin/../lib/gcc/arm-none-eabi/13.3.1/../../../../arm-none-eabi/lib/thumb/v7e-m+fp/hard\libc_nano.a(libc_a-mallocr.o)
                0x080011e4                _malloc_r
 .text.__malloc_lock
                0x080012e4        0xc D:/STM32CubeCLT/STM32CubeCLT/STM32CubeCLT_1.19.0/GNU-tools-for-STM32/bin/../lib/gcc/arm-none-eabi/13.3.1/../../../../arm-none-eabi/lib/thumb/v7e-m+fp/hard\libc_nano.a(libc_a-mlock.o)
                0x080012e4                __malloc_lock
 .text.__malloc_unlock
                0x080012f0        0xc D:/STM32CubeCLT/STM32CubeCLT/STM32CubeCLT_1.19.0/GNU-tools-for-STM32/bin/../lib/gcc/arm-none-eabi/13.3.1/../../../../arm-none-eabi/lib/thumb/v7e-m+fp/hard\libc_nano.a(libc_a-mlock.o)
                0x080012f0                __malloc_unlock
 .text.__sflush_r
                0x080012fc      0x108 D:/STM32CubeCLT/STM32CubeCLT/STM32CubeCLT_1.19.0/GNU-tools-for-STM32/bin/../lib/gcc/arm-none-eabi/13.3.1/../../../../arm-none-eabi/lib/thumb/v7e-m+fp/hard\libc_nano.a(libc_a-fflush.o)
                0x080012fc                __sflush_r
 .text._fflush_r
                0x08001404       0x50 D:/STM32CubeCLT/STM32CubeCLT/STM32CubeCLT_1.19.0/GNU-tools-for-STM32/bin/../lib/gcc/arm-none-eabi/13.3.1/../../../../arm-none-eabi/lib/thumb/v7e-m+fp/hard\libc_nano.a(libc_a-fflush.o)
                0x08001404                _fflush_r
 .text._sbrk_r  0x08001454       0x20 D:/STM32CubeCLT/STM32CubeCLT/STM32CubeCLT_1.19.0/GNU-tools-for-STM32/bin/../lib/gcc/arm-none-eabi/13.3.1/../../../../arm-none-eabi/lib/thumb/v7e-m+fp/hard\libc_nano.a(libc_a-sbrkr.o)
                0x08001454                _sbrk_r
 .text.delay_init
                0x08001474       0x2c CMakeFiles/OV_watch_01.dir/SYSTEM/delay.c.obj
                0x08001474                delay_init
 .text.delay_us
                0x080014a0       0x38 CMakeFiles/OV_watch_01.dir/SYSTEM/delay.c.obj
                0x080014a0                delay_us
 .text.delay_ms
                0x080014d8       0x48 CMakeFiles/OV_watch_01.dir/SYSTEM/delay.c.obj
                0x080014d8                delay_ms
 .text.LCD_Fill
                0x08001520       0x44 CMakeFiles/OV_watch_01.dir/BSP/LCD/lcd.c.obj
                0x08001520                LCD_Fill
 .text.LCD_Color_Fill
                0x08001564       0x60 CMakeFiles/OV_watch_01.dir/BSP/LCD/lcd.c.obj
                0x08001564                LCD_Color_Fill
 .text.HAL_SPI_TxCpltCallback
                0x080015c4       0x2c CMakeFiles/OV_watch_01.dir/BSP/LCD/lcd.c.obj
                0x080015c4                HAL_SPI_TxCpltCallback
 .text.LCD_ShowChar
                0x080015f0      0x340 CMakeFiles/OV_watch_01.dir/BSP/LCD/lcd.c.obj
                0x080015f0                LCD_ShowChar
 .text.LCD_ShowString
                0x08001930       0x48 CMakeFiles/OV_watch_01.dir/BSP/LCD/lcd.c.obj
                0x08001930                LCD_ShowString
 .text.LCD_WR_DATA
                0x08001978       0x24 CMakeFiles/OV_watch_01.dir/BSP/LCD/lcd_init.c.obj
                0x08001978                LCD_WR_DATA
 .text.LCD_Address_Set
                0x0800199c       0xec CMakeFiles/OV_watch_01.dir/BSP/LCD/lcd_init.c.obj
                0x0800199c                LCD_Address_Set
 .text.LCD_Set_Light
                0x08001a88       0x18 CMakeFiles/OV_watch_01.dir/BSP/LCD/lcd_init.c.obj
                0x08001a88                LCD_Set_Light
 .text.LCD_Close_Light
                0x08001aa0       0x10 CMakeFiles/OV_watch_01.dir/BSP/LCD/lcd_init.c.obj
                0x08001aa0                LCD_Close_Light
 .text.LCD_Init
                0x08001ab0      0x684 CMakeFiles/OV_watch_01.dir/BSP/LCD/lcd_init.c.obj
                0x08001ab0                LCD_Init
 .text.Key_Port_Init
                0x08002134       0x78 CMakeFiles/OV_watch_01.dir/BSP/KEY/key.c.obj
                0x08002134                Key_Port_Init
 .text.Key1_Scan
                0x080021ac       0x40 CMakeFiles/OV_watch_01.dir/BSP/KEY/key.c.obj
                0x080021ac                Key1_Scan
 .text.KT6328_GPIO_Init
                0x080021ec       0x58 CMakeFiles/OV_watch_01.dir/BSP/KT6328/KT6328.c.obj
                0x080021ec                KT6328_GPIO_Init
 .text.KT6328_Enable
                0x08002244       0x10 CMakeFiles/OV_watch_01.dir/BSP/KT6328/KT6328.c.obj
                0x08002244                KT6328_Enable
 .text.WDOG_Port_Init
                0x08002254       0x54 CMakeFiles/OV_watch_01.dir/BSP/OWDG/WDOG.c.obj
                0x08002254                WDOG_Port_Init
 .text.WDOG_Enable
                0x080022a8       0x10 CMakeFiles/OV_watch_01.dir/BSP/OWDG/WDOG.c.obj
                0x080022a8                WDOG_Enable
 .text.WDOG_Disnable
                0x080022b8       0x10 CMakeFiles/OV_watch_01.dir/BSP/OWDG/WDOG.c.obj
                0x080022b8                WDOG_Disnable
 .text.WDOG_Feed
                0x080022c8        0xc CMakeFiles/OV_watch_01.dir/BSP/OWDG/WDOG.c.obj
                0x080022c8                WDOG_Feed
 .text.AHT_Init
                0x080022d4       0xb4 CMakeFiles/OV_watch_01.dir/BSP/AHT21/AHT21.c.obj
                0x080022d4                AHT_Init
 .text.AHT_Read
                0x08002388      0x18c CMakeFiles/OV_watch_01.dir/BSP/AHT21/AHT21.c.obj
                0x08002388                AHT_Read
 .text.IICStart
                0x08002514       0x44 CMakeFiles/OV_watch_01.dir/BSP/IIC/iic_hal.c.obj
                0x08002514                IICStart
 .text.IICStop  0x08002558       0x44 CMakeFiles/OV_watch_01.dir/BSP/IIC/iic_hal.c.obj
                0x08002558                IICStop
 .text.IICWaitAck
                0x0800259c       0xcc CMakeFiles/OV_watch_01.dir/BSP/IIC/iic_hal.c.obj
                0x0800259c                IICWaitAck
 .text.IICSendAck
                0x08002668       0x34 CMakeFiles/OV_watch_01.dir/BSP/IIC/iic_hal.c.obj
                0x08002668                IICSendAck
 .text.IICSendNotAck
                0x0800269c       0x38 CMakeFiles/OV_watch_01.dir/BSP/IIC/iic_hal.c.obj
                0x0800269c                IICSendNotAck
 .text.IICSendByte
                0x080026d4       0x70 CMakeFiles/OV_watch_01.dir/BSP/IIC/iic_hal.c.obj
                0x080026d4                IICSendByte
 .text.IICReceiveByte
                0x08002744       0x84 CMakeFiles/OV_watch_01.dir/BSP/IIC/iic_hal.c.obj
                0x08002744                IICReceiveByte
 .text.IIC_Write_One_Byte
                0x080027c8      0x100 CMakeFiles/OV_watch_01.dir/BSP/IIC/iic_hal.c.obj
                0x080027c8                IIC_Write_One_Byte
 .text.IIC_Read_One_Byte
                0x080028c8      0x128 CMakeFiles/OV_watch_01.dir/BSP/IIC/iic_hal.c.obj
                0x080028c8                IIC_Read_One_Byte
 .text.IIC_Read_Multi_Byte
                0x080029f0      0x1c8 CMakeFiles/OV_watch_01.dir/BSP/IIC/iic_hal.c.obj
                0x080029f0                IIC_Read_Multi_Byte
 .text.IICInit  0x08002bb8       0x30 CMakeFiles/OV_watch_01.dir/BSP/IIC/iic_hal.c.obj
                0x08002bb8                IICInit
 .text.EM7028_hrs_init
                0x08002be8       0x9c CMakeFiles/OV_watch_01.dir/BSP/EM7028/em70x8.c.obj
                0x08002be8                EM7028_hrs_init
 .text.EM7028_hrs_Enable
                0x08002c84       0x44 CMakeFiles/OV_watch_01.dir/BSP/EM7028/em70x8.c.obj
                0x08002c84                EM7028_hrs_Enable
 .text.EM7028_hrs_DisEnable
                0x08002cc8       0x44 CMakeFiles/OV_watch_01.dir/BSP/EM7028/em70x8.c.obj
                0x08002cc8                EM7028_hrs_DisEnable
 .text.EM7028_Get_HRS1
                0x08002d0c       0x28 CMakeFiles/OV_watch_01.dir/BSP/EM7028/em70x8.c.obj
                0x08002d0c                EM7028_Get_HRS1
 .text.Simple_HeartRate
                0x08002d34      0x110 CMakeFiles/OV_watch_01.dir/BSP/EM7028/HrAlgorythm.c.obj
                0x08002d34                Simple_HeartRate
 .text.SPL_init
                0x08002e44      0x224 CMakeFiles/OV_watch_01.dir/BSP/SPL06_001/SPL06_001.c.obj
                0x08002e44                SPL_init
 .text.Pressure_Calculate
                0x08003068      0x124 CMakeFiles/OV_watch_01.dir/BSP/SPL06_001/SPL06_001.c.obj
                0x08003068                Pressure_Calculate
 .text.Altitude_Calculate
                0x0800318c       0x34 CMakeFiles/OV_watch_01.dir/BSP/SPL06_001/SPL06_001.c.obj
                0x0800318c                Altitude_Calculate
 .text.LSM303DLH_Init
                0x080031c0       0xdc CMakeFiles/OV_watch_01.dir/BSP/LSM303DLH/LSM303.c.obj
                0x080031c0                LSM303DLH_Init
 .text.LSM303DLH_Sleep
                0x0800329c       0x24 CMakeFiles/OV_watch_01.dir/BSP/LSM303DLH/LSM303.c.obj
                0x0800329c                LSM303DLH_Sleep
 .text.LSM303_ReadAcceleration
                0x080032c0       0x48 CMakeFiles/OV_watch_01.dir/BSP/LSM303DLH/LSM303.c.obj
                0x080032c0                LSM303_ReadAcceleration
 .text.LSM303_ReadMagnetic
                0x08003308       0x50 CMakeFiles/OV_watch_01.dir/BSP/LSM303DLH/LSM303.c.obj
                0x08003308                LSM303_ReadMagnetic
 .text.Azimuth_Calculate
                0x08003358      0x12c CMakeFiles/OV_watch_01.dir/BSP/LSM303DLH/LSM303.c.obj
                0x08003358                Azimuth_Calculate
 .text.disp_flush
                0x08003484       0x50 CMakeFiles/OV_watch_01.dir/LVGL_porting/lv_port_disp.c.obj
 .text.lv_port_disp_init
                0x080034d4       0x48 CMakeFiles/OV_watch_01.dir/LVGL_porting/lv_port_disp.c.obj
                0x080034d4                lv_port_disp_init
 .text.touchpad_read
                0x0800351c       0x60 CMakeFiles/OV_watch_01.dir/LVGL_porting/lv_port_indev.c.obj
 .text.lv_port_indev_init
                0x0800357c       0x2c CMakeFiles/OV_watch_01.dir/LVGL_porting/lv_port_indev.c.obj
                0x0800357c                lv_port_indev_init
 .text.lv_disp_drv_init
                0x080035a8       0x48 CMakeFiles/OV_watch_01.dir/LVGL_src/lv_hal_disp.c.obj
                0x080035a8                lv_disp_drv_init
 .text.lv_disp_draw_buf_init
                0x080035f0       0x1c CMakeFiles/OV_watch_01.dir/LVGL_src/lv_hal_disp.c.obj
                0x080035f0                lv_disp_draw_buf_init
 .text.lv_disp_drv_register
                0x0800360c      0x140 CMakeFiles/OV_watch_01.dir/LVGL_src/lv_hal_disp.c.obj
                0x0800360c                lv_disp_drv_register
 .text.lv_disp_get_default
                0x0800374c        0xc CMakeFiles/OV_watch_01.dir/LVGL_src/lv_hal_disp.c.obj
                0x0800374c                lv_disp_get_default
 .text.lv_disp_get_hor_res
                0x08003758       0x24 CMakeFiles/OV_watch_01.dir/LVGL_src/lv_hal_disp.c.obj
                0x08003758                lv_disp_get_hor_res
 .text.lv_disp_get_ver_res
                0x0800377c       0x24 CMakeFiles/OV_watch_01.dir/LVGL_src/lv_hal_disp.c.obj
                0x0800377c                lv_disp_get_ver_res
 .text.lv_disp_get_dpi
                0x080037a0       0x1c CMakeFiles/OV_watch_01.dir/LVGL_src/lv_hal_disp.c.obj
                0x080037a0                lv_disp_get_dpi
 .text.lv_disp_flush_ready
                0x080037bc        0xc CMakeFiles/OV_watch_01.dir/LVGL_src/lv_hal_disp.c.obj
                0x080037bc                lv_disp_flush_ready
 .text.lv_disp_get_next
                0x080037c8       0x14 CMakeFiles/OV_watch_01.dir/LVGL_src/lv_hal_disp.c.obj
                0x080037c8                lv_disp_get_next
 .text.lv_disp_get_draw_buf
                0x080037dc        0x8 CMakeFiles/OV_watch_01.dir/LVGL_src/lv_hal_disp.c.obj
                0x080037dc                lv_disp_get_draw_buf
 .text.lv_indev_drv_init
                0x080037e4       0x20 CMakeFiles/OV_watch_01.dir/LVGL_src/lv_hal_indev.c.obj
                0x080037e4                lv_indev_drv_init
 .text.lv_indev_drv_register
                0x08003804       0x4c CMakeFiles/OV_watch_01.dir/LVGL_src/lv_hal_indev.c.obj
                0x08003804                lv_indev_drv_register
 .text.lv_indev_get_next
                0x08003850       0x14 CMakeFiles/OV_watch_01.dir/LVGL_src/lv_hal_indev.c.obj
                0x08003850                lv_indev_get_next
 .text._lv_indev_read
                0x08003864       0x40 CMakeFiles/OV_watch_01.dir/LVGL_src/lv_hal_indev.c.obj
                0x08003864                _lv_indev_read
 .text.lv_anim_path_linear
                0x080038a4       0x2c CMakeFiles/OV_watch_01.dir/LVGL_src/lv_anim.c.obj
                0x080038a4                lv_anim_path_linear
 .text.anim_timer
                0x080038d0      0x1b8 CMakeFiles/OV_watch_01.dir/LVGL_src/lv_anim.c.obj
 .text._lv_anim_core_init
                0x08003a88       0x50 CMakeFiles/OV_watch_01.dir/LVGL_src/lv_anim.c.obj
                0x08003a88                _lv_anim_core_init
 .text.lv_anim_init
                0x08003ad8       0x34 CMakeFiles/OV_watch_01.dir/LVGL_src/lv_anim.c.obj
                0x08003ad8                lv_anim_init
 .text.lv_anim_del
                0x08003b0c      0x15c CMakeFiles/OV_watch_01.dir/LVGL_src/lv_anim.c.obj
                0x08003b0c                lv_anim_del
 .text.lv_anim_start
                0x08003c68       0xac CMakeFiles/OV_watch_01.dir/LVGL_src/lv_anim.c.obj
                0x08003c68                lv_anim_start
 .text.lv_anim_get
                0x08003d14       0x50 CMakeFiles/OV_watch_01.dir/LVGL_src/lv_anim.c.obj
                0x08003d14                lv_anim_get
 .text.lv_anim_speed_to_time
                0x08003d64       0x20 CMakeFiles/OV_watch_01.dir/LVGL_src/lv_anim.c.obj
                0x08003d64                lv_anim_speed_to_time
 .text.lv_anim_path_ease_out
                0x08003d84       0x3c CMakeFiles/OV_watch_01.dir/LVGL_src/lv_anim.c.obj
                0x08003d84                lv_anim_path_ease_out
 .text.lv_anim_path_ease_in_out
                0x08003dc0       0x38 CMakeFiles/OV_watch_01.dir/LVGL_src/lv_anim.c.obj
                0x08003dc0                lv_anim_path_ease_in_out
 .text.lv_anim_path_step
                0x08003df8       0x10 CMakeFiles/OV_watch_01.dir/LVGL_src/lv_anim.c.obj
                0x08003df8                lv_anim_path_step
 .text.get_center
                0x08003e08       0xb4 CMakeFiles/OV_watch_01.dir/LVGL_src/lv_arc.c.obj
 .text.knob_get_extra_size
                0x08003ebc       0xa8 CMakeFiles/OV_watch_01.dir/LVGL_src/lv_arc.c.obj
 .text.lv_arc_constructor
                0x08003f64       0x6c CMakeFiles/OV_watch_01.dir/LVGL_src/lv_arc.c.obj
 .text.inv_arc_area
                0x08003fd0       0xb0 CMakeFiles/OV_watch_01.dir/LVGL_src/lv_arc.c.obj
 .text.get_knob_area
                0x08004080      0x134 CMakeFiles/OV_watch_01.dir/LVGL_src/lv_arc.c.obj
 .text.lv_arc_create
                0x080041b4       0x18 CMakeFiles/OV_watch_01.dir/LVGL_src/lv_arc.c.obj
                0x080041b4                lv_arc_create
 .text.lv_arc_set_start_angle
                0x080041cc       0xec CMakeFiles/OV_watch_01.dir/LVGL_src/lv_arc.c.obj
                0x080041cc                lv_arc_set_start_angle
 .text.lv_arc_set_end_angle
                0x080042b8       0xec CMakeFiles/OV_watch_01.dir/LVGL_src/lv_arc.c.obj
                0x080042b8                lv_arc_set_end_angle
 .text.value_update
                0x080043a4       0xf0 CMakeFiles/OV_watch_01.dir/LVGL_src/lv_arc.c.obj
 .text.lv_arc_event
                0x08004494      0x7e4 CMakeFiles/OV_watch_01.dir/LVGL_src/lv_arc.c.obj
 .text.lv_arc_set_bg_angles
                0x08004c78      0x118 CMakeFiles/OV_watch_01.dir/LVGL_src/lv_arc.c.obj
                0x08004c78                lv_arc_set_bg_angles
 .text.lv_arc_set_rotation
                0x08004d90        0x8 CMakeFiles/OV_watch_01.dir/LVGL_src/lv_arc.c.obj
                0x08004d90                lv_arc_set_rotation
 .text.lv_arc_set_mode
                0x08004d98       0x9c CMakeFiles/OV_watch_01.dir/LVGL_src/lv_arc.c.obj
                0x08004d98                lv_arc_set_mode
 .text.lv_arc_set_value
                0x08004e34       0xf8 CMakeFiles/OV_watch_01.dir/LVGL_src/lv_arc.c.obj
                0x08004e34                lv_arc_set_value
 .text.lv_arc_set_range
                0x08004f2c      0x100 CMakeFiles/OV_watch_01.dir/LVGL_src/lv_arc.c.obj
                0x08004f2c                lv_arc_set_range
 .text.lv_area_set
                0x0800502c       0x28 CMakeFiles/OV_watch_01.dir/LVGL_src/lv_area.c.obj
                0x0800502c                lv_area_set
 .text.lv_area_set_width
                0x08005054        0xc CMakeFiles/OV_watch_01.dir/LVGL_src/lv_area.c.obj
                0x08005054                lv_area_set_width
 .text.lv_area_set_height
                0x08005060        0xc CMakeFiles/OV_watch_01.dir/LVGL_src/lv_area.c.obj
                0x08005060                lv_area_set_height
 .text.lv_area_get_size
                0x0800506c       0x20 CMakeFiles/OV_watch_01.dir/LVGL_src/lv_area.c.obj
                0x0800506c                lv_area_get_size
 .text.lv_area_increase
                0x0800508c       0x3c CMakeFiles/OV_watch_01.dir/LVGL_src/lv_area.c.obj
                0x0800508c                lv_area_increase
 .text.lv_area_move
                0x080050c8       0x38 CMakeFiles/OV_watch_01.dir/LVGL_src/lv_area.c.obj
                0x080050c8                lv_area_move
 .text._lv_area_intersect
                0x08005100       0x68 CMakeFiles/OV_watch_01.dir/LVGL_src/lv_area.c.obj
                0x08005100                _lv_area_intersect
 .text._lv_area_diff
                0x08005168      0x1ac CMakeFiles/OV_watch_01.dir/LVGL_src/lv_area.c.obj
                0x08005168                _lv_area_diff
 .text._lv_area_join
                0x08005314       0x58 CMakeFiles/OV_watch_01.dir/LVGL_src/lv_area.c.obj
                0x08005314                _lv_area_join
 .text._lv_area_is_point_on
                0x0800536c      0x1c8 CMakeFiles/OV_watch_01.dir/LVGL_src/lv_area.c.obj
                0x0800536c                _lv_area_is_point_on
 .text._lv_area_is_on
                0x08005534       0x3c CMakeFiles/OV_watch_01.dir/LVGL_src/lv_area.c.obj
                0x08005534                _lv_area_is_on
 .text._lv_area_is_in
                0x08005570       0x94 CMakeFiles/OV_watch_01.dir/LVGL_src/lv_area.c.obj
                0x08005570                _lv_area_is_in
 .text._lv_area_is_out
                0x08005604       0x9c CMakeFiles/OV_watch_01.dir/LVGL_src/lv_area.c.obj
                0x08005604                _lv_area_is_out
 .text.lv_point_transform
                0x080056a0      0x164 CMakeFiles/OV_watch_01.dir/LVGL_src/lv_area.c.obj
                0x080056a0                lv_point_transform
 .text.lv_async_timer_cb
                0x08005804       0x14 CMakeFiles/OV_watch_01.dir/LVGL_src/lv_async.c.obj
 .text.lv_async_call
                0x08005818       0x38 CMakeFiles/OV_watch_01.dir/LVGL_src/lv_async.c.obj
                0x08005818                lv_async_call
 .text.lv_mem_init
                0x08005850       0x1c CMakeFiles/OV_watch_01.dir/LVGL_src/lv_mem.c.obj
                0x08005850                lv_mem_init
 .text.lv_mem_alloc
                0x0800586c       0x3c CMakeFiles/OV_watch_01.dir/LVGL_src/lv_mem.c.obj
                0x0800586c                lv_mem_alloc
 .text.lv_mem_free
                0x080058a8       0x30 CMakeFiles/OV_watch_01.dir/LVGL_src/lv_mem.c.obj
                0x080058a8                lv_mem_free
 .text.lv_mem_realloc
                0x080058d8       0x74 CMakeFiles/OV_watch_01.dir/LVGL_src/lv_mem.c.obj
                0x080058d8                lv_mem_realloc
 .text.lv_mem_buf_get
                0x0800594c      0x144 CMakeFiles/OV_watch_01.dir/LVGL_src/lv_mem.c.obj
                0x0800594c                lv_mem_buf_get
 .text.lv_mem_buf_release
                0x08005a90       0xb4 CMakeFiles/OV_watch_01.dir/LVGL_src/lv_mem.c.obj
                0x08005a90                lv_mem_buf_release
 .text.lv_mem_buf_free_all
                0x08005b44       0x6c CMakeFiles/OV_watch_01.dir/LVGL_src/lv_mem.c.obj
                0x08005b44                lv_mem_buf_free_all
 .text.lv_memcpy
                0x08005bb0      0x484 CMakeFiles/OV_watch_01.dir/LVGL_src/lv_mem.c.obj
                0x08005bb0                lv_memcpy
 .text.lv_memset
                0x08006034       0xfc CMakeFiles/OV_watch_01.dir/LVGL_src/lv_mem.c.obj
                0x08006034                lv_memset
 .text.lv_memset_00
                0x08006130       0xb0 CMakeFiles/OV_watch_01.dir/LVGL_src/lv_mem.c.obj
                0x08006130                lv_memset_00
 .text.lv_memset_ff
                0x080061e0       0xb4 CMakeFiles/OV_watch_01.dir/LVGL_src/lv_mem.c.obj
                0x080061e0                lv_memset_ff
 .text.lv_area_get_width
                0x08006294        0xc CMakeFiles/OV_watch_01.dir/LVGL_src/lv_bar.c.obj
 .text.lv_area_get_height
                0x080062a0        0xc CMakeFiles/OV_watch_01.dir/LVGL_src/lv_bar.c.obj
 .text.draw_indic
                0x080062ac      0x5bc CMakeFiles/OV_watch_01.dir/LVGL_src/lv_bar.c.obj
 .text.lv_bar_destructor
                0x08006868       0x1c CMakeFiles/OV_watch_01.dir/LVGL_src/lv_bar.c.obj
 .text.lv_bar_anim_ready
                0x08006884       0x2c CMakeFiles/OV_watch_01.dir/LVGL_src/lv_bar.c.obj
 .text.lv_bar_anim
                0x080068b0        0xc CMakeFiles/OV_watch_01.dir/LVGL_src/lv_bar.c.obj
 .text.lv_bar_event
                0x080068bc      0x118 CMakeFiles/OV_watch_01.dir/LVGL_src/lv_bar.c.obj
 .text.lv_bar_constructor
                0x080069d4       0x7c CMakeFiles/OV_watch_01.dir/LVGL_src/lv_bar.c.obj
 .text.lv_bar_create
                0x08006a50       0x18 CMakeFiles/OV_watch_01.dir/LVGL_src/lv_bar.c.obj
                0x08006a50                lv_bar_create
 .text.lv_bar_set_value
                0x08006a68       0xa0 CMakeFiles/OV_watch_01.dir/LVGL_src/lv_bar.c.obj
                0x08006a68                lv_bar_set_value
 .text.lv_bar_set_start_value
                0x08006b08       0xac CMakeFiles/OV_watch_01.dir/LVGL_src/lv_bar.c.obj
                0x08006b08                lv_bar_set_start_value
 .text.lv_bar_set_range
                0x08006bb4       0x34 CMakeFiles/OV_watch_01.dir/LVGL_src/lv_bar.c.obj
                0x08006bb4                lv_bar_set_range
 .text.lv_bar_set_mode
                0x08006be8       0x1c CMakeFiles/OV_watch_01.dir/LVGL_src/lv_bar.c.obj
                0x08006be8                lv_bar_set_mode
 .text.lv_bar_get_value
                0x08006c04        0xc CMakeFiles/OV_watch_01.dir/LVGL_src/lv_bar.c.obj
                0x08006c04                lv_bar_get_value
 .text.lv_bar_get_start_value
                0x08006c10       0x1c CMakeFiles/OV_watch_01.dir/LVGL_src/lv_bar.c.obj
                0x08006c10                lv_bar_get_start_value
 .text.lv_bar_get_mode
                0x08006c2c        0xc CMakeFiles/OV_watch_01.dir/LVGL_src/lv_bar.c.obj
                0x08006c2c                lv_bar_get_mode
 .text.lv_btn_constructor
                0x08006c38       0x1c CMakeFiles/OV_watch_01.dir/LVGL_src/lv_btn.c.obj
 .text.lv_btn_create
                0x08006c54       0x18 CMakeFiles/OV_watch_01.dir/LVGL_src/lv_btn.c.obj
                0x08006c54                lv_btn_create
 .text.get_button_from_point
                0x08006c6c      0x1d8 CMakeFiles/OV_watch_01.dir/LVGL_src/lv_btnmatrix.c.obj
 .text.draw_main
                0x08006e44      0x428 CMakeFiles/OV_watch_01.dir/LVGL_src/lv_btnmatrix.c.obj
 .text.lv_btnmatrix_destructor
                0x0800726c       0x18 CMakeFiles/OV_watch_01.dir/LVGL_src/lv_btnmatrix.c.obj
 .text.invalidate_button_area.part.0
                0x08007284       0xd0 CMakeFiles/OV_watch_01.dir/LVGL_src/lv_btnmatrix.c.obj
 .text.lv_btnmatrix_set_map.part.0
                0x08007354      0x328 CMakeFiles/OV_watch_01.dir/LVGL_src/lv_btnmatrix.c.obj
 .text.lv_btnmatrix_constructor
                0x0800767c       0x2c CMakeFiles/OV_watch_01.dir/LVGL_src/lv_btnmatrix.c.obj
 .text.lv_btnmatrix_event
                0x080076a8      0x718 CMakeFiles/OV_watch_01.dir/LVGL_src/lv_btnmatrix.c.obj
 .text.lv_btnmatrix_create
                0x08007dc0       0x18 CMakeFiles/OV_watch_01.dir/LVGL_src/lv_btnmatrix.c.obj
                0x08007dc0                lv_btnmatrix_create
 .text.lv_btnmatrix_set_map
                0x08007dd8        0x8 CMakeFiles/OV_watch_01.dir/LVGL_src/lv_btnmatrix.c.obj
                0x08007dd8                lv_btnmatrix_set_map
 .text.lv_btnmatrix_set_ctrl_map
                0x08007de0       0x20 CMakeFiles/OV_watch_01.dir/LVGL_src/lv_btnmatrix.c.obj
                0x08007de0                lv_btnmatrix_set_ctrl_map
 .text.lv_btnmatrix_set_selected_btn
                0x08007e00       0x50 CMakeFiles/OV_watch_01.dir/LVGL_src/lv_btnmatrix.c.obj
                0x08007e00                lv_btnmatrix_set_selected_btn
 .text.lv_btnmatrix_set_btn_ctrl
                0x08007e50       0xb4 CMakeFiles/OV_watch_01.dir/LVGL_src/lv_btnmatrix.c.obj
                0x08007e50                lv_btnmatrix_set_btn_ctrl
 .text.lv_btnmatrix_set_btn_ctrl_all
                0x08007f04       0xf4 CMakeFiles/OV_watch_01.dir/LVGL_src/lv_btnmatrix.c.obj
                0x08007f04                lv_btnmatrix_set_btn_ctrl_all
 .text.lv_btnmatrix_clear_btn_ctrl_all
                0x08007ff8       0xf4 CMakeFiles/OV_watch_01.dir/LVGL_src/lv_btnmatrix.c.obj
                0x08007ff8                lv_btnmatrix_clear_btn_ctrl_all
 .text.lv_btnmatrix_set_one_checked
                0x080080ec       0xbc CMakeFiles/OV_watch_01.dir/LVGL_src/lv_btnmatrix.c.obj
                0x080080ec                lv_btnmatrix_set_one_checked
 .text.lv_btnmatrix_get_selected_btn
                0x080081a8        0x4 CMakeFiles/OV_watch_01.dir/LVGL_src/lv_btnmatrix.c.obj
                0x080081a8                lv_btnmatrix_get_selected_btn
 .text.lv_btnmatrix_get_btn_text
                0x080081ac       0x60 CMakeFiles/OV_watch_01.dir/LVGL_src/lv_btnmatrix.c.obj
                0x080081ac                lv_btnmatrix_get_btn_text
 .text.lv_btnmatrix_has_btn_ctrl
                0x0800820c       0x1c CMakeFiles/OV_watch_01.dir/LVGL_src/lv_btnmatrix.c.obj
                0x0800820c                lv_btnmatrix_has_btn_ctrl
 .text.draw_part_begin_event_cb
                0x08008228       0xb0 CMakeFiles/OV_watch_01.dir/LVGL_src/lv_calendar.c.obj
 .text.highlight_update
                0x080082d8       0xe4 CMakeFiles/OV_watch_01.dir/LVGL_src/lv_calendar.c.obj
 .text.lv_calendar_create
                0x080083bc       0x18 CMakeFiles/OV_watch_01.dir/LVGL_src/lv_calendar.c.obj
                0x080083bc                lv_calendar_create
 .text.lv_calendar_set_today_date
                0x080083d4       0xec CMakeFiles/OV_watch_01.dir/LVGL_src/lv_calendar.c.obj
                0x080083d4                lv_calendar_set_today_date
 .text.lv_calendar_set_highlighted_dates
                0x080084c0       0xec CMakeFiles/OV_watch_01.dir/LVGL_src/lv_calendar.c.obj
                0x080084c0                lv_calendar_set_highlighted_dates
 .text.lv_calendar_set_showed_date
                0x080085ac      0x2b4 CMakeFiles/OV_watch_01.dir/LVGL_src/lv_calendar.c.obj
                0x080085ac                lv_calendar_set_showed_date
 .text.lv_calendar_constructor
                0x08008860      0x100 CMakeFiles/OV_watch_01.dir/LVGL_src/lv_calendar.c.obj
 .text.lv_calendar_get_btnmatrix
                0x08008960        0x4 CMakeFiles/OV_watch_01.dir/LVGL_src/lv_calendar.c.obj
                0x08008960                lv_calendar_get_btnmatrix
 .text.lv_calendar_get_showed_date
                0x08008964        0x4 CMakeFiles/OV_watch_01.dir/LVGL_src/lv_calendar.c.obj
                0x08008964                lv_calendar_get_showed_date
 .text.lv_calendar_get_pressed_date
                0x08008968       0x58 CMakeFiles/OV_watch_01.dir/LVGL_src/lv_calendar.c.obj
                0x08008968                lv_calendar_get_pressed_date
 .text.my_constructor
                0x080089c0       0xe0 CMakeFiles/OV_watch_01.dir/LVGL_src/lv_calendar_header_arrow.c.obj
 .text.value_changed_event_cb
                0x08008aa0       0x3c CMakeFiles/OV_watch_01.dir/LVGL_src/lv_calendar_header_arrow.c.obj
 .text.month_event_cb
                0x08008adc       0x80 CMakeFiles/OV_watch_01.dir/LVGL_src/lv_calendar_header_arrow.c.obj
 .text.lv_calendar_header_arrow_create
                0x08008b5c       0x18 CMakeFiles/OV_watch_01.dir/LVGL_src/lv_calendar_header_arrow.c.obj
                0x08008b5c                lv_calendar_header_arrow_create
 .text.draw_y_ticks
                0x08008b74      0x460 CMakeFiles/OV_watch_01.dir/LVGL_src/lv_chart.c.obj
 .text.draw_x_ticks
                0x08008fd4      0x4f8 CMakeFiles/OV_watch_01.dir/LVGL_src/lv_chart.c.obj
 .text.lv_chart_destructor
                0x080094cc       0x7c CMakeFiles/OV_watch_01.dir/LVGL_src/lv_chart.c.obj
 .text.lv_chart_constructor
                0x08009548       0x50 CMakeFiles/OV_watch_01.dir/LVGL_src/lv_chart.c.obj
 .text.invalidate_point.part.0
                0x08009598      0x180 CMakeFiles/OV_watch_01.dir/LVGL_src/lv_chart.c.obj
 .text.lv_chart_get_point_pos_by_id
                0x08009718      0x224 CMakeFiles/OV_watch_01.dir/LVGL_src/lv_chart.c.obj
                0x08009718                lv_chart_get_point_pos_by_id
 .text.lv_chart_event
                0x0800993c     0x17f0 CMakeFiles/OV_watch_01.dir/LVGL_src/lv_chart.c.obj
 .text.my_constructor
                0x0800b12c       0x90 CMakeFiles/OV_watch_01.dir/LVGL_src/lv_calendar_header_dropdown.c.obj
 .text.value_changed_event_cb
                0x0800b1bc       0x74 CMakeFiles/OV_watch_01.dir/LVGL_src/lv_calendar_header_dropdown.c.obj
 .text.month_event_cb
                0x0800b230       0x30 CMakeFiles/OV_watch_01.dir/LVGL_src/lv_calendar_header_dropdown.c.obj
 .text.year_event_cb
                0x0800b260       0x70 CMakeFiles/OV_watch_01.dir/LVGL_src/lv_calendar_header_dropdown.c.obj
 .text.lv_checkbox_constructor
                0x0800b2d0       0x38 CMakeFiles/OV_watch_01.dir/LVGL_src/lv_checkbox.c.obj
 .text.lv_checkbox_event
                0x0800b308      0x2f4 CMakeFiles/OV_watch_01.dir/LVGL_src/lv_checkbox.c.obj
 .text.lv_checkbox_destructor
                0x0800b5fc       0x1c CMakeFiles/OV_watch_01.dir/LVGL_src/lv_checkbox.c.obj
 .text.lv_color_fill
                0x0800b618       0xb0 CMakeFiles/OV_watch_01.dir/LVGL_src/lv_color.c.obj
                0x0800b618                lv_color_fill
 .text.lv_color_darken
                0x0800b6c8       0x24 CMakeFiles/OV_watch_01.dir/LVGL_src/lv_color.c.obj
                0x0800b6c8                lv_color_darken
 .text.lv_color_hsv_to_rgb
                0x0800b6ec       0xf0 CMakeFiles/OV_watch_01.dir/LVGL_src/lv_color.c.obj
                0x0800b6ec                lv_color_hsv_to_rgb
 .text.lv_palette_main
                0x0800b7dc       0x14 CMakeFiles/OV_watch_01.dir/LVGL_src/lv_color.c.obj
                0x0800b7dc                lv_palette_main
 .text.lv_palette_lighten
                0x0800b7f0       0x24 CMakeFiles/OV_watch_01.dir/LVGL_src/lv_color.c.obj
                0x0800b7f0                lv_palette_lighten
 .text.lv_palette_darken
                0x0800b814       0x24 CMakeFiles/OV_watch_01.dir/LVGL_src/lv_color.c.obj
                0x0800b814                lv_palette_darken
 .text.get_knob_area
                0x0800b838       0x98 CMakeFiles/OV_watch_01.dir/LVGL_src/lv_colorwheel.c.obj
 .text.refr_knob_pos
                0x0800b8d0       0xac CMakeFiles/OV_watch_01.dir/LVGL_src/lv_colorwheel.c.obj
 .text.lv_colorwheel_constructor
                0x0800b97c       0x50 CMakeFiles/OV_watch_01.dir/LVGL_src/lv_colorwheel.c.obj
 .text.lv_colorwheel_event
                0x0800b9cc      0xce4 CMakeFiles/OV_watch_01.dir/LVGL_src/lv_colorwheel.c.obj
 .text.opa_scale_anim
                0x0800c6b0        0x8 CMakeFiles/OV_watch_01.dir/LVGL_src/lv_disp.c.obj
 .text.set_y_anim
                0x0800c6b8        0x8 CMakeFiles/OV_watch_01.dir/LVGL_src/lv_disp.c.obj
 .text.set_x_anim
                0x0800c6c0        0x8 CMakeFiles/OV_watch_01.dir/LVGL_src/lv_disp.c.obj
 .text.scr_anim_ready
                0x0800c6c8       0x58 CMakeFiles/OV_watch_01.dir/LVGL_src/lv_disp.c.obj
 .text.scr_load_internal
                0x0800c720       0x54 CMakeFiles/OV_watch_01.dir/LVGL_src/lv_disp.c.obj
 .text.scr_load_anim_start
                0x0800c774       0x34 CMakeFiles/OV_watch_01.dir/LVGL_src/lv_disp.c.obj
 .text.lv_disp_get_scr_act
                0x0800c7a8       0x14 CMakeFiles/OV_watch_01.dir/LVGL_src/lv_disp.c.obj
                0x0800c7a8                lv_disp_get_scr_act
 .text.lv_disp_get_scr_prev
                0x0800c7bc       0x14 CMakeFiles/OV_watch_01.dir/LVGL_src/lv_disp.c.obj
                0x0800c7bc                lv_disp_get_scr_prev
 .text.lv_disp_get_layer_top
                0x0800c7d0       0x14 CMakeFiles/OV_watch_01.dir/LVGL_src/lv_disp.c.obj
                0x0800c7d0                lv_disp_get_layer_top
 .text.lv_disp_get_layer_sys
                0x0800c7e4       0x14 CMakeFiles/OV_watch_01.dir/LVGL_src/lv_disp.c.obj
                0x0800c7e4                lv_disp_get_layer_sys
 .text.lv_disp_get_theme
                0x0800c7f8       0x10 CMakeFiles/OV_watch_01.dir/LVGL_src/lv_disp.c.obj
                0x0800c7f8                lv_disp_get_theme
 .text.lv_scr_load_anim
                0x0800c808      0x2e4 CMakeFiles/OV_watch_01.dir/LVGL_src/lv_disp.c.obj
                0x0800c808                lv_scr_load_anim
 .text.lv_disp_load_scr
                0x0800caec       0x18 CMakeFiles/OV_watch_01.dir/LVGL_src/lv_disp.c.obj
                0x0800caec                lv_disp_load_scr
 .text.lv_disp_is_invalidation_enabled
                0x0800cb04       0x1c CMakeFiles/OV_watch_01.dir/LVGL_src/lv_disp.c.obj
                0x0800cb04                lv_disp_is_invalidation_enabled
 .text.lv_draw_init
                0x0800cb20        0x4 CMakeFiles/OV_watch_01.dir/LVGL_src/lv_draw.c.obj
                0x0800cb20                lv_draw_init
 .text.lv_draw_wait_for_finish
                0x0800cb24        0x8 CMakeFiles/OV_watch_01.dir/LVGL_src/lv_draw.c.obj
                0x0800cb24                lv_draw_wait_for_finish
 .text.lv_draw_arc_dsc_init
                0x0800cb2c       0x18 CMakeFiles/OV_watch_01.dir/LVGL_src/lv_draw_arc.c.obj
                0x0800cb2c                lv_draw_arc_dsc_init
 .text.lv_draw_arc
                0x0800cb44       0x2c CMakeFiles/OV_watch_01.dir/LVGL_src/lv_draw_arc.c.obj
                0x0800cb44                lv_draw_arc
 .text.lv_draw_arc_get_area
                0x0800cb70      0x4c4 CMakeFiles/OV_watch_01.dir/LVGL_src/lv_draw_arc.c.obj
                0x0800cb70                lv_draw_arc_get_area
 .text.lv_draw_img_dsc_init
                0x0800d034       0x24 CMakeFiles/OV_watch_01.dir/LVGL_src/lv_draw_img.c.obj
                0x0800d034                lv_draw_img_dsc_init
 .text.lv_draw_img
                0x0800d058      0x304 CMakeFiles/OV_watch_01.dir/LVGL_src/lv_draw_img.c.obj
                0x0800d058                lv_draw_img
 .text.lv_img_cf_get_px_size
                0x0800d35c       0x14 CMakeFiles/OV_watch_01.dir/LVGL_src/lv_draw_img.c.obj
                0x0800d35c                lv_img_cf_get_px_size
 .text.lv_img_src_get_type
                0x0800d370       0x1c CMakeFiles/OV_watch_01.dir/LVGL_src/lv_draw_img.c.obj
                0x0800d370                lv_img_src_get_type
 .text.lv_draw_label_dsc_init
                0x0800d38c       0x30 CMakeFiles/OV_watch_01.dir/LVGL_src/lv_draw_label.c.obj
                0x0800d38c                lv_draw_label_dsc_init
 .text.lv_draw_label
                0x0800d3bc      0xa88 CMakeFiles/OV_watch_01.dir/LVGL_src/lv_draw_label.c.obj
                0x0800d3bc                lv_draw_label
 .text.lv_draw_letter
                0x0800de44        0xc CMakeFiles/OV_watch_01.dir/LVGL_src/lv_draw_label.c.obj
                0x0800de44                lv_draw_letter
 .text.lv_draw_layer_create
                0x0800de50       0x64 CMakeFiles/OV_watch_01.dir/LVGL_src/lv_draw_layer.c.obj
                0x0800de50                lv_draw_layer_create
 .text.lv_draw_layer_adjust
                0x0800deb4        0x8 CMakeFiles/OV_watch_01.dir/LVGL_src/lv_draw_layer.c.obj
                0x0800deb4                lv_draw_layer_adjust
 .text.lv_draw_layer_blend
                0x0800debc        0x8 CMakeFiles/OV_watch_01.dir/LVGL_src/lv_draw_layer.c.obj
                0x0800debc                lv_draw_layer_blend
 .text.lv_draw_layer_destroy
                0x0800dec4       0x3c CMakeFiles/OV_watch_01.dir/LVGL_src/lv_draw_layer.c.obj
                0x0800dec4                lv_draw_layer_destroy
 .text.lv_draw_line_dsc_init
                0x0800df00       0x18 CMakeFiles/OV_watch_01.dir/LVGL_src/lv_draw_line.c.obj
                0x0800df00                lv_draw_line_dsc_init
 .text.lv_draw_line
                0x0800df18       0x1c CMakeFiles/OV_watch_01.dir/LVGL_src/lv_draw_line.c.obj
                0x0800df18                lv_draw_line
 .text.lv_draw_mask_radius
                0x0800df34      0x36c CMakeFiles/OV_watch_01.dir/LVGL_src/lv_draw_mask.c.obj
 .text.lv_draw_mask_line
                0x0800e2a0      0x56c CMakeFiles/OV_watch_01.dir/LVGL_src/lv_draw_mask.c.obj
 .text.lv_draw_mask_angle
                0x0800e80c      0x394 CMakeFiles/OV_watch_01.dir/LVGL_src/lv_draw_mask.c.obj
 .text.lv_draw_mask_add
                0x0800eba0       0xb4 CMakeFiles/OV_watch_01.dir/LVGL_src/lv_draw_mask.c.obj
                0x0800eba0                lv_draw_mask_add
 .text.lv_draw_mask_apply
                0x0800ec54       0x50 CMakeFiles/OV_watch_01.dir/LVGL_src/lv_draw_mask.c.obj
                0x0800ec54                lv_draw_mask_apply
 .text.lv_draw_mask_remove_id
                0x0800eca4       0x24 CMakeFiles/OV_watch_01.dir/LVGL_src/lv_draw_mask.c.obj
                0x0800eca4                lv_draw_mask_remove_id
 .text.lv_draw_mask_remove_custom
                0x0800ecc8      0x148 CMakeFiles/OV_watch_01.dir/LVGL_src/lv_draw_mask.c.obj
                0x0800ecc8                lv_draw_mask_remove_custom
 .text.lv_draw_mask_free_param
                0x0800ee10       0x40 CMakeFiles/OV_watch_01.dir/LVGL_src/lv_draw_mask.c.obj
                0x0800ee10                lv_draw_mask_free_param
 .text._lv_draw_mask_cleanup
                0x0800ee50       0x38 CMakeFiles/OV_watch_01.dir/LVGL_src/lv_draw_mask.c.obj
                0x0800ee50                _lv_draw_mask_cleanup
 .text.lv_draw_mask_is_any
                0x0800ee88       0x5c CMakeFiles/OV_watch_01.dir/LVGL_src/lv_draw_mask.c.obj
                0x0800ee88                lv_draw_mask_is_any
 .text.lv_draw_mask_line_points_init
                0x0800eee4      0x154 CMakeFiles/OV_watch_01.dir/LVGL_src/lv_draw_mask.c.obj
                0x0800eee4                lv_draw_mask_line_points_init
 .text.lv_draw_mask_angle_init
                0x0800f038      0x270 CMakeFiles/OV_watch_01.dir/LVGL_src/lv_draw_mask.c.obj
                0x0800f038                lv_draw_mask_angle_init
 .text.lv_draw_mask_radius_init
                0x0800f2a8      0x5dc CMakeFiles/OV_watch_01.dir/LVGL_src/lv_draw_mask.c.obj
                0x0800f2a8                lv_draw_mask_radius_init
 .text.lv_draw_rect_dsc_init
                0x0800f884       0x50 CMakeFiles/OV_watch_01.dir/LVGL_src/lv_draw_rect.c.obj
                0x0800f884                lv_draw_rect_dsc_init
 .text.lv_draw_rect
                0x0800f8d4       0x30 CMakeFiles/OV_watch_01.dir/LVGL_src/lv_draw_rect.c.obj
                0x0800f8d4                lv_draw_rect
 .text.color_blend_true_color_additive
                0x0800f904       0x98 CMakeFiles/OV_watch_01.dir/LVGL_src/lv_draw_sw_blend.c.obj
 .text.color_blend_true_color_subtractive
                0x0800f99c       0x94 CMakeFiles/OV_watch_01.dir/LVGL_src/lv_draw_sw_blend.c.obj
 .text.color_blend_true_color_multiply
                0x0800fa30       0x88 CMakeFiles/OV_watch_01.dir/LVGL_src/lv_draw_sw_blend.c.obj
 .text.lv_draw_sw_blend
                0x0800fab8       0x30 CMakeFiles/OV_watch_01.dir/LVGL_src/lv_draw_sw_blend.c.obj
                0x0800fab8                lv_draw_sw_blend
 .text.lv_draw_sw_blend_basic
                0x0800fae8     0x1068 CMakeFiles/OV_watch_01.dir/LVGL_src/lv_draw_sw_blend.c.obj
                0x0800fae8                lv_draw_sw_blend_basic
 .text.lv_draw_sw_wait_for_finish
                0x08010b50        0x4 CMakeFiles/OV_watch_01.dir/LVGL_src/lv_draw_sw.c.obj
                0x08010b50                lv_draw_sw_wait_for_finish
 .text.lv_draw_sw_buffer_copy
                0x08010b54       0x64 CMakeFiles/OV_watch_01.dir/LVGL_src/lv_draw_sw.c.obj
                0x08010b54                lv_draw_sw_buffer_copy
 .text.lv_draw_sw_init_ctx
                0x08010bb8       0x8c CMakeFiles/OV_watch_01.dir/LVGL_src/lv_draw_sw.c.obj
                0x08010bb8                lv_draw_sw_init_ctx
 .text.get_rounded_area
                0x08010c44       0x98 CMakeFiles/OV_watch_01.dir/LVGL_src/lv_draw_sw_arc.c.obj
 .text.lv_draw_sw_arc
                0x08010cdc      0xdd0 CMakeFiles/OV_watch_01.dir/LVGL_src/lv_draw_sw_arc.c.obj
                0x08010cdc                lv_draw_sw_arc
 .text.lv_gradient_calculate
                0x08011aac      0x148 CMakeFiles/OV_watch_01.dir/LVGL_src/lv_draw_sw_gradient.c.obj
                0x08011aac                lv_gradient_calculate
 .text.lv_gradient_get
                0x08011bf4      0x2ac CMakeFiles/OV_watch_01.dir/LVGL_src/lv_draw_sw_gradient.c.obj
                0x08011bf4                lv_gradient_get
 .text.lv_gradient_cleanup
                0x08011ea0       0x10 CMakeFiles/OV_watch_01.dir/LVGL_src/lv_draw_sw_gradient.c.obj
                0x08011ea0                lv_gradient_cleanup
 .text.lv_draw_sw_img_decoded
                0x08011eb0      0x574 CMakeFiles/OV_watch_01.dir/LVGL_src/lv_draw_sw_img.c.obj
                0x08011eb0                lv_draw_sw_img_decoded
 .text.lv_draw_sw_layer_create
                0x08012424       0xfc CMakeFiles/OV_watch_01.dir/LVGL_src/lv_draw_sw_layer.c.obj
                0x08012424                lv_draw_sw_layer_create
 .text.lv_draw_sw_layer_adjust
                0x08012520       0x5c CMakeFiles/OV_watch_01.dir/LVGL_src/lv_draw_sw_layer.c.obj
                0x08012520                lv_draw_sw_layer_adjust
 .text.lv_draw_sw_layer_blend
                0x0801257c       0x88 CMakeFiles/OV_watch_01.dir/LVGL_src/lv_draw_sw_layer.c.obj
                0x0801257c                lv_draw_sw_layer_blend
 .text.lv_draw_sw_layer_destroy
                0x08012604        0x8 CMakeFiles/OV_watch_01.dir/LVGL_src/lv_draw_sw_layer.c.obj
                0x08012604                lv_draw_sw_layer_destroy
 .text.lv_draw_sw_letter
                0x0801260c      0x4f4 CMakeFiles/OV_watch_01.dir/LVGL_src/lv_draw_sw_letter.c.obj
                0x0801260c                lv_draw_sw_letter
 .text.lv_draw_sw_line
                0x08012b00      0x8a8 CMakeFiles/OV_watch_01.dir/LVGL_src/lv_draw_sw_line.c.obj
                0x08012b00                lv_draw_sw_line
 .text.lv_draw_sw_polygon
                0x080133a8      0x348 CMakeFiles/OV_watch_01.dir/LVGL_src/lv_draw_sw_polygon.c.obj
                0x080133a8                lv_draw_sw_polygon
 .text.shadow_blur_corner
                0x080136f0      0x240 CMakeFiles/OV_watch_01.dir/LVGL_src/lv_draw_sw_rect.c.obj
 .text.draw_bg  0x08013930      0x5fc CMakeFiles/OV_watch_01.dir/LVGL_src/lv_draw_sw_rect.c.obj
 .text.lv_draw_sw_bg
                0x08013f2c      0x24c CMakeFiles/OV_watch_01.dir/LVGL_src/lv_draw_sw_rect.c.obj
                0x08013f2c                lv_draw_sw_bg
 .text.draw_border_generic
                0x08014178      0x8c4 CMakeFiles/OV_watch_01.dir/LVGL_src/lv_draw_sw_rect.c.obj
                0x08014178                draw_border_generic
 .text.lv_draw_sw_rect
                0x08014a3c     0x13e0 CMakeFiles/OV_watch_01.dir/LVGL_src/lv_draw_sw_rect.c.obj
                0x08014a3c                lv_draw_sw_rect
 .text.lv_draw_sw_transform
                0x08015e1c      0xbb4 CMakeFiles/OV_watch_01.dir/LVGL_src/lv_draw_sw_transform.c.obj
                0x08015e1c                lv_draw_sw_transform
 .text.lv_draw_transform
                0x080169d0       0x38 CMakeFiles/OV_watch_01.dir/LVGL_src/lv_draw_transform.c.obj
                0x080169d0                lv_draw_transform
 .text.event_send_core
                0x08016a08      0x1b8 CMakeFiles/OV_watch_01.dir/LVGL_src/lv_event.c.obj
 .text.lv_event_send
                0x08016bc0       0x40 CMakeFiles/OV_watch_01.dir/LVGL_src/lv_event.c.obj
                0x08016bc0                lv_event_send
 .text.lv_obj_event_base
                0x08016c00       0x34 CMakeFiles/OV_watch_01.dir/LVGL_src/lv_event.c.obj
                0x08016c00                lv_obj_event_base
 .text.lv_event_get_target
                0x08016c34        0x4 CMakeFiles/OV_watch_01.dir/LVGL_src/lv_event.c.obj
                0x08016c34                lv_event_get_target
 .text.lv_event_get_current_target
                0x08016c38        0x4 CMakeFiles/OV_watch_01.dir/LVGL_src/lv_event.c.obj
                0x08016c38                lv_event_get_current_target
 .text.lv_event_get_code
                0x08016c3c        0x8 CMakeFiles/OV_watch_01.dir/LVGL_src/lv_event.c.obj
                0x08016c3c                lv_event_get_code
 .text.lv_event_get_param
                0x08016c44        0x4 CMakeFiles/OV_watch_01.dir/LVGL_src/lv_event.c.obj
                0x08016c44                lv_event_get_param
 .text.lv_event_get_user_data
                0x08016c48        0x4 CMakeFiles/OV_watch_01.dir/LVGL_src/lv_event.c.obj
                0x08016c48                lv_event_get_user_data
 .text._lv_event_mark_deleted
                0x08016c4c       0x2c CMakeFiles/OV_watch_01.dir/LVGL_src/lv_event.c.obj
                0x08016c4c                _lv_event_mark_deleted
 .text.lv_obj_add_event_cb
                0x08016c78       0x60 CMakeFiles/OV_watch_01.dir/LVGL_src/lv_event.c.obj
                0x08016c78                lv_obj_add_event_cb
 .text.lv_obj_remove_event_cb
                0x08016cd8       0x84 CMakeFiles/OV_watch_01.dir/LVGL_src/lv_event.c.obj
                0x08016cd8                lv_obj_remove_event_cb
 .text.lv_event_get_indev
                0x08016d5c       0x10 CMakeFiles/OV_watch_01.dir/LVGL_src/lv_event.c.obj
                0x08016d5c                lv_event_get_indev
 .text.lv_event_get_draw_ctx
                0x08016d6c       0x10 CMakeFiles/OV_watch_01.dir/LVGL_src/lv_event.c.obj
                0x08016d6c                lv_event_get_draw_ctx
 .text.lv_event_set_ext_draw_size
                0x08016d7c       0x18 CMakeFiles/OV_watch_01.dir/LVGL_src/lv_event.c.obj
                0x08016d7c                lv_event_set_ext_draw_size
 .text.lv_area_get_width
                0x08016d94        0xc CMakeFiles/OV_watch_01.dir/LVGL_src/lv_flex.c.obj
 .text.lv_area_get_height
                0x08016da0        0xc CMakeFiles/OV_watch_01.dir/LVGL_src/lv_flex.c.obj
 .text.place_content
                0x08016dac       0xb0 CMakeFiles/OV_watch_01.dir/LVGL_src/lv_flex.c.obj
 .text.find_track_end
                0x08016e5c      0x2bc CMakeFiles/OV_watch_01.dir/LVGL_src/lv_flex.c.obj
 .text.flex_update
                0x08017118      0xa28 CMakeFiles/OV_watch_01.dir/LVGL_src/lv_flex.c.obj
 .text.lv_flex_init
                0x08017b40       0x68 CMakeFiles/OV_watch_01.dir/LVGL_src/lv_flex.c.obj
                0x08017b40                lv_flex_init
 .text.lv_obj_set_flex_flow
                0x08017ba8       0x28 CMakeFiles/OV_watch_01.dir/LVGL_src/lv_flex.c.obj
                0x08017ba8                lv_obj_set_flex_flow
 .text.lv_obj_set_flex_align
                0x08017bd0       0x50 CMakeFiles/OV_watch_01.dir/LVGL_src/lv_flex.c.obj
                0x08017bd0                lv_obj_set_flex_align
 .text.lv_obj_set_flex_grow
                0x08017c20       0x24 CMakeFiles/OV_watch_01.dir/LVGL_src/lv_flex.c.obj
                0x08017c20                lv_obj_set_flex_grow
 .text.lv_dropdownlist_destructor
                0x08017c44        0x8 CMakeFiles/OV_watch_01.dir/LVGL_src/lv_dropdown.c.obj
 .text.position_to_selected
                0x08017c4c       0x5c CMakeFiles/OV_watch_01.dir/LVGL_src/lv_dropdown.c.obj
 .text.draw_box
                0x08017ca8       0xd0 CMakeFiles/OV_watch_01.dir/LVGL_src/lv_dropdown.c.obj
 .text.draw_box_label
                0x08017d78       0xe8 CMakeFiles/OV_watch_01.dir/LVGL_src/lv_dropdown.c.obj
 .text.lv_dropdownlist_constructor
                0x08017e60       0x34 CMakeFiles/OV_watch_01.dir/LVGL_src/lv_dropdown.c.obj
 .text.lv_dropdown_destructor
                0x08017e94       0x28 CMakeFiles/OV_watch_01.dir/LVGL_src/lv_dropdown.c.obj
 .text.lv_dropdown_constructor
                0x08017ebc       0xb4 CMakeFiles/OV_watch_01.dir/LVGL_src/lv_dropdown.c.obj
 .text.lv_dropdown_list_event
                0x08017f70      0x294 CMakeFiles/OV_watch_01.dir/LVGL_src/lv_dropdown.c.obj
 .text.lv_dropdown_create
                0x08018204       0x18 CMakeFiles/OV_watch_01.dir/LVGL_src/lv_dropdown.c.obj
                0x08018204                lv_dropdown_create
 .text.lv_dropdown_set_options
                0x0801821c       0xa0 CMakeFiles/OV_watch_01.dir/LVGL_src/lv_dropdown.c.obj
                0x0801821c                lv_dropdown_set_options
 .text.lv_dropdown_set_selected
                0x080182bc       0x38 CMakeFiles/OV_watch_01.dir/LVGL_src/lv_dropdown.c.obj
                0x080182bc                lv_dropdown_set_selected
 .text.lv_dropdown_get_options
                0x080182f4       0x10 CMakeFiles/OV_watch_01.dir/LVGL_src/lv_dropdown.c.obj
                0x080182f4                lv_dropdown_get_options
 .text.lv_dropdown_get_selected
                0x08018304        0x4 CMakeFiles/OV_watch_01.dir/LVGL_src/lv_dropdown.c.obj
                0x08018304                lv_dropdown_get_selected
 .text.lv_dropdown_open
                0x08018308      0x250 CMakeFiles/OV_watch_01.dir/LVGL_src/lv_dropdown.c.obj
                0x08018308                lv_dropdown_open
 .text.btn_release_handler.isra.0
                0x08018558       0x9c CMakeFiles/OV_watch_01.dir/LVGL_src/lv_dropdown.c.obj
 .text.lv_dropdown_event
                0x080185f4      0x508 CMakeFiles/OV_watch_01.dir/LVGL_src/lv_dropdown.c.obj
 .text.lv_extra_init
                0x08018afc       0x10 CMakeFiles/OV_watch_01.dir/LVGL_src/lv_extra.c.obj
                0x08018afc                lv_extra_init
 .text.lv_font_get_glyph_dsc.part.0
                0x08018b0c       0xa0 CMakeFiles/OV_watch_01.dir/LVGL_src/lv_font.c.obj
 .text.lv_font_get_glyph_bitmap
                0x08018bac        0x8 CMakeFiles/OV_watch_01.dir/LVGL_src/lv_font.c.obj
                0x08018bac                lv_font_get_glyph_bitmap
 .text.lv_font_get_glyph_dsc
                0x08018bb4       0x14 CMakeFiles/OV_watch_01.dir/LVGL_src/lv_font.c.obj
                0x08018bb4                lv_font_get_glyph_dsc
 .text.lv_font_get_glyph_width
                0x08018bc8       0x1c CMakeFiles/OV_watch_01.dir/LVGL_src/lv_font.c.obj
                0x08018bc8                lv_font_get_glyph_width
 .text.kern_pair_8_compare
                0x08018be4       0x14 CMakeFiles/OV_watch_01.dir/LVGL_src/lv_font_fmt_txt.c.obj
 .text.kern_pair_16_compare
                0x08018bf8       0x14 CMakeFiles/OV_watch_01.dir/LVGL_src/lv_font_fmt_txt.c.obj
 .text.unicode_list_compare
                0x08018c0c        0x8 CMakeFiles/OV_watch_01.dir/LVGL_src/lv_font_fmt_txt.c.obj
 .text.lv_font_get_bitmap_fmt_txt
                0x08018c14      0x10c CMakeFiles/OV_watch_01.dir/LVGL_src/lv_font_fmt_txt.c.obj
                0x08018c14                lv_font_get_bitmap_fmt_txt
 .text.lv_font_get_glyph_dsc_fmt_txt
                0x08018d20      0x34c CMakeFiles/OV_watch_01.dir/LVGL_src/lv_font_fmt_txt.c.obj
                0x08018d20                lv_font_get_glyph_dsc_fmt_txt
 .text._lv_font_clean_up_fmt_txt
                0x0801906c        0x4 CMakeFiles/OV_watch_01.dir/LVGL_src/lv_font_fmt_txt.c.obj
                0x0801906c                _lv_font_clean_up_fmt_txt
 .text.lv_trigo_sin
                0x08019070       0x74 CMakeFiles/OV_watch_01.dir/LVGL_src/lv_math.c.obj
                0x08019070                lv_trigo_sin
 .text.lv_bezier3
                0x080190e4       0x54 CMakeFiles/OV_watch_01.dir/LVGL_src/lv_math.c.obj
                0x080190e4                lv_bezier3
 .text.lv_atan2
                0x08019138       0xd0 CMakeFiles/OV_watch_01.dir/LVGL_src/lv_math.c.obj
                0x08019138                lv_atan2
 .text.lv_pow   0x08019208       0x3c CMakeFiles/OV_watch_01.dir/LVGL_src/lv_math.c.obj
                0x08019208                lv_pow
 .text.lv_map   0x08019244       0x34 CMakeFiles/OV_watch_01.dir/LVGL_src/lv_math.c.obj
                0x08019244                lv_map
 .text.lv_win_constructor
                0x08019278       0x74 CMakeFiles/OV_watch_01.dir/LVGL_src/lv_win.c.obj
 .text.lv_win_create
                0x080192ec       0x24 CMakeFiles/OV_watch_01.dir/LVGL_src/lv_win.c.obj
                0x080192ec                lv_win_create
 .text.lv_win_add_title
                0x08019310       0x2c CMakeFiles/OV_watch_01.dir/LVGL_src/lv_win.c.obj
                0x08019310                lv_win_add_title
 .text.lv_win_get_content
                0x0801933c        0x8 CMakeFiles/OV_watch_01.dir/LVGL_src/lv_win.c.obj
                0x0801933c                lv_win_get_content
 .text.lv_led_constructor
                0x08019344       0x14 CMakeFiles/OV_watch_01.dir/LVGL_src/lv_led.c.obj
 .text.lv_led_event
                0x08019358      0x4c4 CMakeFiles/OV_watch_01.dir/LVGL_src/lv_led.c.obj
 .text.lv_led_create
                0x0801981c       0x18 CMakeFiles/OV_watch_01.dir/LVGL_src/lv_led.c.obj
                0x0801981c                lv_led_create
 .text.lv_led_set_color
                0x08019834        0x8 CMakeFiles/OV_watch_01.dir/LVGL_src/lv_led.c.obj
                0x08019834                lv_led_set_color
 .text.lv_led_set_brightness
                0x0801983c       0x18 CMakeFiles/OV_watch_01.dir/LVGL_src/lv_led.c.obj
                0x0801983c                lv_led_set_brightness
 .text.lv_menu_destructor
                0x08019854        0x8 CMakeFiles/OV_watch_01.dir/LVGL_src/lv_menu.c.obj
 .text.lv_menu_section_constructor
                0x0801985c       0x18 CMakeFiles/OV_watch_01.dir/LVGL_src/lv_menu.c.obj
 .text.lv_menu_cont_constructor
                0x08019874       0x24 CMakeFiles/OV_watch_01.dir/LVGL_src/lv_menu.c.obj
 .text.lv_menu_constructor
                0x08019898      0x138 CMakeFiles/OV_watch_01.dir/LVGL_src/lv_menu.c.obj
 .text.lv_menu_value_changed_event_cb
                0x080199d0       0x50 CMakeFiles/OV_watch_01.dir/LVGL_src/lv_menu.c.obj
 .text.lv_menu_page_destructor
                0x08019a20       0x14 CMakeFiles/OV_watch_01.dir/LVGL_src/lv_menu.c.obj
 .text.lv_menu_obj_del_event_cb
                0x08019a34       0x10 CMakeFiles/OV_watch_01.dir/LVGL_src/lv_menu.c.obj
 .text.lv_menu_page_constructor
                0x08019a44       0x38 CMakeFiles/OV_watch_01.dir/LVGL_src/lv_menu.c.obj
 .text.lv_menu_refr_sidebar_header_mode
                0x08019a7c       0x70 CMakeFiles/OV_watch_01.dir/LVGL_src/lv_menu.c.obj
 .text.lv_menu_create
                0x08019aec       0x18 CMakeFiles/OV_watch_01.dir/LVGL_src/lv_menu.c.obj
                0x08019aec                lv_menu_create
 .text.lv_menu_page_create
                0x08019b04       0x3c CMakeFiles/OV_watch_01.dir/LVGL_src/lv_menu.c.obj
                0x08019b04                lv_menu_page_create
 .text.lv_menu_cont_create
                0x08019b40       0x18 CMakeFiles/OV_watch_01.dir/LVGL_src/lv_menu.c.obj
                0x08019b40                lv_menu_cont_create
 .text.lv_menu_set_page
                0x08019b58      0x148 CMakeFiles/OV_watch_01.dir/LVGL_src/lv_menu.c.obj
                0x08019b58                lv_menu_set_page
 .text.lv_menu_back_event_cb
                0x08019ca0       0x9c CMakeFiles/OV_watch_01.dir/LVGL_src/lv_menu.c.obj
 .text.lv_menu_load_page_event_cb
                0x08019d3c       0x70 CMakeFiles/OV_watch_01.dir/LVGL_src/lv_menu.c.obj
 .text.lv_menu_set_sidebar_page
                0x08019dac      0x164 CMakeFiles/OV_watch_01.dir/LVGL_src/lv_menu.c.obj
                0x08019dac                lv_menu_set_sidebar_page
 .text.lv_menu_set_load_page_event
                0x08019f10       0x74 CMakeFiles/OV_watch_01.dir/LVGL_src/lv_menu.c.obj
                0x08019f10                lv_menu_set_load_page_event
 .text.lv_menu_get_sidebar_header
                0x08019f84        0x4 CMakeFiles/OV_watch_01.dir/LVGL_src/lv_menu.c.obj
                0x08019f84                lv_menu_get_sidebar_header
 .text._out_buffer
                0x08019f88        0x8 CMakeFiles/OV_watch_01.dir/LVGL_src/lv_printf.c.obj
 .text._out_null
                0x08019f90        0x4 CMakeFiles/OV_watch_01.dir/LVGL_src/lv_printf.c.obj
 .text._ntoa_format
                0x08019f94      0x478 CMakeFiles/OV_watch_01.dir/LVGL_src/lv_printf.c.obj
 .text._vsnprintf
                0x0801a40c      0x97c CMakeFiles/OV_watch_01.dir/LVGL_src/lv_printf.c.obj
 .text.lv_snprintf
                0x0801ad88       0x2c CMakeFiles/OV_watch_01.dir/LVGL_src/lv_printf.c.obj
                0x0801ad88                lv_snprintf
 .text.lv_vsnprintf
                0x0801adb4       0x20 CMakeFiles/OV_watch_01.dir/LVGL_src/lv_printf.c.obj
                0x0801adb4                lv_vsnprintf
 .text.pwd_char_hider_anim
                0x0801add4        0x4 CMakeFiles/OV_watch_01.dir/LVGL_src/lv_textarea.c.obj
 .text.lv_textarea_destructor
                0x0801add8       0x2c CMakeFiles/OV_watch_01.dir/LVGL_src/lv_textarea.c.obj
 .text.refr_cursor_area
                0x0801ae04      0x22c CMakeFiles/OV_watch_01.dir/LVGL_src/lv_textarea.c.obj
 .text.cursor_blink_anim_cb
                0x0801b030       0x60 CMakeFiles/OV_watch_01.dir/LVGL_src/lv_textarea.c.obj
 .text.pwd_char_hider.part.0
                0x0801b090       0xa8 CMakeFiles/OV_watch_01.dir/LVGL_src/lv_textarea.c.obj
 .text.pwd_char_hider_anim_ready
                0x0801b138       0x10 CMakeFiles/OV_watch_01.dir/LVGL_src/lv_textarea.c.obj
 .text.label_event_cb
                0x0801b148       0xa0 CMakeFiles/OV_watch_01.dir/LVGL_src/lv_textarea.c.obj
 .text.lv_textarea_create
                0x0801b1e8       0x18 CMakeFiles/OV_watch_01.dir/LVGL_src/lv_textarea.c.obj
                0x0801b1e8                lv_textarea_create
 .text.lv_textarea_set_placeholder_text
                0x0801b200       0x4c CMakeFiles/OV_watch_01.dir/LVGL_src/lv_textarea.c.obj
                0x0801b200                lv_textarea_set_placeholder_text
 .text.lv_textarea_set_cursor_pos
                0x0801b24c      0x174 CMakeFiles/OV_watch_01.dir/LVGL_src/lv_textarea.c.obj
                0x0801b24c                lv_textarea_set_cursor_pos
 .text.lv_textarea_constructor
                0x0801b3c0       0xdc CMakeFiles/OV_watch_01.dir/LVGL_src/lv_textarea.c.obj
 .text.lv_textarea_add_text
                0x0801b49c      0x180 CMakeFiles/OV_watch_01.dir/LVGL_src/lv_textarea.c.obj
                0x0801b49c                lv_textarea_add_text
 .text.lv_textarea_add_char
                0x0801b61c      0x1a0 CMakeFiles/OV_watch_01.dir/LVGL_src/lv_textarea.c.obj
                0x0801b61c                lv_textarea_add_char
 .text.lv_textarea_del_char.part.0
                0x0801b7bc       0xa8 CMakeFiles/OV_watch_01.dir/LVGL_src/lv_textarea.c.obj
 .text.lv_textarea_del_char
                0x0801b864       0x4c CMakeFiles/OV_watch_01.dir/LVGL_src/lv_textarea.c.obj
                0x0801b864                lv_textarea_del_char
 .text.lv_textarea_del_char_forward
                0x0801b8b0       0x5c CMakeFiles/OV_watch_01.dir/LVGL_src/lv_textarea.c.obj
                0x0801b8b0                lv_textarea_del_char_forward
 .text.lv_textarea_set_text
                0x0801b90c      0x144 CMakeFiles/OV_watch_01.dir/LVGL_src/lv_textarea.c.obj
                0x0801b90c                lv_textarea_set_text
 .text.lv_textarea_set_cursor_click_pos
                0x0801ba50       0x10 CMakeFiles/OV_watch_01.dir/LVGL_src/lv_textarea.c.obj
                0x0801ba50                lv_textarea_set_cursor_click_pos
 .text.lv_textarea_set_password_mode
                0x0801ba60       0xd8 CMakeFiles/OV_watch_01.dir/LVGL_src/lv_textarea.c.obj
                0x0801ba60                lv_textarea_set_password_mode
 .text.lv_textarea_set_password_bullet
                0x0801bb38       0x38 CMakeFiles/OV_watch_01.dir/LVGL_src/lv_textarea.c.obj
                0x0801bb38                lv_textarea_set_password_bullet
 .text.lv_textarea_set_one_line
                0x0801bb70       0x74 CMakeFiles/OV_watch_01.dir/LVGL_src/lv_textarea.c.obj
                0x0801bb70                lv_textarea_set_one_line
 .text.lv_textarea_set_accepted_chars
                0x0801bbe4        0x4 CMakeFiles/OV_watch_01.dir/LVGL_src/lv_textarea.c.obj
                0x0801bbe4                lv_textarea_set_accepted_chars
 .text.lv_textarea_set_max_length
                0x0801bbe8        0x4 CMakeFiles/OV_watch_01.dir/LVGL_src/lv_textarea.c.obj
                0x0801bbe8                lv_textarea_set_max_length
 .text.lv_textarea_get_text