Archive member included to satisfy reference by file (symbol)

D:/STM32CubeCLT/STM32CubeCLT/STM32CubeCLT_1.19.0/GNU-tools-for-STM32/bin/../lib/gcc/arm-none-eabi/13.3.1/../../../../arm-none-eabi/lib/thumb/v7e-m+fp/hard\libc_nano.a(libc_a-exit.o)
                              D:/STM32CubeCLT/STM32CubeCLT/STM32CubeCLT_1.19.0/GNU-tools-for-STM32/bin/../lib/gcc/arm-none-eabi/13.3.1/../../../../arm-none-eabi/lib/thumb/v7e-m+fp/hard/crt0.o (exit)
D:/STM32CubeCLT/STM32CubeCLT/STM32CubeCLT_1.19.0/GNU-tools-for-STM32/bin/../lib/gcc/arm-none-eabi/13.3.1/../../../../arm-none-eabi/lib/thumb/v7e-m+fp/hard\libc_nano.a(libc_a-findfp.o)
                              D:/STM32CubeCLT/STM32CubeCLT/STM32CubeCLT_1.19.0/GNU-tools-for-STM32/bin/../lib/gcc/arm-none-eabi/13.3.1/../../../../arm-none-eabi/lib/thumb/v7e-m+fp/hard\libc_nano.a(libc_a-exit.o) (__stdio_exit_handler)
D:/STM32CubeCLT/STM32CubeCLT/STM32CubeCLT_1.19.0/GNU-tools-for-STM32/bin/../lib/gcc/arm-none-eabi/13.3.1/../../../../arm-none-eabi/lib/thumb/v7e-m+fp/hard\libc_nano.a(libc_a-fwalk.o)
                              D:/STM32CubeCLT/STM32CubeCLT/STM32CubeCLT_1.19.0/GNU-tools-for-STM32/bin/../lib/gcc/arm-none-eabi/13.3.1/../../../../arm-none-eabi/lib/thumb/v7e-m+fp/hard\libc_nano.a(libc_a-findfp.o) (_fwalk_sglue)
D:/STM32CubeCLT/STM32CubeCLT/STM32CubeCLT_1.19.0/GNU-tools-for-STM32/bin/../lib/gcc/arm-none-eabi/13.3.1/../../../../arm-none-eabi/lib/thumb/v7e-m+fp/hard\libc_nano.a(libc_a-stdio.o)
                              D:/STM32CubeCLT/STM32CubeCLT/STM32CubeCLT_1.19.0/GNU-tools-for-STM32/bin/../lib/gcc/arm-none-eabi/13.3.1/../../../../arm-none-eabi/lib/thumb/v7e-m+fp/hard\libc_nano.a(libc_a-findfp.o) (__sread)
D:/STM32CubeCLT/STM32CubeCLT/STM32CubeCLT_1.19.0/GNU-tools-for-STM32/bin/../lib/gcc/arm-none-eabi/13.3.1/../../../../arm-none-eabi/lib/thumb/v7e-m+fp/hard\libc_nano.a(libc_a-memset.o)
                              D:/STM32CubeCLT/STM32CubeCLT/STM32CubeCLT_1.19.0/GNU-tools-for-STM32/bin/../lib/gcc/arm-none-eabi/13.3.1/../../../../arm-none-eabi/lib/thumb/v7e-m+fp/hard/crt0.o (memset)
D:/STM32CubeCLT/STM32CubeCLT/STM32CubeCLT_1.19.0/GNU-tools-for-STM32/bin/../lib/gcc/arm-none-eabi/13.3.1/../../../../arm-none-eabi/lib/thumb/v7e-m+fp/hard\libc_nano.a(libc_a-closer.o)
                              D:/STM32CubeCLT/STM32CubeCLT/STM32CubeCLT_1.19.0/GNU-tools-for-STM32/bin/../lib/gcc/arm-none-eabi/13.3.1/../../../../arm-none-eabi/lib/thumb/v7e-m+fp/hard\libc_nano.a(libc_a-stdio.o) (_close_r)
D:/STM32CubeCLT/STM32CubeCLT/STM32CubeCLT_1.19.0/GNU-tools-for-STM32/bin/../lib/gcc/arm-none-eabi/13.3.1/../../../../arm-none-eabi/lib/thumb/v7e-m+fp/hard\libc_nano.a(libc_a-reent.o)
                              D:/STM32CubeCLT/STM32CubeCLT/STM32CubeCLT_1.19.0/GNU-tools-for-STM32/bin/../lib/gcc/arm-none-eabi/13.3.1/../../../../arm-none-eabi/lib/thumb/v7e-m+fp/hard\libc_nano.a(libc_a-closer.o) (errno)
D:/STM32CubeCLT/STM32CubeCLT/STM32CubeCLT_1.19.0/GNU-tools-for-STM32/bin/../lib/gcc/arm-none-eabi/13.3.1/../../../../arm-none-eabi/lib/thumb/v7e-m+fp/hard\libc_nano.a(libc_a-impure.o)
                              D:/STM32CubeCLT/STM32CubeCLT/STM32CubeCLT_1.19.0/GNU-tools-for-STM32/bin/../lib/gcc/arm-none-eabi/13.3.1/../../../../arm-none-eabi/lib/thumb/v7e-m+fp/hard\libc_nano.a(libc_a-reent.o) (_impure_ptr)
D:/STM32CubeCLT/STM32CubeCLT/STM32CubeCLT_1.19.0/GNU-tools-for-STM32/bin/../lib/gcc/arm-none-eabi/13.3.1/../../../../arm-none-eabi/lib/thumb/v7e-m+fp/hard\libc_nano.a(libc_a-lseekr.o)
                              D:/STM32CubeCLT/STM32CubeCLT/STM32CubeCLT_1.19.0/GNU-tools-for-STM32/bin/../lib/gcc/arm-none-eabi/13.3.1/../../../../arm-none-eabi/lib/thumb/v7e-m+fp/hard\libc_nano.a(libc_a-stdio.o) (_lseek_r)
D:/STM32CubeCLT/STM32CubeCLT/STM32CubeCLT_1.19.0/GNU-tools-for-STM32/bin/../lib/gcc/arm-none-eabi/13.3.1/../../../../arm-none-eabi/lib/thumb/v7e-m+fp/hard\libc_nano.a(libc_a-readr.o)
                              D:/STM32CubeCLT/STM32CubeCLT/STM32CubeCLT_1.19.0/GNU-tools-for-STM32/bin/../lib/gcc/arm-none-eabi/13.3.1/../../../../arm-none-eabi/lib/thumb/v7e-m+fp/hard\libc_nano.a(libc_a-stdio.o) (_read_r)
D:/STM32CubeCLT/STM32CubeCLT/STM32CubeCLT_1.19.0/GNU-tools-for-STM32/bin/../lib/gcc/arm-none-eabi/13.3.1/../../../../arm-none-eabi/lib/thumb/v7e-m+fp/hard\libc_nano.a(libc_a-writer.o)
                              D:/STM32CubeCLT/STM32CubeCLT/STM32CubeCLT_1.19.0/GNU-tools-for-STM32/bin/../lib/gcc/arm-none-eabi/13.3.1/../../../../arm-none-eabi/lib/thumb/v7e-m+fp/hard\libc_nano.a(libc_a-stdio.o) (_write_r)
D:/STM32CubeCLT/STM32CubeCLT/STM32CubeCLT_1.19.0/GNU-tools-for-STM32/bin/../lib/gcc/arm-none-eabi/13.3.1/../../../../arm-none-eabi/lib/thumb/v7e-m+fp/hard\libc_nano.a(libc_a-init.o)
                              D:/STM32CubeCLT/STM32CubeCLT/STM32CubeCLT_1.19.0/GNU-tools-for-STM32/bin/../lib/gcc/arm-none-eabi/13.3.1/../../../../arm-none-eabi/lib/thumb/v7e-m+fp/hard/crt0.o (__libc_init_array)
[...]
Memory Configuration

Name             Origin             Length             Attributes
RAM              0x20000000         0x00020000         xrw
FLASH            0x08000000         0x00080000         xr
*default*        0x00000000         0xffffffff

Linker script and memory map

LOAD D:/STM32CubeCLT/STM32CubeCLT/STM32CubeCLT_1.19.0/GNU-tools-for-STM32/bin/../lib/gcc/arm-none-eabi/13.3.1/thumb/v7e-m+fp/hard/crti.o
LOAD D:/STM32CubeCLT/STM32CubeCLT/STM32CubeCLT_1.19.0/GNU-tools-for-STM32/bin/../lib/gcc/arm-none-eabi/13.3.1/thumb/v7e-m+fp/hard/crtbegin.o
LOAD D:/STM32CubeCLT/STM32CubeCLT/STM32CubeCLT_1.19.0/GNU-tools-for-STM32/bin/../lib/gcc/arm-none-eabi/13.3.1/../../../../arm-none-eabi/lib/thumb/v7e-m+fp/hard/crt0.o
START GROUP
LOAD D:/STM32CubeCLT/STM32CubeCLT/STM32CubeCLT_1.19.0/GNU-tools-for-STM32/bin/../lib/gcc/arm-none-eabi/13.3.1/../../../../arm-none-eabi/lib/thumb/v7e-m+fp/hard\libc_nano.a
LOAD D:/STM32CubeCLT/STM32CubeCLT/STM32CubeCLT_1.19.0/GNU-tools-for-STM32/bin/../lib/gcc/arm-none-eabi/13.3.1/../../../../arm-none-eabi/lib/thumb/v7e-m+fp/hard\libm.a
END GROUP
LOAD CMakeFiles/OV_watch_01.dir/BSP/MPU6050/eMPL/inv_mpu.c.obj
LOAD CMakeFiles/OV_watch_01.dir/SYSTEM/delay.c.obj
LOAD CMakeFiles/OV_watch_01.dir/BSP/LCD/lcd.c.obj
LOAD CMakeFiles/OV_watch_01.dir/BSP/LCD/lcd_init.c.obj
LOAD CMakeFiles/OV_watch_01.dir/LVGL_porting/lv_port_disp.c.obj
LOAD CMakeFiles/OV_watch_01.dir/LVGL_porting/lv_port_indev.c.obj
LOAD CMakeFiles/OV_watch_01.dir/LVGL_src/lv_hal_disp.c.obj
LOAD CMakeFiles/OV_watch_01.dir/LVGL_src/lv_hal_indev.c.obj
LOAD CMakeFiles/OV_watch_01.dir/LVGL_src/gifdec.c.obj
LOAD CMakeFiles/OV_watch_01.dir/LVGL_src/lodepng.c.obj
LOAD CMakeFiles/OV_watch_01.dir/LVGL_src/lv_anim.c.obj
LOAD CMakeFiles/OV_watch_01.dir/LVGL_src/lv_anim_timeline.c.obj
LOAD CMakeFiles/OV_watch_01.dir/LVGL_src/lv_animimg.c.obj
LOAD CMakeFiles/OV_watch_01.dir/LVGL_src/lv_arc.c.obj
LOAD CMakeFiles/OV_watch_01.dir/LVGL_src/lv_font_loader.c.obj
LOAD CMakeFiles/OV_watch_01.dir/LVGL_src/lv_area.c.obj
LOAD CMakeFiles/OV_watch_01.dir/LVGL_src/lv_async.c.obj
LOAD CMakeFiles/OV_watch_01.dir/LVGL_src/lv_mem.c.obj
LOAD CMakeFiles/OV_watch_01.dir/LVGL_src/lv_bar.c.obj
LOAD CMakeFiles/OV_watch_01.dir/LVGL_src/lv_bidi.c.obj
LOAD CMakeFiles/OV_watch_01.dir/LVGL_src/lv_bmp.c.obj
LOAD CMakeFiles/OV_watch_01.dir/LVGL_src/lv_btn.c.obj
LOAD CMakeFiles/OV_watch_01.dir/LVGL_src/lv_btnmatrix.c.obj
LOAD CMakeFiles/OV_watch_01.dir/LVGL_src/lv_calendar.c.obj
LOAD CMakeFiles/OV_watch_01.dir/LVGL_src/lv_calendar_header_arrow.c.obj
LOAD CMakeFiles/OV_watch_01.dir/LVGL_src/lv_chart.c.obj
LOAD CMakeFiles/OV_watch_01.dir/LVGL_src/lv_calendar_header_dropdown.c.obj
LOAD CMakeFiles/OV_watch_01.dir/LVGL_src/lv_canvas.c.obj
LOAD CMakeFiles/OV_watch_01.dir/LVGL_src/lv_checkbox.c.obj
LOAD CMakeFiles/OV_watch_01.dir/LVGL_src/lv_color.c.obj
LOAD CMakeFiles/OV_watch_01.dir/LVGL_src/lv_colorwheel.c.obj
LOAD CMakeFiles/OV_watch_01.dir/LVGL_src/lv_disp.c.obj
LOAD CMakeFiles/OV_watch_01.dir/LVGL_src/lv_draw.c.obj
LOAD CMakeFiles/OV_watch_01.dir/LVGL_src/lv_draw_arc.c.obj
LOAD CMakeFiles/OV_watch_01.dir/LVGL_src/lv_draw_img.c.obj
LOAD CMakeFiles/OV_watch_01.dir/LVGL_src/lv_draw_label.c.obj
LOAD CMakeFiles/OV_watch_01.dir/LVGL_src/lv_draw_layer.c.obj
LOAD CMakeFiles/OV_watch_01.dir/LVGL_src/lv_draw_line.c.obj
LOAD CMakeFiles/OV_watch_01.dir/LVGL_src/lv_draw_mask.c.obj
LOAD CMakeFiles/OV_watch_01.dir/LVGL_src/lv_draw_pxp.c.obj
LOAD CMakeFiles/OV_watch_01.dir/LVGL_src/lv_draw_pxp_blend.c.obj
LOAD CMakeFiles/OV_watch_01.dir/LVGL_src/lv_draw_rect.c.obj
LOAD CMakeFiles/OV_watch_01.dir/LVGL_src/lv_draw_sdl.c.obj
LOAD CMakeFiles/OV_watch_01.dir/LVGL_src/lv_draw_sdl_arc.c.obj
LOAD CMakeFiles/OV_watch_01.dir/LVGL_src/lv_draw_sdl_bg.c.obj
LOAD CMakeFiles/OV_watch_01.dir/LVGL_src/lv_draw_sdl_composite.c.obj
LOAD CMakeFiles/OV_watch_01.dir/LVGL_src/lv_draw_sdl_label.c.obj
LOAD CMakeFiles/OV_watch_01.dir/LVGL_src/lv_draw_sdl_img.c.obj
LOAD CMakeFiles/OV_watch_01.dir/LVGL_src/lv_draw_sdl_layer.c.obj
LOAD CMakeFiles/OV_watch_01.dir/LVGL_src/lv_draw_sdl_line.c.obj
LOAD CMakeFiles/OV_watch_01.dir/LVGL_src/lv_draw_sdl_mask.c.obj
LOAD CMakeFiles/OV_watch_01.dir/LVGL_src/lv_draw_sdl_polygon.c.obj
LOAD CMakeFiles/OV_watch_01.dir/LVGL_src/lv_draw_sdl_rect.c.obj
LOAD CMakeFiles/OV_watch_01.dir/LVGL_src/lv_draw_sdl_stack_blur.c.obj
LOAD CMakeFiles/OV_watch_01.dir/LVGL_src/lv_draw_sdl_texture_cache.c.obj
LOAD CMakeFiles/OV_watch_01.dir/LVGL_src/lv_draw_sdl_utils.c.obj
LOAD CMakeFiles/OV_watch_01.dir/LVGL_src/lv_draw_sw_blend.c.obj
LOAD CMakeFiles/OV_watch_01.dir/LVGL_src/lv_draw_sw.c.obj
LOAD CMakeFiles/OV_watch_01.dir/LVGL_src/lv_draw_sw_arc.c.obj
LOAD CMakeFiles/OV_watch_01.dir/LVGL_src/lv_draw_sw_dither.c.obj
LOAD CMakeFiles/OV_watch_01.dir/LVGL_src/lv_draw_sw_gradient.c.obj
LOAD CMakeFiles/OV_watch_01.dir/LVGL_src/lv_draw_sw_img.c.obj
LOAD CMakeFiles/OV_watch_01.dir/LVGL_src/lv_draw_sw_layer.c.obj
LOAD CMakeFiles/OV_watch_01.dir/LVGL_src/lv_draw_sw_letter.c.obj
LOAD CMakeFiles/OV_watch_01.dir/LVGL_src/lv_draw_sw_line.c.obj
LOAD CMakeFiles/OV_watch_01.dir/LVGL_src/lv_draw_sw_polygon.c.obj
LOAD CMakeFiles/OV_watch_01.dir/LVGL_src/lv_draw_sw_rect.c.obj
LOAD CMakeFiles/OV_watch_01.dir/LVGL_src/lv_draw_sw_transform.c.obj
LOAD CMakeFiles/OV_watch_01.dir/LVGL_src/lv_draw_vglite_arc.c.obj
LOAD CMakeFiles/OV_watch_01.dir/LVGL_src/lv_draw_triangle.c.obj
LOAD CMakeFiles/OV_watch_01.dir/LVGL_src/lv_draw_transform.c.obj
LOAD CMakeFiles/OV_watch_01.dir/LVGL_src/lv_draw_vglite.c.obj
LOAD CMakeFiles/OV_watch_01.dir/LVGL_src/lv_draw_vglite_rect.c.obj
LOAD CMakeFiles/OV_watch_01.dir/LVGL_src/lv_draw_vglite_line.c.obj
LOAD CMakeFiles/OV_watch_01.dir/LVGL_src/lv_draw_vglite_blend.c.obj
LOAD CMakeFiles/OV_watch_01.dir/LVGL_src/lv_event.c.obj
LOAD CMakeFiles/OV_watch_01.dir/LVGL_src/lv_flex.c.obj
LOAD CMakeFiles/OV_watch_01.dir/LVGL_src/lv_dropdown.c.obj
LOAD CMakeFiles/OV_watch_01.dir/LVGL_src/lv_extra.c.obj
LOAD CMakeFiles/OV_watch_01.dir/LVGL_src/lv_ffmpeg.c.obj
LOAD CMakeFiles/OV_watch_01.dir/LVGL_src/lv_font.c.obj
LOAD CMakeFiles/OV_watch_01.dir/LVGL_src/lv_font_fmt_txt.c.obj
LOAD CMakeFiles/OV_watch_01.dir/LVGL_src/lv_font_dejavu_16_persian_hebrew.c.obj
LOAD CMakeFiles/OV_watch_01.dir/LVGL_src/lv_font_montserrat_30.c.obj
LOAD CMakeFiles/OV_watch_01.dir/LVGL_src/lv_font_montserrat_36.c.obj
LOAD CMakeFiles/OV_watch_01.dir/LVGL_src/lv_font_montserrat_8.c.obj
LOAD CMakeFiles/OV_watch_01.dir/LVGL_src/lv_font_montserrat_32.c.obj
LOAD CMakeFiles/OV_watch_01.dir/LVGL_src/lv_font_montserrat_28.c.obj
LOAD CMakeFiles/OV_watch_01.dir/LVGL_src/lv_font_montserrat_34.c.obj
LOAD CMakeFiles/OV_watch_01.dir/LVGL_src/lv_font_montserrat_20.c.obj
LOAD CMakeFiles/OV_watch_01.dir/LVGL_src/lv_font_montserrat_12.c.obj
LOAD CMakeFiles/OV_watch_01.dir/LVGL_src/lv_font_montserrat_18.c.obj
LOAD CMakeFiles/OV_watch_01.dir/LVGL_src/lv_font_montserrat_12_subpx.c.obj
LOAD CMakeFiles/OV_watch_01.dir/LVGL_src/lv_font_montserrat_16.c.obj
LOAD CMakeFiles/OV_watch_01.dir/LVGL_src/lv_font_montserrat_26.c.obj
LOAD CMakeFiles/OV_watch_01.dir/LVGL_src/lv_font_montserrat_24.c.obj
LOAD CMakeFiles/OV_watch_01.dir/LVGL_src/lv_font_montserrat_22.c.obj
LOAD CMakeFiles/OV_watch_01.dir/LVGL_src/lv_font_montserrat_28_compressed.c.obj
LOAD CMakeFiles/OV_watch_01.dir/LVGL_src/lv_font_montserrat_10.c.obj
LOAD CMakeFiles/OV_watch_01.dir/LVGL_src/lv_font_montserrat_14.c.obj
LOAD CMakeFiles/OV_watch_01.dir/LVGL_src/lv_png.c.obj
LOAD CMakeFiles/OV_watch_01.dir/LVGL_src/lv_gpu_d2_ra6m3.c.obj
LOAD CMakeFiles/OV_watch_01.dir/LVGL_src/lv_math.c.obj
LOAD CMakeFiles/OV_watch_01.dir/LVGL_src/lv_gpu_d2_draw_label.c.obj
LOAD CMakeFiles/OV_watch_01.dir/LVGL_src/lv_gpu_stm32_dma2d.c.obj
LOAD CMakeFiles/OV_watch_01.dir/LVGL_src/lv_win.c.obj
LOAD CMakeFiles/OV_watch_01.dir/LVGL_src/lv_led.c.obj
LOAD CMakeFiles/OV_watch_01.dir/LVGL_src/lv_menu.c.obj
LOAD CMakeFiles/OV_watch_01.dir/LVGL_src/lv_gpu_nxp_pxp.c.obj
LOAD CMakeFiles/OV_watch_01.dir/LVGL_src/lv_printf.c.obj
LOAD CMakeFiles/OV_watch_01.dir/LVGL_src/lv_rlottie.c.obj
LOAD CMakeFiles/OV_watch_01.dir/LVGL_src/lv_textarea.c.obj
LOAD CMakeFiles/OV_watch_01.dir/LVGL_src/lv_list.c.obj
LOAD CMakeFiles/OV_watch_01.dir/LVGL_src/lv_gpu_swm341_dma2d.c.obj
LOAD CMakeFiles/OV_watch_01.dir/LVGL_src/lv_img.c.obj
LOAD CMakeFiles/OV_watch_01.dir/LVGL_src/tjpgd.c.obj
LOAD CMakeFiles/OV_watch_01.dir/LVGL_src/lv_obj_scroll.c.obj
LOAD CMakeFiles/OV_watch_01.dir/LVGL_src/lv_grid.c.obj
LOAD CMakeFiles/OV_watch_01.dir/LVGL_src/lv_timer.c.obj
LOAD CMakeFiles/OV_watch_01.dir/LVGL_src/lv_theme_default.c.obj
LOAD CMakeFiles/OV_watch_01.dir/LVGL_src/lv_group.c.obj
LOAD CMakeFiles/OV_watch_01.dir/LVGL_src/lv_obj_class.c.obj
LOAD CMakeFiles/OV_watch_01.dir/LVGL_src/lv_slider.c.obj
LOAD CMakeFiles/OV_watch_01.dir/LVGL_src/lv_fragment.c.obj
LOAD CMakeFiles/OV_watch_01.dir/LVGL_src/lv_sjpg.c.obj
LOAD CMakeFiles/OV_watch_01.dir/LVGL_src/lv_obj.c.obj
LOAD CMakeFiles/OV_watch_01.dir/LVGL_src/lv_tiny_ttf.c.obj
LOAD CMakeFiles/OV_watch_01.dir/LVGL_src/lv_obj_style.c.obj
LOAD CMakeFiles/OV_watch_01.dir/LVGL_src/lv_gif.c.obj
LOAD CMakeFiles/OV_watch_01.dir/LVGL_src/lv_font_montserrat_46.c.obj
LOAD CMakeFiles/OV_watch_01.dir/LVGL_src/lv_templ.c.obj
LOAD CMakeFiles/OV_watch_01.dir/LVGL_src/lv_refr.c.obj
LOAD CMakeFiles/OV_watch_01.dir/LVGL_src/lv_font_simsun_16_cjk.c.obj
LOAD CMakeFiles/OV_watch_01.dir/LVGL_src/lv_indev_scroll.c.obj
LOAD CMakeFiles/OV_watch_01.dir/LVGL_src/lv_switch.c.obj
LOAD CMakeFiles/OV_watch_01.dir/LVGL_src/lv_fs_littlefs.c.obj
LOAD CMakeFiles/OV_watch_01.dir/LVGL_src/lv_qrcode.c.obj
LOAD CMakeFiles/OV_watch_01.dir/LVGL_src/lv_obj_draw.c.obj
LOAD CMakeFiles/OV_watch_01.dir/LVGL_src/lv_span.c.obj
LOAD CMakeFiles/OV_watch_01.dir/LVGL_src/lv_theme_basic.c.obj
LOAD CMakeFiles/OV_watch_01.dir/LVGL_src/lv_monkey.c.obj
LOAD CMakeFiles/OV_watch_01.dir/LVGL_src/lv_txt.c.obj
LOAD CMakeFiles/OV_watch_01.dir/LVGL_src/lv_objx_templ.c.obj
LOAD CMakeFiles/OV_watch_01.dir/LVGL_src/lv_indev.c.obj
LOAD CMakeFiles/OV_watch_01.dir/LVGL_src/lv_spinbox.c.obj
LOAD CMakeFiles/OV_watch_01.dir/LVGL_src/lv_theme.c.obj
LOAD CMakeFiles/OV_watch_01.dir/LVGL_src/lv_imgbtn.c.obj
LOAD CMakeFiles/OV_watch_01.dir/LVGL_src/lv_msg.c.obj
LOAD CMakeFiles/OV_watch_01.dir/LVGL_src/lv_log.c.obj
LOAD CMakeFiles/OV_watch_01.dir/LVGL_src/lv_freetype.c.obj
LOAD CMakeFiles/OV_watch_01.dir/LVGL_src/lv_obj_tree.c.obj
LOAD CMakeFiles/OV_watch_01.dir/LVGL_src/lv_fs_win32.c.obj
LOAD CMakeFiles/OV_watch_01.dir/LVGL_src/lv_fragment_manager.c.obj
LOAD CMakeFiles/OV_watch_01.dir/LVGL_src/lv_ll.c.obj
LOAD CMakeFiles/OV_watch_01.dir/LVGL_src/lv_gridnav.c.obj
LOAD CMakeFiles/OV_watch_01.dir/LVGL_src/lv_meter.c.obj
LOAD CMakeFiles/OV_watch_01.dir/LVGL_src/lv_lru.c.obj
LOAD CMakeFiles/OV_watch_01.dir/LVGL_src/qrcodegen.c.obj
LOAD CMakeFiles/OV_watch_01.dir/LVGL_src/lv_fs_fatfs.c.obj
LOAD CMakeFiles/OV_watch_01.dir/LVGL_src/lv_img_cache.c.obj
LOAD CMakeFiles/OV_watch_01.dir/LVGL_src/lv_img_buf.c.obj
LOAD CMakeFiles/OV_watch_01.dir/LVGL_src/lv_ime_pinyin.c.obj
LOAD CMakeFiles/OV_watch_01.dir/LVGL_src/lv_msgbox.c.obj
LOAD CMakeFiles/OV_watch_01.dir/LVGL_src/lv_utils.c.obj
LOAD CMakeFiles/OV_watch_01.dir/LVGL_src/lv_vglite_utils.c.obj
LOAD CMakeFiles/OV_watch_01.dir/LVGL_src/lv_table.c.obj
LOAD CMakeFiles/OV_watch_01.dir/LVGL_src/lv_txt_ap.c.obj
LOAD CMakeFiles/OV_watch_01.dir/LVGL_src/lv_theme_mono.c.obj
LOAD CMakeFiles/OV_watch_01.dir/LVGL_src/lv_hal_tick.c.obj
LOAD CMakeFiles/OV_watch_01.dir/LVGL_src/lv_imgfont.c.obj
LOAD CMakeFiles/OV_watch_01.dir/LVGL_src/lv_gc.c.obj
LOAD CMakeFiles/OV_watch_01.dir/LVGL_src/lv_vglite_buf.c.obj
LOAD CMakeFiles/OV_watch_01.dir/LVGL_src/lv_gpu_arm2d.c.obj
LOAD CMakeFiles/OV_watch_01.dir/LVGL_src/lv_fs.c.obj
LOAD CMakeFiles/OV_watch_01.dir/LVGL_src/lv_snapshot.c.obj
LOAD CMakeFiles/OV_watch_01.dir/LVGL_src/lv_img_decoder.c.obj
LOAD CMakeFiles/OV_watch_01.dir/LVGL_src/lv_font_unscii_16.c.obj
LOAD CMakeFiles/OV_watch_01.dir/LVGL_src/lv_spinner.c.obj
LOAD CMakeFiles/OV_watch_01.dir/LVGL_src/lv_font_montserrat_48.c.obj
LOAD CMakeFiles/OV_watch_01.dir/LVGL_src/lv_tileview.c.obj
LOAD CMakeFiles/OV_watch_01.dir/LVGL_src/lv_line.c.obj
LOAD CMakeFiles/OV_watch_01.dir/LVGL_src/lv_keyboard.c.obj
LOAD CMakeFiles/OV_watch_01.dir/LVGL_src/lv_style_gen.c.obj
LOAD CMakeFiles/OV_watch_01.dir/LVGL_src/lv_fs_posix.c.obj
LOAD CMakeFiles/OV_watch_01.dir/LVGL_src/lv_style.c.obj
LOAD CMakeFiles/OV_watch_01.dir/LVGL_src/lv_roller.c.obj
LOAD CMakeFiles/OV_watch_01.dir/LVGL_src/lv_font_montserrat_38.c.obj
LOAD CMakeFiles/OV_watch_01.dir/LVGL_src/lv_font_unscii_8.c.obj
LOAD CMakeFiles/OV_watch_01.dir/LVGL_src/lv_tlsf.c.obj
LOAD CMakeFiles/OV_watch_01.dir/LVGL_src/lv_label.c.obj
LOAD CMakeFiles/OV_watch_01.dir/LVGL_src/lv_obj_pos.c.obj
LOAD CMakeFiles/OV_watch_01.dir/LVGL_src/lv_gpu_nxp_pxp_osa.c.obj
LOAD CMakeFiles/OV_watch_01.dir/LVGL_src/lv_fs_stdio.c.obj
LOAD CMakeFiles/OV_watch_01.dir/LVGL_src/lv_obj_style_gen.c.obj
LOAD CMakeFiles/OV_watch_01.dir/LVGL_src/lv_font_montserrat_40.c.obj
LOAD CMakeFiles/OV_watch_01.dir/LVGL_src/lv_tabview.c.obj
LOAD CMakeFiles/OV_watch_01.dir/BSP/MPU6050/eMPL/inv_mpu_dmp_motion_driver.c.obj
LOAD CMakeFiles/OV_watch_01.dir/BSP/TOUCH/CST816.c.obj
LOAD CMakeFiles/OV_watch_01.dir/BSP/IIC/iic_hal.c.obj
LOAD CMakeFiles/OV_watch_01.dir/LVGL/myGUI/custom/custom.c.obj
LOAD CMakeFiles/OV_watch_01.dir/LVGL/myGUI/generated/events_init.c.obj
LOAD CMakeFiles/OV_watch_01.dir/LVGL/myGUI/generated/gui_guider.c.obj
LOAD CMakeFiles/OV_watch_01.dir/LVGL/myGUI/generated/guider_fonts/lv_font_icomoon_18.c.obj
LOAD CMakeFiles/OV_watch_01.dir/LVGL/myGUI/generated/guider_fonts/lv_font_icomoon_24.c.obj
LOAD CMakeFiles/OV_watch_01.dir/LVGL/myGUI/generated/guider_fonts/lv_font_icomoon_32.c.obj
LOAD CMakeFiles/OV_watch_01.dir/LVGL/myGUI/generated/guider_fonts/lv_font_simsun_12.c.obj
LOAD CMakeFiles/OV_watch_01.dir/LVGL/myGUI/generated/guider_fonts/lv_font_simsun_18.c.obj
LOAD CMakeFiles/OV_watch_01.dir/LVGL/myGUI/generated/guider_fonts/lv_font_simsun_24.c.obj
LOAD CMakeFiles/OV_watch_01.dir/LVGL/myGUI/generated/guider_fonts/lv_font_simsun_32.c.obj
LOAD CMakeFiles/OV_watch_01.dir/LVGL/myGUI/generated/guider_fonts/lv_font_simsun_48.c.obj
LOAD CMakeFiles/OV_watch_01.dir/LVGL/myGUI/generated/setup_scr_calculator.c.obj
LOAD CMakeFiles/OV_watch_01.dir/LVGL/myGUI/generated/setup_scr_calendar.c.obj
LOAD CMakeFiles/OV_watch_01.dir/LVGL/myGUI/generated/setup_scr_card_bag.c.obj
LOAD CMakeFiles/OV_watch_01.dir/LVGL/myGUI/generated/setup_scr_environment.c.obj
LOAD CMakeFiles/OV_watch_01.dir/LVGL/myGUI/generated/setup_scr_menu2.c.obj
LOAD CMakeFiles/OV_watch_01.dir/LVGL/myGUI/generated/setup_scr_scr1.c.obj
LOAD CMakeFiles/OV_watch_01.dir/LVGL/myGUI/generated/setup_scr_second_chronograph.c.obj
LOAD CMakeFiles/OV_watch_01.dir/LVGL/myGUI/generated/widgets_init.c.obj
LOAD CMakeFiles/OV_watch_01.dir/Core/Src/main.c.obj
LOAD CMakeFiles/OV_watch_01.dir/Core/Src/gpio.c.obj
LOAD CMakeFiles/OV_watch_01.dir/Core/Src/freertos.c.obj
LOAD CMakeFiles/OV_watch_01.dir/Core/Src/adc.c.obj
LOAD CMakeFiles/OV_watch_01.dir/Core/Src/dma.c.obj
LOAD CMakeFiles/OV_watch_01.dir/Core/Src/rtc.c.obj
LOAD CMakeFiles/OV_watch_01.dir/Core/Src/spi.c.obj
LOAD CMakeFiles/OV_watch_01.dir/Core/Src/tim.c.obj
LOAD CMakeFiles/OV_watch_01.dir/Core/Src/usart.c.obj
LOAD CMakeFiles/OV_watch_01.dir/Core/Src/stm32f4xx_it.c.obj
LOAD CMakeFiles/OV_watch_01.dir/Core/Src/stm32f4xx_hal_msp.c.obj
LOAD CMakeFiles/OV_watch_01.dir/Core/Src/stm32f4xx_hal_timebase_tim.c.obj
LOAD CMakeFiles/OV_watch_01.dir/Drivers/STM32F4xx_HAL_Driver/Src/stm32f4xx_hal_tim.c.obj
LOAD CMakeFiles/OV_watch_01.dir/Drivers/STM32F4xx_HAL_Driver/Src/stm32f4xx_hal_tim_ex.c.obj
LOAD CMakeFiles/OV_watch_01.dir/Drivers/STM32F4xx_HAL_Driver/Src/stm32f4xx_hal_adc.c.obj
LOAD CMakeFiles/OV_watch_01.dir/Drivers/STM32F4xx_HAL_Driver/Src/stm32f4xx_hal_adc_ex.c.obj
LOAD CMakeFiles/OV_watch_01.dir/Drivers/STM32F4xx_HAL_Driver/Src/stm32f4xx_ll_adc.c.obj
LOAD CMakeFiles/OV_watch_01.dir/Drivers/STM32F4xx_HAL_Driver/Src/stm32f4xx_hal_rcc.c.obj
LOAD CMakeFiles/OV_watch_01.dir/Drivers/STM32F4xx_HAL_Driver/Src/stm32f4xx_hal_rcc_ex.c.obj
LOAD CMakeFiles/OV_watch_01.dir/Drivers/STM32F4xx_HAL_Driver/Src/stm32f4xx_hal_flash.c.obj
LOAD CMakeFiles/OV_watch_01.dir/Drivers/STM32F4xx_HAL_Driver/Src/stm32f4xx_hal_flash_ex.c.obj
LOAD CMakeFiles/OV_watch_01.dir/Drivers/STM32F4xx_HAL_Driver/Src/stm32f4xx_hal_flash_ramfunc.c.obj
LOAD CMakeFiles/OV_watch_01.dir/Drivers/STM32F4xx_HAL_Driver/Src/stm32f4xx_hal_gpio.c.obj
LOAD CMakeFiles/OV_watch_01.dir/Drivers/STM32F4xx_HAL_Driver/Src/stm32f4xx_hal_dma_ex.c.obj
LOAD CMakeFiles/OV_watch_01.dir/Drivers/STM32F4xx_HAL_Driver/Src/stm32f4xx_hal_dma.c.obj
LOAD CMakeFiles/OV_watch_01.dir/Drivers/STM32F4xx_HAL_Driver/Src/stm32f4xx_hal_pwr.c.obj
LOAD CMakeFiles/OV_watch_01.dir/Drivers/STM32F4xx_HAL_Driver/Src/stm32f4xx_hal_pwr_ex.c.obj
LOAD CMakeFiles/OV_watch_01.dir/Drivers/STM32F4xx_HAL_Driver/Src/stm32f4xx_hal_cortex.c.obj
LOAD CMakeFiles/OV_watch_01.dir/Drivers/STM32F4xx_HAL_Driver/Src/stm32f4xx_hal.c.obj
LOAD CMakeFiles/OV_watch_01.dir/Drivers/STM32F4xx_HAL_Driver/Src/stm32f4xx_hal_exti.c.obj
LOAD CMakeFiles/OV_watch_01.dir/Drivers/STM32F4xx_HAL_Driver/Src/stm32f4xx_hal_rtc.c.obj
LOAD CMakeFiles/OV_watch_01.dir/Drivers/STM32F4xx_HAL_Driver/Src/stm32f4xx_hal_rtc_ex.c.obj
LOAD CMakeFiles/OV_watch_01.dir/Drivers/STM32F4xx_HAL_Driver/Src/stm32f4xx_hal_spi.c.obj
LOAD CMakeFiles/OV_watch_01.dir/Drivers/STM32F4xx_HAL_Driver/Src/stm32f4xx_hal_uart.c.obj
LOAD CMakeFiles/OV_watch_01.dir/Core/Src/system_stm32f4xx.c.obj
LOAD CMakeFiles/OV_watch_01.dir/Middlewares/Third_Party/FreeRTOS/Source/croutine.c.obj
LOAD CMakeFiles/OV_watch_01.dir/Middlewares/Third_Party/FreeRTOS/Source/event_groups.c.obj
LOAD CMakeFiles/OV_watch_01.dir/Middlewares/Third_Party/FreeRTOS/Source/list.c.obj
LOAD CMakeFiles/OV_watch_01.dir/Middlewares/Third_Party/FreeRTOS/Source/queue.c.obj
LOAD CMakeFiles/OV_watch_01.dir/Middlewares/Third_Party/FreeRTOS/Source/stream_buffer.c.obj
LOAD CMakeFiles/OV_watch_01.dir/Middlewares/Third_Party/FreeRTOS/Source/tasks.c.obj
LOAD CMakeFiles/OV_watch_01.dir/Middlewares/Third_Party/FreeRTOS/Source/timers.c.obj
LOAD CMakeFiles/OV_watch_01.dir/Middlewares/Third_Party/FreeRTOS/Source/CMSIS_RTOS_V2/cmsis_os2.c.obj
LOAD CMakeFiles/OV_watch_01.dir/Middlewares/Third_Party/FreeRTOS/Source/portable/MemMang/heap_4.c.obj
LOAD CMakeFiles/OV_watch_01.dir/Middlewares/Third_Party/FreeRTOS/Source/portable/GCC/ARM_CM4F/port.c.obj
LOAD CMakeFiles/OV_watch_01.dir/Core/Src/sysmem.c.obj
LOAD CMakeFiles/OV_watch_01.dir/Core/Src/syscalls.c.obj
LOAD CMakeFiles/OV_watch_01.dir/startup_stm32f411xe.s.obj
START GROUP
LOAD D:/STM32CubeCLT/STM32CubeCLT/STM32CubeCLT_1.19.0/GNU-tools-for-STM32/bin/../lib/gcc/arm-none-eabi/13.3.1/thumb/v7e-m+fp/hard\libgcc.a
LOAD D:/STM32CubeCLT/STM32CubeCLT/STM32CubeCLT_1.19.0/GNU-tools-for-STM32/bin/../lib/gcc/arm-none-eabi/13.3.1/../../../../arm-none-eabi/lib/thumb/v7e-m+fp/hard\libc_nano.a
END GROUP
START GROUP
LOAD D:/STM32CubeCLT/STM32CubeCLT/STM32CubeCLT_1.19.0/GNU-tools-for-STM32/bin/../lib/gcc/arm-none-eabi/13.3.1/thumb/v7e-m+fp/hard\libgcc.a
LOAD D:/STM32CubeCLT/STM32CubeCLT/STM32CubeCLT_1.19.0/GNU-tools-for-STM32/bin/../lib/gcc/arm-none-eabi/13.3.1/../../../../arm-none-eabi/lib/thumb/v7e-m+fp/hard\libc_nano.a
END GROUP
LOAD D:/STM32CubeCLT/STM32CubeCLT/STM32CubeCLT_1.19.0/GNU-tools-for-STM32/bin/../lib/gcc/arm-none-eabi/13.3.1/thumb/v7e-m+fp/hard/crtend.o
LOAD D:/STM32CubeCLT/STM32CubeCLT/STM32CubeCLT_1.19.0/GNU-tools-for-STM32/bin/../lib/gcc/arm-none-eabi/13.3.1/thumb/v7e-m+fp/hard/crtn.o
                0x20020000                        _estack = (ORIGIN (RAM) + LENGTH (RAM))
                0x00000200                        _Min_Heap_Size = 0x200
                0x00001000                        _Min_Stack_Size = 0x1000

.isr_vector     0x08000000      0x198
                0x08000000                        . = ALIGN (0x4)
 *(.isr_vector)
 .isr_vector    0x08000000      0x198 CMakeFiles/OV_watch_01.dir/startup_stm32f411xe.s.obj
                0x08000000                g_pfnVectors
                0x08000198                        . = ALIGN (0x4)

.text           0x080001a0    0x2fac8
                0x080001a0                        . = ALIGN (0x4)
 *(.text)
 .text          0x080001a0       0x40 D:/STM32CubeCLT/STM32CubeCLT/STM32CubeCLT_1.19.0/GNU-tools-for-STM32/bin/../lib/gcc/arm-none-eabi/13.3.1/thumb/v7e-m+fp/hard/crtbegin.o
 .text          0x080001e0       0x30 D:/STM32CubeCLT/STM32CubeCLT/STM32CubeCLT_1.19.0/GNU-tools-for-STM32/bin/../lib/gcc/arm-none-eabi/13.3.1/thumb/v7e-m+fp/hard\libgcc.a(_aeabi_uldivmod.o)
                0x080001e0                __aeabi_uldivmod
 .text          0x08000210      0x2f8 D:/STM32CubeCLT/STM32CubeCLT/STM32CubeCLT_1.19.0/GNU-tools-for-STM32/bin/../lib/gcc/arm-none-eabi/13.3.1/thumb/v7e-m+fp/hard\libgcc.a(_udivmoddi4.o)
                0x08000210                __udivmoddi4
 .text          0x08000508        0x4 D:/STM32CubeCLT/STM32CubeCLT/STM32CubeCLT_1.19.0/GNU-tools-for-STM32/bin/../lib/gcc/arm-none-eabi/13.3.1/thumb/v7e-m+fp/hard\libgcc.a(_dvmd_tls.o)
                0x08000508                __aeabi_idiv0
                0x08000508                __aeabi_ldiv0
 .text          0x0800050c       0x14 D:/STM32CubeCLT/STM32CubeCLT/STM32CubeCLT_1.19.0/GNU-tools-for-STM32/bin/../lib/gcc/arm-none-eabi/13.3.1/../../../../arm-none-eabi/lib/thumb/v7e-m+fp/hard\libc_nano.a(libc_a-strcmp.o)
                0x0800050c                strcmp
 .text          0x08000520       0x10 D:/STM32CubeCLT/STM32CubeCLT/STM32CubeCLT_1.19.0/GNU-tools-for-STM32/bin/../lib/gcc/arm-none-eabi/13.3.1/../../../../arm-none-eabi/lib/thumb/v7e-m+fp/hard\libc_nano.a(libc_a-strlen.o)
                0x08000520                strlen
 .text          0x08000530       0xa0 D:/STM32CubeCLT/STM32CubeCLT/STM32CubeCLT_1.19.0/GNU-tools-for-STM32/bin/../lib/gcc/arm-none-eabi/13.3.1/../../../../arm-none-eabi/lib/thumb/v7e-m+fp/hard\libc_nano.a(libc_a-memchr.o)
                0x08000530                memchr
 *(.text*)
 .text.__seofread
                0x080005d0        0x4 D:/STM32CubeCLT/STM32CubeCLT/STM32CubeCLT_1.19.0/GNU-tools-for-STM32/bin/../lib/gcc/arm-none-eabi/13.3.1/../../../../arm-none-eabi/lib/thumb/v7e-m+fp/hard\libc_nano.a(libc_a-stdio.o)
                0x080005d0                __seofread
 .text.memset   0x080005d4       0x10 D:/STM32CubeCLT/STM32CubeCLT/STM32CubeCLT_1.19.0/GNU-tools-for-STM32/bin/../lib/gcc/arm-none-eabi/13.3.1/../../../../arm-none-eabi/lib/thumb/v7e-m+fp/hard\libc_nano.a(libc_a-memset.o)
                0x080005d4                memset
 .text.__libc_init_array
                0x080005e4       0x48 D:/STM32CubeCLT/STM32CubeCLT/STM32CubeCLT_1.19.0/GNU-tools-for-STM32/bin/../lib/gcc/arm-none-eabi/13.3.1/../../../../arm-none-eabi/lib/thumb/v7e-m+fp/hard\libc_nano.a(libc_a-init.o)
                0x080005e4                __libc_init_array
 .text.__retarget_lock_acquire_recursive
                0x0800062c        0x2 D:/STM32CubeCLT/STM32CubeCLT/STM32CubeCLT_1.19.0/GNU-tools-for-STM32/bin/../lib/gcc/arm-none-eabi/13.3.1/../../../../arm-none-eabi/lib/thumb/v7e-m+fp/hard\libc_nano.a(libc_a-lock.o)
                0x0800062c                __retarget_lock_acquire_recursive
 .text.__retarget_lock_release_recursive
                0x0800062e        0x2 D:/STM32CubeCLT/STM32CubeCLT/STM32CubeCLT_1.19.0/GNU-tools-for-STM32/bin/../lib/gcc/arm-none-eabi/13.3.1/../../../../arm-none-eabi/lib/thumb/v7e-m+fp/hard\libc_nano.a(libc_a-lock.o)
                0x0800062e                __retarget_lock_release_recursive
 .text._free_r  0x08000630       0x94 D:/STM32CubeCLT/STM32CubeCLT/STM32CubeCLT_1.19.0/GNU-tools-for-STM32/bin/../lib/gcc/arm-none-eabi/13.3.1/../../../../arm-none-eabi/lib/thumb/v7e-m+fp/hard\libc_nano.a(libc_a-freer.o)
                0x08000630                _free_r
 .text.sbrk_aligned
                0x080006c4       0x44 D:/STM32CubeCLT/STM32CubeCLT/STM32CubeCLT_1.19.0/GNU-tools-for-STM32/bin/../lib/gcc/arm-none-eabi/13.3.1/../../../../arm-none-eabi/lib/thumb/v7e-m+fp/hard\libc_nano.a(libc_a-mallocr.o)
 .text._malloc_r
                0x08000708      0x100 D:/STM32CubeCLT/STM32CubeCLT/STM32CubeCLT_1.19.0/GNU-tools-for-STM32/bin/../lib/gcc/arm-none-eabi/13.3.1/../../../../arm-none-eabi/lib/thumb/v7e-m+fp/hard\libc_nano.a(libc_a-mallocr.o)
                0x08000708                _malloc_r
 .text.__malloc_lock
                0x08000808        0xc D:/STM32CubeCLT/STM32CubeCLT/STM32CubeCLT_1.19.0/GNU-tools-for-STM32/bin/../lib/gcc/arm-none-eabi/13.3.1/../../../../arm-none-eabi/lib/thumb/v7e-m+fp/hard\libc_nano.a(libc_a-mlock.o)
                0x08000808                __malloc_lock
 .text.__malloc_unlock
                0x08000814        0xc D:/STM32CubeCLT/STM32CubeCLT/STM32CubeCLT_1.19.0/GNU-tools-for-STM32/bin/../lib/gcc/arm-none-eabi/13.3.1/../../../../arm-none-eabi/lib/thumb/v7e-m+fp/hard\libc_nano.a(libc_a-mlock.o)
                0x08000814                __malloc_unlock
 .text._sbrk_r  0x08000820       0x20 D:/STM32CubeCLT/STM32CubeCLT/STM32CubeCLT_1.19.0/GNU-tools-for-STM32/bin/../lib/gcc/arm-none-eabi/13.3.1/../../../../arm-none-eabi/lib/thumb/v7e-m+fp/hard\libc_nano.a(libc_a-sbrkr.o)
                0x08000820                _sbrk_r
 .text.delay_init
                0x08000840       0x2c CMakeFiles/OV_watch_01.dir/SYSTEM/delay.c.obj
                0x08000840                delay_init
 .text.delay_us
                0x0800086c       0x2e CMakeFiles/OV_watch_01.dir/SYSTEM/delay.c.obj
                0x0800086c                delay_us
 .text.delay_ms
                0x0800089a       0x18 CMakeFiles/OV_watch_01.dir/SYSTEM/delay.c.obj
                0x0800089a                delay_ms
 .text.LCD_Fill
                0x080008b2       0x40 CMakeFiles/OV_watch_01.dir/BSP/LCD/lcd.c.obj
                0x080008b2                LCD_Fill
 *fill*         0x080008f2        0x2 
 .text.LCD_Color_Fill
                0x080008f4       0x58 CMakeFiles/OV_watch_01.dir/BSP/LCD/lcd.c.obj
                0x080008f4                LCD_Color_Fill
 .text.LCD_DrawPoint
                0x0800094c       0x16 CMakeFiles/OV_watch_01.dir/BSP/LCD/lcd.c.obj
                0x0800094c                LCD_DrawPoint
 *fill*         0x08000962        0x2 
 .text.LCD_ShowChar
                0x08000964      0x11c CMakeFiles/OV_watch_01.dir/BSP/LCD/lcd.c.obj
                0x08000964                LCD_ShowChar
 .text.LCD_ShowString
                0x08000a80       0x42 CMakeFiles/OV_watch_01.dir/BSP/LCD/lcd.c.obj
                0x08000a80                LCD_ShowString
 .text.LCD_ShowIntNum
                0x08000ac2       0x9a CMakeFiles/OV_watch_01.dir/BSP/LCD/lcd.c.obj
                0x08000ac2                LCD_ShowIntNum
 .text.LCD_GPIO_Init
                0x08000b5c       0x50 CMakeFiles/OV_watch_01.dir/BSP/LCD/lcd_init.c.obj
                0x08000b5c                LCD_GPIO_Init
 .text.LCD_Writ_Bus
                0x08000bac       0x20 CMakeFiles/OV_watch_01.dir/BSP/LCD/lcd_init.c.obj
                0x08000bac                LCD_Writ_Bus
 .text.LCD_WR_DATA
                0x08000bcc       0x20 CMakeFiles/OV_watch_01.dir/BSP/LCD/lcd_init.c.obj
                0x08000bcc                LCD_WR_DATA
 .text.LCD_WR_REG
                0x08000bec       0x2c CMakeFiles/OV_watch_01.dir/BSP/LCD/lcd_init.c.obj
                0x08000bec                LCD_WR_REG
 .text.LCD_Address_Set
                0x08000c18       0x38 CMakeFiles/OV_watch_01.dir/BSP/LCD/lcd_init.c.obj
                0x08000c18                LCD_Address_Set
 .text.LCD_Set_Light
                0x08000c50       0x18 CMakeFiles/OV_watch_01.dir/BSP/LCD/lcd_init.c.obj
                0x08000c50                LCD_Set_Light
 .text.LCD_Init
                0x08000c68      0x1ac CMakeFiles/OV_watch_01.dir/BSP/LCD/lcd_init.c.obj
                0x08000c68                LCD_Init
 .text.disp_flush
                0x08000e14       0x2c CMakeFiles/OV_watch_01.dir/LVGL_porting/lv_port_disp.c.obj
 .text.lv_port_disp_init
                0x08000e40       0x44 CMakeFiles/OV_watch_01.dir/LVGL_porting/lv_port_disp.c.obj
                0x08000e40                lv_port_disp_init
 .text.touchpad_read
                0x08000e84       0x5c CMakeFiles/OV_watch_01.dir/LVGL_porting/lv_port_indev.c.obj
 .text.lv_port_indev_init
                0x08000ee0       0x2c CMakeFiles/OV_watch_01.dir/LVGL_porting/lv_port_indev.c.obj
                0x08000ee0                lv_port_indev_init
 .text.lv_disp_drv_init
                0x08000f0c       0x48 CMakeFiles/OV_watch_01.dir/LVGL_src/lv_hal_disp.c.obj
                0x08000f0c                lv_disp_drv_init
 .text.lv_disp_draw_buf_init
                0x08000f54       0x1a CMakeFiles/OV_watch_01.dir/LVGL_src/lv_hal_disp.c.obj
                0x08000f54                lv_disp_draw_buf_init
 *fill*         0x08000f6e        0x2 
 .text.lv_disp_drv_register
                0x08000f70      0x134 CMakeFiles/OV_watch_01.dir/LVGL_src/lv_hal_disp.c.obj
                0x08000f70                lv_disp_drv_register
 .text.lv_disp_get_default
                0x080010a4        0xc CMakeFiles/OV_watch_01.dir/LVGL_src/lv_hal_disp.c.obj
                0x080010a4                lv_disp_get_default
 .text.lv_disp_get_hor_res
                0x080010b0       0x20 CMakeFiles/OV_watch_01.dir/LVGL_src/lv_hal_disp.c.obj
                0x080010b0                lv_disp_get_hor_res
 .text.lv_disp_get_ver_res
                0x080010d0       0x20 CMakeFiles/OV_watch_01.dir/LVGL_src/lv_hal_disp.c.obj
                0x080010d0                lv_disp_get_ver_res
 .text.lv_disp_get_dpi
                0x080010f0       0x1c CMakeFiles/OV_watch_01.dir/LVGL_src/lv_hal_disp.c.obj
                0x080010f0                lv_disp_get_dpi
 .text.lv_disp_flush_ready
                0x0800110c        0xa CMakeFiles/OV_watch_01.dir/LVGL_src/lv_hal_disp.c.obj
                0x0800110c                lv_disp_flush_ready
 *fill*         0x08001116        0x2 
 .text.lv_disp_get_next
                0x08001118       0x14 CMakeFiles/OV_watch_01.dir/LVGL_src/lv_hal_disp.c.obj
                0x08001118                lv_disp_get_next
 .text.lv_disp_get_draw_buf
                0x0800112c        0x6 CMakeFiles/OV_watch_01.dir/LVGL_src/lv_hal_disp.c.obj
                0x0800112c                lv_disp_get_draw_buf
 *fill*         0x08001132        0x2 
 .text.lv_indev_drv_init
                0x08001134       0x20 CMakeFiles/OV_watch_01.dir/LVGL_src/lv_hal_indev.c.obj
                0x08001134                lv_indev_drv_init
 .text.lv_indev_drv_register
                0x08001154       0x4c CMakeFiles/OV_watch_01.dir/LVGL_src/lv_hal_indev.c.obj
                0x08001154                lv_indev_drv_register
 .text.lv_indev_get_next
                0x080011a0       0x14 CMakeFiles/OV_watch_01.dir/LVGL_src/lv_hal_indev.c.obj
                0x080011a0                lv_indev_get_next
 .text._lv_indev_read
                0x080011b4       0x3e CMakeFiles/OV_watch_01.dir/LVGL_src/lv_hal_indev.c.obj
                0x080011b4                _lv_indev_read
 .text.lv_anim_path_linear
                0x080011f2       0x26 CMakeFiles/OV_watch_01.dir/LVGL_src/lv_anim.c.obj
                0x080011f2                lv_anim_path_linear
 .text.anim_mark_list_change
                0x08001218       0x34 CMakeFiles/OV_watch_01.dir/LVGL_src/lv_anim.c.obj
 .text.anim_timer
                0x0800124c      0x174 CMakeFiles/OV_watch_01.dir/LVGL_src/lv_anim.c.obj
 .text._lv_anim_core_init
                0x080013c0       0x34 CMakeFiles/OV_watch_01.dir/LVGL_src/lv_anim.c.obj
                0x080013c0                _lv_anim_core_init
 .text.lv_anim_init
                0x080013f4       0x34 CMakeFiles/OV_watch_01.dir/LVGL_src/lv_anim.c.obj
                0x080013f4                lv_anim_init
 .text.lv_anim_del
                0x08001428       0x60 CMakeFiles/OV_watch_01.dir/LVGL_src/lv_anim.c.obj
                0x08001428                lv_anim_del
 .text.lv_anim_start
                0x08001488       0x84 CMakeFiles/OV_watch_01.dir/LVGL_src/lv_anim.c.obj
                0x08001488                lv_anim_start
 .text.lv_anim_get
                0x0800150c       0x30 CMakeFiles/OV_watch_01.dir/LVGL_src/lv_anim.c.obj
                0x0800150c                lv_anim_get
 .text.lv_anim_speed_to_time
                0x0800153c       0x1c CMakeFiles/OV_watch_01.dir/LVGL_src/lv_anim.c.obj
                0x0800153c                lv_anim_speed_to_time
 .text.lv_anim_path_ease_out
                0x08001558       0x36 CMakeFiles/OV_watch_01.dir/LVGL_src/lv_anim.c.obj
                0x08001558                lv_anim_path_ease_out
 .text.lv_anim_path_ease_in_out
                0x0800158e       0x34 CMakeFiles/OV_watch_01.dir/LVGL_src/lv_anim.c.obj
                0x0800158e                lv_anim_path_ease_in_out
 .text.lv_anim_path_step
                0x080015c2        0xe CMakeFiles/OV_watch_01.dir/LVGL_src/lv_anim.c.obj
                0x080015c2                lv_anim_path_step
 .text.get_angle
                0x080015d0       0x6c CMakeFiles/OV_watch_01.dir/LVGL_src/lv_arc.c.obj
 .text.lv_obj_get_style_arc_width
                0x0800163c        0xc CMakeFiles/OV_watch_01.dir/LVGL_src/lv_arc.c.obj
 .text.lv_obj_get_style_pad_left
                0x08001648        0xc CMakeFiles/OV_watch_01.dir/LVGL_src/lv_arc.c.obj
 .text.lv_obj_get_style_pad_right
                0x08001654        0xc CMakeFiles/OV_watch_01.dir/LVGL_src/lv_arc.c.obj
 .text.lv_obj_get_style_pad_top
                0x08001660        0xc CMakeFiles/OV_watch_01.dir/LVGL_src/lv_arc.c.obj
 .text.lv_obj_get_style_pad_bottom
                0x0800166c        0xc CMakeFiles/OV_watch_01.dir/LVGL_src/lv_arc.c.obj
 .text.get_center
                0x08001678       0x8a CMakeFiles/OV_watch_01.dir/LVGL_src/lv_arc.c.obj
 .text.get_knob_area
                0x08001702       0xae CMakeFiles/OV_watch_01.dir/LVGL_src/lv_arc.c.obj
 .text.lv_arc_constructor
                0x080017b0       0x6c CMakeFiles/OV_watch_01.dir/LVGL_src/lv_arc.c.obj
 .text.inv_arc_area
                0x0800181c       0xaa CMakeFiles/OV_watch_01.dir/LVGL_src/lv_arc.c.obj
 .text.knob_get_extra_size
                0x080018c6       0xa6 CMakeFiles/OV_watch_01.dir/LVGL_src/lv_arc.c.obj
 .text.inv_knob_area
                0x0800196c       0x3a CMakeFiles/OV_watch_01.dir/LVGL_src/lv_arc.c.obj
 *fill*         0x080019a6        0x2 
 .text.lv_arc_create
                0x080019a8       0x18 CMakeFiles/OV_watch_01.dir/LVGL_src/lv_arc.c.obj
                0x080019a8                lv_arc_create
 .text.lv_arc_set_start_angle
                0x080019c0       0x80 CMakeFiles/OV_watch_01.dir/LVGL_src/lv_arc.c.obj
                0x080019c0                lv_arc_set_start_angle
 .text.lv_arc_set_end_angle
                0x08001a40       0x80 CMakeFiles/OV_watch_01.dir/LVGL_src/lv_arc.c.obj
                0x08001a40                lv_arc_set_end_angle
 .text.lv_arc_set_angles
                0x08001ac0       0x18 CMakeFiles/OV_watch_01.dir/LVGL_src/lv_arc.c.obj
                0x08001ac0                lv_arc_set_angles
 .text.value_update
                0x08001ad8       0xd0 CMakeFiles/OV_watch_01.dir/LVGL_src/lv_arc.c.obj
 .text.lv_arc_set_bg_start_angle
                0x08001ba8       0x76 CMakeFiles/OV_watch_01.dir/LVGL_src/lv_arc.c.obj
                0x08001ba8                lv_arc_set_bg_start_angle
 .text.lv_arc_set_bg_end_angle
                0x08001c1e       0x76 CMakeFiles/OV_watch_01.dir/LVGL_src/lv_arc.c.obj
                0x08001c1e                lv_arc_set_bg_end_angle
 .text.lv_arc_set_bg_angles
                0x08001c94       0x18 CMakeFiles/OV_watch_01.dir/LVGL_src/lv_arc.c.obj
                0x08001c94                lv_arc_set_bg_angles
 .text.lv_arc_set_rotation
                0x08001cac        0x6 CMakeFiles/OV_watch_01.dir/LVGL_src/lv_arc.c.obj
                0x08001cac                lv_arc_set_rotation
 .text.lv_arc_set_value
                0x08001cb2       0x32 CMakeFiles/OV_watch_01.dir/LVGL_src/lv_arc.c.obj
                0x08001cb2                lv_arc_set_value
 .text.lv_arc_set_mode
                0x08001ce4       0x66 CMakeFiles/OV_watch_01.dir/LVGL_src/lv_arc.c.obj
                0x08001ce4                lv_arc_set_mode
 *fill*         0x08001d4a        0x2 
 .text.lv_arc_event
                0x08001d4c      0x6c0 CMakeFiles/OV_watch_01.dir/LVGL_src/lv_arc.c.obj
 .text.lv_arc_set_range
                0x0800240c       0x2e CMakeFiles/OV_watch_01.dir/LVGL_src/lv_arc.c.obj
                0x0800240c                lv_arc_set_range
 .text.lv_point_within_circle.isra.0
                0x0800243a       0x34 CMakeFiles/OV_watch_01.dir/LVGL_src/lv_area.c.obj
 .text.lv_area_set
                0x0800246e        0xe CMakeFiles/OV_watch_01.dir/LVGL_src/lv_area.c.obj
                0x0800246e                lv_area_set
 .text.lv_area_set_width
                0x0800247c        0xa CMakeFiles/OV_watch_01.dir/LVGL_src/lv_area.c.obj
                0x0800247c                lv_area_set_width
 .text.lv_area_set_height
                0x08002486        0xa CMakeFiles/OV_watch_01.dir/LVGL_src/lv_area.c.obj
                0x08002486                lv_area_set_height
 .text.lv_area_get_size
                0x08002490       0x1c CMakeFiles/OV_watch_01.dir/LVGL_src/lv_area.c.obj
                0x08002490                lv_area_get_size
 .text.lv_area_increase
                0x080024ac       0x1e CMakeFiles/OV_watch_01.dir/LVGL_src/lv_area.c.obj
                0x080024ac                lv_area_increase
 .text.lv_area_move
                0x080024ca       0x22 CMakeFiles/OV_watch_01.dir/LVGL_src/lv_area.c.obj
                0x080024ca                lv_area_move
 .text._lv_area_intersect
                0x080024ec       0x56 CMakeFiles/OV_watch_01.dir/LVGL_src/lv_area.c.obj
                0x080024ec                _lv_area_intersect
 .text._lv_area_join
                0x08002542       0x44 CMakeFiles/OV_watch_01.dir/LVGL_src/lv_area.c.obj
                0x08002542                _lv_area_join
 .text._lv_area_is_point_on
                0x08002586      0x12a CMakeFiles/OV_watch_01.dir/LVGL_src/lv_area.c.obj
                0x08002586                _lv_area_is_point_on
 .text._lv_area_is_on
                0x080026b0       0x3a CMakeFiles/OV_watch_01.dir/LVGL_src/lv_area.c.obj
                0x080026b0                _lv_area_is_on
 .text._lv_area_is_in
                0x080026ea       0x92 CMakeFiles/OV_watch_01.dir/LVGL_src/lv_area.c.obj
                0x080026ea                _lv_area_is_in
 .text._lv_area_diff
                0x0800277c      0x138 CMakeFiles/OV_watch_01.dir/LVGL_src/lv_area.c.obj
                0x0800277c                _lv_area_diff
 .text._lv_area_is_out
                0x080028b4       0x98 CMakeFiles/OV_watch_01.dir/LVGL_src/lv_area.c.obj
                0x080028b4                _lv_area_is_out
 .text.lv_point_transform
                0x0800294c      0x12c CMakeFiles/OV_watch_01.dir/LVGL_src/lv_area.c.obj
                0x0800294c                lv_point_transform
 .text.lv_mem_init
                0x08002a78       0x1c CMakeFiles/OV_watch_01.dir/LVGL_src/lv_mem.c.obj
                0x08002a78                lv_mem_init
 .text.lv_mem_alloc
                0x08002a94       0x3c CMakeFiles/OV_watch_01.dir/LVGL_src/lv_mem.c.obj
                0x08002a94                lv_mem_alloc
 .text.lv_mem_free
                0x08002ad0       0x30 CMakeFiles/OV_watch_01.dir/LVGL_src/lv_mem.c.obj
                0x08002ad0                lv_mem_free
 .text.lv_mem_realloc
                0x08002b00       0x34 CMakeFiles/OV_watch_01.dir/LVGL_src/lv_mem.c.obj
                0x08002b00                lv_mem_realloc
 .text.lv_mem_buf_get
                0x08002b34       0x94 CMakeFiles/OV_watch_01.dir/LVGL_src/lv_mem.c.obj
                0x08002b34                lv_mem_buf_get
 .text.lv_mem_buf_release
                0x08002bc8       0x28 CMakeFiles/OV_watch_01.dir/LVGL_src/lv_mem.c.obj
                0x08002bc8                lv_mem_buf_release
 .text.lv_mem_buf_free_all
                0x08002bf0       0x34 CMakeFiles/OV_watch_01.dir/LVGL_src/lv_mem.c.obj
                0x08002bf0                lv_mem_buf_free_all
 .text.lv_memcpy
                0x08002c24      0x1ea CMakeFiles/OV_watch_01.dir/LVGL_src/lv_mem.c.obj
                0x08002c24                lv_memcpy
 .text.lv_memset
                0x08002e0e       0x64 CMakeFiles/OV_watch_01.dir/LVGL_src/lv_mem.c.obj
                0x08002e0e                lv_memset
 .text.lv_memset_00
                0x08002e72       0x62 CMakeFiles/OV_watch_01.dir/LVGL_src/lv_mem.c.obj
                0x08002e72                lv_memset_00
 .text.lv_memset_ff
                0x08002ed4       0x66 CMakeFiles/OV_watch_01.dir/LVGL_src/lv_mem.c.obj
                0x08002ed4                lv_memset_ff
 .text.lv_area_get_width
                0x08002f3a        0xc CMakeFiles/OV_watch_01.dir/LVGL_src/lv_bar.c.obj
 .text.lv_area_get_height
                0x08002f46        0xc CMakeFiles/OV_watch_01.dir/LVGL_src/lv_bar.c.obj
 .text.lv_bar_destructor
                0x08002f52       0x1c CMakeFiles/OV_watch_01.dir/LVGL_src/lv_bar.c.obj
 .text.lv_bar_anim_ready
                0x08002f6e       0x28 CMakeFiles/OV_watch_01.dir/LVGL_src/lv_bar.c.obj
 .text.lv_bar_anim
                0x08002f96        0x8 CMakeFiles/OV_watch_01.dir/LVGL_src/lv_bar.c.obj
 *fill*         0x08002f9e        0x2 
 .text.lv_bar_set_value_with_anim
                0x08002fa0       0x7c CMakeFiles/OV_watch_01.dir/LVGL_src/lv_bar.c.obj
 .text.draw_indic
                0x0800301c      0x514 CMakeFiles/OV_watch_01.dir/LVGL_src/lv_bar.c.obj
 .text.lv_bar_event
                0x08003530       0xcc CMakeFiles/OV_watch_01.dir/LVGL_src/lv_bar.c.obj
 .text.lv_bar_create
                0x080035fc       0x18 CMakeFiles/OV_watch_01.dir/LVGL_src/lv_bar.c.obj
                0x080035fc                lv_bar_create
 .text.lv_bar_set_value
                0x08003614       0x38 CMakeFiles/OV_watch_01.dir/LVGL_src/lv_bar.c.obj
                0x08003614                lv_bar_set_value
 .text.lv_bar_constructor
                0x0800364c       0x52 CMakeFiles/OV_watch_01.dir/LVGL_src/lv_bar.c.obj
 .text.lv_bar_set_start_value
                0x0800369e       0x3e CMakeFiles/OV_watch_01.dir/LVGL_src/lv_bar.c.obj
                0x0800369e                lv_bar_set_start_value
 .text.lv_bar_set_range
                0x080036dc       0x54 CMakeFiles/OV_watch_01.dir/LVGL_src/lv_bar.c.obj
                0x080036dc                lv_bar_set_range
 .text.lv_bar_set_mode
                0x08003730       0x1c CMakeFiles/OV_watch_01.dir/LVGL_src/lv_bar.c.obj
                0x08003730                lv_bar_set_mode
 .text.lv_bar_get_value
                0x0800374c        0xc CMakeFiles/OV_watch_01.dir/LVGL_src/lv_bar.c.obj
                0x0800374c                lv_bar_get_value
 .text.lv_bar_get_start_value
                0x08003758       0x1c CMakeFiles/OV_watch_01.dir/LVGL_src/lv_bar.c.obj
                0x08003758                lv_bar_get_start_value
 .text.lv_bar_get_mode
                0x08003774        0xa CMakeFiles/OV_watch_01.dir/LVGL_src/lv_bar.c.obj
                0x08003774                lv_bar_get_mode
 .text.lv_btn_constructor
                0x0800377e       0x1a CMakeFiles/OV_watch_01.dir/LVGL_src/lv_btn.c.obj
 .text.lv_btn_create
                0x08003798       0x18 CMakeFiles/OV_watch_01.dir/LVGL_src/lv_btn.c.obj
                0x08003798                lv_btn_create
 .text.lv_btnmatrix_destructor
                0x080037b0       0x18 CMakeFiles/OV_watch_01.dir/LVGL_src/lv_btnmatrix.c.obj
 .text.lv_obj_get_style_pad_column.constprop.0
                0x080037c8        0xe CMakeFiles/OV_watch_01.dir/LVGL_src/lv_btnmatrix.c.obj
 *fill*         0x080037d6        0x2 
 .text.lv_btnmatrix_set_map.part.0
                0x080037d8      0x25c CMakeFiles/OV_watch_01.dir/LVGL_src/lv_btnmatrix.c.obj
 .text.lv_btnmatrix_constructor
                0x08003a34       0x28 CMakeFiles/OV_watch_01.dir/LVGL_src/lv_btnmatrix.c.obj
 .text.draw_main
                0x08003a5c      0x3a4 CMakeFiles/OV_watch_01.dir/LVGL_src/lv_btnmatrix.c.obj
 .text.get_button_from_point
                0x08003e00      0x190 CMakeFiles/OV_watch_01.dir/LVGL_src/lv_btnmatrix.c.obj
 .text.invalidate_button_area
                0x08003f90       0xda CMakeFiles/OV_watch_01.dir/LVGL_src/lv_btnmatrix.c.obj
 *fill*         0x0800406a        0x2 
 .text.lv_btnmatrix_create
                0x0800406c       0x18 CMakeFiles/OV_watch_01.dir/LVGL_src/lv_btnmatrix.c.obj
                0x0800406c                lv_btnmatrix_create
 .text.lv_btnmatrix_set_map
                0x08004084        0x8 CMakeFiles/OV_watch_01.dir/LVGL_src/lv_btnmatrix.c.obj
                0x08004084                lv_btnmatrix_set_map
 .text.lv_btnmatrix_set_ctrl_map
                0x0800408c       0x1a CMakeFiles/OV_watch_01.dir/LVGL_src/lv_btnmatrix.c.obj
                0x0800408c                lv_btnmatrix_set_ctrl_map
 .text.lv_btnmatrix_set_selected_btn
                0x080040a6       0x2c CMakeFiles/OV_watch_01.dir/LVGL_src/lv_btnmatrix.c.obj
                0x080040a6                lv_btnmatrix_set_selected_btn
 .text.lv_btnmatrix_clear_btn_ctrl
                0x080040d2       0x48 CMakeFiles/OV_watch_01.dir/LVGL_src/lv_btnmatrix.c.obj
                0x080040d2                lv_btnmatrix_clear_btn_ctrl
 .text.lv_btnmatrix_clear_btn_ctrl_all
                0x0800411a       0x1e CMakeFiles/OV_watch_01.dir/LVGL_src/lv_btnmatrix.c.obj
                0x0800411a                lv_btnmatrix_clear_btn_ctrl_all
 .text.lv_btnmatrix_set_btn_ctrl
                0x08004138       0x7a CMakeFiles/OV_watch_01.dir/LVGL_src/lv_btnmatrix.c.obj
                0x08004138                lv_btnmatrix_set_btn_ctrl
 .text.lv_btnmatrix_set_btn_ctrl_all
                0x080041b2       0x1e CMakeFiles/OV_watch_01.dir/LVGL_src/lv_btnmatrix.c.obj
                0x080041b2                lv_btnmatrix_set_btn_ctrl_all
 .text.lv_btnmatrix_get_selected_btn
                0x080041d0        0x4 CMakeFiles/OV_watch_01.dir/LVGL_src/lv_btnmatrix.c.obj
                0x080041d0                lv_btnmatrix_get_selected_btn
 .text.lv_btnmatrix_get_btn_text
                0x080041d4       0x5c CMakeFiles/OV_watch_01.dir/LVGL_src/lv_btnmatrix.c.obj
                0x080041d4                lv_btnmatrix_get_btn_text
 .text.lv_btnmatrix_has_btn_ctrl
                0x08004230       0x1a CMakeFiles/OV_watch_01.dir/LVGL_src/lv_btnmatrix.c.obj
                0x08004230                lv_btnmatrix_has_btn_ctrl
 .text.make_one_button_checked
                0x0800424a       0x2e CMakeFiles/OV_watch_01.dir/LVGL_src/lv_btnmatrix.c.obj
 .text.lv_btnmatrix_event
                0x08004278      0x4fc CMakeFiles/OV_watch_01.dir/LVGL_src/lv_btnmatrix.c.obj
 .text.lv_btnmatrix_set_one_checked
                0x08004774       0x12 CMakeFiles/OV_watch_01.dir/LVGL_src/lv_btnmatrix.c.obj
                0x08004774                lv_btnmatrix_set_one_checked
 .text.get_month_length
                0x08004786       0x62 CMakeFiles/OV_watch_01.dir/LVGL_src/lv_calendar.c.obj
 .text.draw_part_begin_event_cb
                0x080047e8       0xa4 CMakeFiles/OV_watch_01.dir/LVGL_src/lv_calendar.c.obj
 .text.get_day_of_week.constprop.0
                0x0800488c       0x50 CMakeFiles/OV_watch_01.dir/LVGL_src/lv_calendar.c.obj
 .text.highlight_update
                0x080048dc       0x86 CMakeFiles/OV_watch_01.dir/LVGL_src/lv_calendar.c.obj
 *fill*         0x08004962        0x2 
 .text.lv_calendar_create
                0x08004964       0x18 CMakeFiles/OV_watch_01.dir/LVGL_src/lv_calendar.c.obj
                0x08004964                lv_calendar_create
 .text.lv_calendar_set_today_date
                0x0800497c       0x14 CMakeFiles/OV_watch_01.dir/LVGL_src/lv_calendar.c.obj
                0x0800497c                lv_calendar_set_today_date
 .text.lv_calendar_set_highlighted_dates
                0x08004990        0xc CMakeFiles/OV_watch_01.dir/LVGL_src/lv_calendar.c.obj
                0x08004990                lv_calendar_set_highlighted_dates
 .text.lv_calendar_set_showed_date
                0x0800499c      0x13c CMakeFiles/OV_watch_01.dir/LVGL_src/lv_calendar.c.obj
                0x0800499c                lv_calendar_set_showed_date
 .text.lv_calendar_constructor
                0x08004ad8       0xd4 CMakeFiles/OV_watch_01.dir/LVGL_src/lv_calendar.c.obj
 .text.lv_calendar_get_btnmatrix
                0x08004bac        0x4 CMakeFiles/OV_watch_01.dir/LVGL_src/lv_calendar.c.obj
                0x08004bac                lv_calendar_get_btnmatrix
 .text.lv_calendar_get_showed_date
                0x08004bb0        0x4 CMakeFiles/OV_watch_01.dir/LVGL_src/lv_calendar.c.obj
                0x08004bb0                lv_calendar_get_showed_date
 .text.lv_calendar_get_pressed_date
                0x08004bb4       0x54 CMakeFiles/OV_watch_01.dir/LVGL_src/lv_calendar.c.obj
                0x08004bb4                lv_calendar_get_pressed_date
 .text.my_constructor
                0x08004c08       0xe0 CMakeFiles/OV_watch_01.dir/LVGL_src/lv_calendar_header_arrow.c.obj
 .text.value_changed_event_cb
                0x08004ce8       0x3c CMakeFiles/OV_watch_01.dir/LVGL_src/lv_calendar_header_arrow.c.obj
 .text.month_event_cb
                0x08004d24       0x7c CMakeFiles/OV_watch_01.dir/LVGL_src/lv_calendar_header_arrow.c.obj
 .text.lv_calendar_header_arrow_create
                0x08004da0       0x18 CMakeFiles/OV_watch_01.dir/LVGL_src/lv_calendar_header_arrow.c.obj
                0x08004da0                lv_calendar_header_arrow_create
 .text.lv_obj_get_style_pad_left
                0x08004db8        0xc CMakeFiles/OV_watch_01.dir/LVGL_src/lv_chart.c.obj
 .text.lv_obj_get_style_width
                0x08004dc4        0xc CMakeFiles/OV_watch_01.dir/LVGL_src/lv_chart.c.obj
 .text.lv_obj_get_style_pad_column
                0x08004dd0        0xc CMakeFiles/OV_watch_01.dir/LVGL_src/lv_chart.c.obj
 .text.lv_obj_get_style_pad_top
                0x08004ddc        0xc CMakeFiles/OV_watch_01.dir/LVGL_src/lv_chart.c.obj
 .text.lv_chart_destructor
                0x08004de8       0x5c CMakeFiles/OV_watch_01.dir/LVGL_src/lv_chart.c.obj
 .text.lv_chart_constructor
                0x08004e44       0x50 CMakeFiles/OV_watch_01.dir/LVGL_src/lv_chart.c.obj
 .text.lv_obj_get_style_border_width.constprop.0
                0x08004e94        0xe CMakeFiles/OV_watch_01.dir/LVGL_src/lv_chart.c.obj
 .text.invalidate_point
                0x08004ea2      0x172 CMakeFiles/OV_watch_01.dir/LVGL_src/lv_chart.c.obj
 .text.lv_chart_get_x_start_point
                0x08005014       0x12 CMakeFiles/OV_watch_01.dir/LVGL_src/lv_chart.c.obj
                0x08005014                lv_chart_get_x_start_point
 .text.lv_chart_get_point_pos_by_id
                0x08005026      0x1ba CMakeFiles/OV_watch_01.dir/LVGL_src/lv_chart.c.obj
                0x08005026                lv_chart_get_point_pos_by_id
 .text.get_tick_gsc
                0x080051e0       0x22 CMakeFiles/OV_watch_01.dir/LVGL_src/lv_chart.c.obj
                0x080051e0                get_tick_gsc
 *fill*         0x08005202        0x2 
 .text.draw_y_ticks
                0x08005204      0x2e4 CMakeFiles/OV_watch_01.dir/LVGL_src/lv_chart.c.obj
 .text.draw_x_ticks
                0x080054e8      0x370 CMakeFiles/OV_watch_01.dir/LVGL_src/lv_chart.c.obj
 .text.lv_chart_event
                0x08005858     0x10bc CMakeFiles/OV_watch_01.dir/LVGL_src/lv_chart.c.obj
 .text.my_constructor
                0x08006914       0x90 CMakeFiles/OV_watch_01.dir/LVGL_src/lv_calendar_header_dropdown.c.obj
 .text.value_changed_event_cb
                0x080069a4       0x68 CMakeFiles/OV_watch_01.dir/LVGL_src/lv_calendar_header_dropdown.c.obj
 .text.month_event_cb
                0x08006a0c       0x30 CMakeFiles/OV_watch_01.dir/LVGL_src/lv_calendar_header_dropdown.c.obj
 .text.year_event_cb
                0x08006a3c       0x60 CMakeFiles/OV_watch_01.dir/LVGL_src/lv_calendar_header_dropdown.c.obj
 .text.lv_checkbox_constructor
                0x08006a9c       0x38 CMakeFiles/OV_watch_01.dir/LVGL_src/lv_checkbox.c.obj
 .text.lv_checkbox_destructor
                0x08006ad4       0x18 CMakeFiles/OV_watch_01.dir/LVGL_src/lv_checkbox.c.obj
 .text.lv_checkbox_event
                0x08006aec      0x2e0 CMakeFiles/OV_watch_01.dir/LVGL_src/lv_checkbox.c.obj
 .text.lv_color_fill
                0x08006dcc       0x42 CMakeFiles/OV_watch_01.dir/LVGL_src/lv_color.c.obj
                0x08006dcc                lv_color_fill
 *fill*         0x08006e0e        0x2 
 .text.lv_color_darken
                0x08006e10       0x24 CMakeFiles/OV_watch_01.dir/LVGL_src/lv_color.c.obj
                0x08006e10                lv_color_darken
 .text.lv_color_hsv_to_rgb
                0x08006e34       0xc2 CMakeFiles/OV_watch_01.dir/LVGL_src/lv_color.c.obj
                0x08006e34                lv_color_hsv_to_rgb
 *fill*         0x08006ef6        0x2 
 .text.lv_palette_main
                0x08006ef8       0x14 CMakeFiles/OV_watch_01.dir/LVGL_src/lv_color.c.obj
                0x08006ef8                lv_palette_main
 .text.lv_palette_lighten
                0x08006f0c       0x24 CMakeFiles/OV_watch_01.dir/LVGL_src/lv_color.c.obj
                0x08006f0c                lv_palette_lighten
 .text.lv_palette_darken
                0x08006f30       0x24 CMakeFiles/OV_watch_01.dir/LVGL_src/lv_color.c.obj
                0x08006f30                lv_palette_darken
 .text.fast_hsv2rgb.constprop.0
                0x08006f54       0x6a CMakeFiles/OV_watch_01.dir/LVGL_src/lv_colorwheel.c.obj
 .text.get_knob_area
                0x08006fbe       0x86 CMakeFiles/OV_watch_01.dir/LVGL_src/lv_colorwheel.c.obj
 .text.refr_knob_pos
                0x08007044       0x9c CMakeFiles/OV_watch_01.dir/LVGL_src/lv_colorwheel.c.obj
 .text.lv_colorwheel_constructor
                0x080070e0       0x50 CMakeFiles/OV_watch_01.dir/LVGL_src/lv_colorwheel.c.obj
 .text.lv_colorwheel_set_hsv
                0x08007130       0x70 CMakeFiles/OV_watch_01.dir/LVGL_src/lv_colorwheel.c.obj
                0x08007130                lv_colorwheel_set_hsv
 .text.lv_colorwheel_get_rgb
                0x080071a0        0xe CMakeFiles/OV_watch_01.dir/LVGL_src/lv_colorwheel.c.obj
                0x080071a0                lv_colorwheel_get_rgb
 *fill*         0x080071ae        0x2 
 .text.lv_colorwheel_event
                0x080071b0      0x760 CMakeFiles/OV_watch_01.dir/LVGL_src/lv_colorwheel.c.obj
 .text.opa_scale_anim
                0x08007910        0x8 CMakeFiles/OV_watch_01.dir/LVGL_src/lv_disp.c.obj
 .text.set_y_anim
                0x08007918        0x6 CMakeFiles/OV_watch_01.dir/LVGL_src/lv_disp.c.obj
 .text.set_x_anim
                0x0800791e        0x6 CMakeFiles/OV_watch_01.dir/LVGL_src/lv_disp.c.obj
 .text.scr_anim_ready
                0x08007924       0x54 CMakeFiles/OV_watch_01.dir/LVGL_src/lv_disp.c.obj
 .text.scr_load_internal
                0x08007978       0x54 CMakeFiles/OV_watch_01.dir/LVGL_src/lv_disp.c.obj
 .text.lv_disp_get_scr_act
                0x080079cc        0xe CMakeFiles/OV_watch_01.dir/LVGL_src/lv_disp.c.obj
                0x080079cc                lv_disp_get_scr_act
 .text.lv_scr_act
                0x080079da        0xe CMakeFiles/OV_watch_01.dir/LVGL_src/lv_disp.c.obj
 .text.scr_load_anim_start
                0x080079e8       0x22 CMakeFiles/OV_watch_01.dir/LVGL_src/lv_disp.c.obj
 .text.lv_disp_get_scr_prev
                0x08007a0a        0xe CMakeFiles/OV_watch_01.dir/LVGL_src/lv_disp.c.obj
                0x08007a0a                lv_disp_get_scr_prev
 .text.lv_disp_get_layer_top
                0x08007a18        0xe CMakeFiles/OV_watch_01.dir/LVGL_src/lv_disp.c.obj
                0x08007a18                lv_disp_get_layer_top
 .text.lv_disp_get_layer_sys
                0x08007a26        0xe CMakeFiles/OV_watch_01.dir/LVGL_src/lv_disp.c.obj
                0x08007a26                lv_disp_get_layer_sys
 .text.lv_disp_get_theme
                0x08007a34        0xc CMakeFiles/OV_watch_01.dir/LVGL_src/lv_disp.c.obj
                0x08007a34                lv_disp_get_theme
 .text.lv_scr_load_anim
                0x08007a40      0x27c CMakeFiles/OV_watch_01.dir/LVGL_src/lv_disp.c.obj
                0x08007a40                lv_scr_load_anim
 .text.lv_disp_load_scr
                0x08007cbc       0x14 CMakeFiles/OV_watch_01.dir/LVGL_src/lv_disp.c.obj
                0x08007cbc                lv_disp_load_scr
 .text.lv_disp_is_invalidation_enabled
                0x08007cd0       0x18 CMakeFiles/OV_watch_01.dir/LVGL_src/lv_disp.c.obj
                0x08007cd0                lv_disp_is_invalidation_enabled
 .text.lv_draw_init
                0x08007ce8        0x2 CMakeFiles/OV_watch_01.dir/LVGL_src/lv_draw.c.obj
                0x08007ce8                lv_draw_init
 .text.lv_draw_wait_for_finish
                0x08007cea        0x8 CMakeFiles/OV_watch_01.dir/LVGL_src/lv_draw.c.obj
                0x08007cea                lv_draw_wait_for_finish
 .text.lv_draw_arc_dsc_init
                0x08007cf2       0x16 CMakeFiles/OV_watch_01.dir/LVGL_src/lv_draw_arc.c.obj
                0x08007cf2                lv_draw_arc_dsc_init
 .text.lv_draw_arc
                0x08007d08       0x2e CMakeFiles/OV_watch_01.dir/LVGL_src/lv_draw_arc.c.obj
                0x08007d08                lv_draw_arc
 .text.lv_draw_arc_get_area
                0x08007d36      0x45a CMakeFiles/OV_watch_01.dir/LVGL_src/lv_draw_arc.c.obj
                0x08007d36                lv_draw_arc_get_area
 .text.show_error
                0x08008190       0x3c CMakeFiles/OV_watch_01.dir/LVGL_src/lv_draw_img.c.obj
 .text.lv_draw_img_dsc_init
                0x080081cc       0x22 CMakeFiles/OV_watch_01.dir/LVGL_src/lv_draw_img.c.obj
                0x080081cc                lv_draw_img_dsc_init
 *fill*         0x080081ee        0x2 
 .text.lv_img_cf_get_px_size
                0x080081f0       0x14 CMakeFiles/OV_watch_01.dir/LVGL_src/lv_draw_img.c.obj
                0x080081f0                lv_img_cf_get_px_size
 .text.lv_img_cf_is_chroma_keyed
                0x08008204       0x10 CMakeFiles/OV_watch_01.dir/LVGL_src/lv_draw_img.c.obj
                0x08008204                lv_img_cf_is_chroma_keyed
 .text.lv_img_cf_has_alpha
                0x08008214       0x14 CMakeFiles/OV_watch_01.dir/LVGL_src/lv_draw_img.c.obj
                0x08008214                lv_img_cf_has_alpha
 .text.lv_img_src_get_type
                0x08008228       0x1a CMakeFiles/OV_watch_01.dir/LVGL_src/lv_draw_img.c.obj
                0x08008228                lv_img_src_get_type
 .text.lv_draw_img_decoded
                0x08008242       0x16 CMakeFiles/OV_watch_01.dir/LVGL_src/lv_draw_img.c.obj
                0x08008242                lv_draw_img_decoded
 .text.lv_draw_img
                0x08008258      0x22c CMakeFiles/OV_watch_01.dir/LVGL_src/lv_draw_img.c.obj
                0x08008258                lv_draw_img
 .text.hex_char_to_num
                0x08008484       0x24 CMakeFiles/OV_watch_01.dir/LVGL_src/lv_draw_label.c.obj
 .text.lv_draw_label_dsc_init
                0x080084a8       0x30 CMakeFiles/OV_watch_01.dir/LVGL_src/lv_draw_label.c.obj
                0x080084a8                lv_draw_label_dsc_init
 .text.lv_draw_letter
                0x080084d8        0xc CMakeFiles/OV_watch_01.dir/LVGL_src/lv_draw_label.c.obj
                0x080084d8                lv_draw_letter
 .text.lv_draw_label
                0x080084e4      0x574 CMakeFiles/OV_watch_01.dir/LVGL_src/lv_draw_label.c.obj
                0x080084e4                lv_draw_label
 .text.lv_draw_layer_create
                0x08008a58       0x5e CMakeFiles/OV_watch_01.dir/LVGL_src/lv_draw_layer.c.obj
                0x08008a58                lv_draw_layer_create
 .text.lv_draw_layer_adjust
                0x08008ab6        0x8 CMakeFiles/OV_watch_01.dir/LVGL_src/lv_draw_layer.c.obj
                0x08008ab6                lv_draw_layer_adjust
 .text.lv_draw_layer_blend
                0x08008abe        0x8 CMakeFiles/OV_watch_01.dir/LVGL_src/lv_draw_layer.c.obj
                0x08008abe                lv_draw_layer_blend
 .text.lv_draw_layer_destroy
                0x08008ac6       0x3c CMakeFiles/OV_watch_01.dir/LVGL_src/lv_draw_layer.c.obj
                0x08008ac6                lv_draw_layer_destroy
 .text.lv_draw_line_dsc_init
                0x08008b02       0x18 CMakeFiles/OV_watch_01.dir/LVGL_src/lv_draw_line.c.obj
                0x08008b02                lv_draw_line_dsc_init
 .text.lv_draw_line
                0x08008b1a       0x1a CMakeFiles/OV_watch_01.dir/LVGL_src/lv_draw_line.c.obj
                0x08008b1a                lv_draw_line
 .text.mask_mix
                0x08008b34       0x1c CMakeFiles/OV_watch_01.dir/LVGL_src/lv_draw_mask.c.obj
 .text.lv_draw_mask_line
                0x08008b50      0x372 CMakeFiles/OV_watch_01.dir/LVGL_src/lv_draw_mask.c.obj
 .text.lv_draw_mask_angle
                0x08008ec2      0x256 CMakeFiles/OV_watch_01.dir/LVGL_src/lv_draw_mask.c.obj
 .text.lv_draw_mask_radius
                0x08009118      0x24e CMakeFiles/OV_watch_01.dir/LVGL_src/lv_draw_mask.c.obj
 *fill*         0x08009366        0x2 
 .text.lv_draw_mask_add
                0x08009368       0x2c CMakeFiles/OV_watch_01.dir/LVGL_src/lv_draw_mask.c.obj
                0x08009368                lv_draw_mask_add
 .text.lv_draw_mask_apply
                0x08009394       0x40 CMakeFiles/OV_watch_01.dir/LVGL_src/lv_draw_mask.c.obj
                0x08009394                lv_draw_mask_apply
 .text.lv_draw_mask_remove_id
                0x080093d4       0x28 CMakeFiles/OV_watch_01.dir/LVGL_src/lv_draw_mask.c.obj
                0x080093d4                lv_draw_mask_remove_id
 .text.lv_draw_mask_remove_custom
                0x080093fc       0x2c CMakeFiles/OV_watch_01.dir/LVGL_src/lv_draw_mask.c.obj
                0x080093fc                lv_draw_mask_remove_custom
 .text.lv_draw_mask_free_param
                0x08009428       0x34 CMakeFiles/OV_watch_01.dir/LVGL_src/lv_draw_mask.c.obj
                0x08009428                lv_draw_mask_free_param
 .text._lv_draw_mask_cleanup
                0x0800945c       0x28 CMakeFiles/OV_watch_01.dir/LVGL_src/lv_draw_mask.c.obj
                0x0800945c                _lv_draw_mask_cleanup
 .text.lv_draw_mask_is_any
                0x08009484       0x54 CMakeFiles/OV_watch_01.dir/LVGL_src/lv_draw_mask.c.obj
                0x08009484                lv_draw_mask_is_any
 .text.lv_draw_mask_line_points_init
                0x080094d8      0x118 CMakeFiles/OV_watch_01.dir/LVGL_src/lv_draw_mask.c.obj
                0x080094d8                lv_draw_mask_line_points_init
 .text.lv_draw_mask_line_angle_init
                0x080095f0       0x4c CMakeFiles/OV_watch_01.dir/LVGL_src/lv_draw_mask.c.obj
                0x080095f0                lv_draw_mask_line_angle_init
 .text.lv_draw_mask_angle_init
                0x0800963c       0x8c CMakeFiles/OV_watch_01.dir/LVGL_src/lv_draw_mask.c.obj
                0x0800963c                lv_draw_mask_angle_init
 .text.lv_draw_mask_radius_init
                0x080096c8      0x424 CMakeFiles/OV_watch_01.dir/LVGL_src/lv_draw_mask.c.obj
                0x080096c8                lv_draw_mask_radius_init
 .text.lv_draw_rect_dsc_init
                0x08009aec       0x4c CMakeFiles/OV_watch_01.dir/LVGL_src/lv_draw_rect.c.obj
                0x08009aec                lv_draw_rect_dsc_init
 .text.lv_draw_rect
                0x08009b38       0x28 CMakeFiles/OV_watch_01.dir/LVGL_src/lv_draw_rect.c.obj
                0x08009b38                lv_draw_rect
 .text.lv_color_mix
                0x08009b60       0x30 CMakeFiles/OV_watch_01.dir/LVGL_src/lv_draw_sw_blend.c.obj
 .text.color_blend_true_color_additive
                0x08009b90       0x7c CMakeFiles/OV_watch_01.dir/LVGL_src/lv_draw_sw_blend.c.obj
 .text.color_blend_true_color_subtractive
                0x08009c0c       0x76 CMakeFiles/OV_watch_01.dir/LVGL_src/lv_draw_sw_blend.c.obj
 .text.color_blend_true_color_multiply
                0x08009c82       0x6a CMakeFiles/OV_watch_01.dir/LVGL_src/lv_draw_sw_blend.c.obj
 .text.lv_draw_sw_blend
                0x08009cec       0x2c CMakeFiles/OV_watch_01.dir/LVGL_src/lv_draw_sw_blend.c.obj
                0x08009cec                lv_draw_sw_blend
 .text.lv_draw_sw_blend_basic
                0x08009d18      0x9b4 CMakeFiles/OV_watch_01.dir/LVGL_src/lv_draw_sw_blend.c.obj
                0x08009d18                lv_draw_sw_blend_basic
 .text.lv_draw_sw_wait_for_finish
                0x0800a6cc        0x2 CMakeFiles/OV_watch_01.dir/LVGL_src/lv_draw_sw.c.obj
                0x0800a6cc                lv_draw_sw_wait_for_finish
 .text.lv_draw_sw_buffer_copy
                0x0800a6ce       0x5e CMakeFiles/OV_watch_01.dir/LVGL_src/lv_draw_sw.c.obj
                0x0800a6ce                lv_draw_sw_buffer_copy
 .text.lv_draw_sw_init_ctx
                0x0800a72c       0x8c CMakeFiles/OV_watch_01.dir/LVGL_src/lv_draw_sw.c.obj
                0x0800a72c                lv_draw_sw_init_ctx
 .text.get_rounded_area
                0x0800a7b8       0x86 CMakeFiles/OV_watch_01.dir/LVGL_src/lv_draw_sw_arc.c.obj
 .text.lv_draw_sw_arc
                0x0800a83e      0x9c4 CMakeFiles/OV_watch_01.dir/LVGL_src/lv_draw_sw_arc.c.obj
                0x0800a83e                lv_draw_sw_arc
 .text.lv_color_to32
                0x0800b202       0x3c CMakeFiles/OV_watch_01.dir/LVGL_src/lv_draw_sw_gradient.c.obj
 .text.find_oldest_item_life
                0x0800b23e       0x12 CMakeFiles/OV_watch_01.dir/LVGL_src/lv_draw_sw_gradient.c.obj
 .text.find_item
                0x0800b250        0xc CMakeFiles/OV_watch_01.dir/LVGL_src/lv_draw_sw_gradient.c.obj
 .text.iterate_cache
                0x0800b25c       0x6c CMakeFiles/OV_watch_01.dir/LVGL_src/lv_draw_sw_gradient.c.obj
 .text.kill_oldest_item
                0x0800b2c8       0x88 CMakeFiles/OV_watch_01.dir/LVGL_src/lv_draw_sw_gradient.c.obj
 .text.lv_gradient_set_cache_size
                0x0800b350       0x34 CMakeFiles/OV_watch_01.dir/LVGL_src/lv_draw_sw_gradient.c.obj
                0x0800b350                lv_gradient_set_cache_size
 .text.lv_gradient_calculate
                0x0800b384       0xba CMakeFiles/OV_watch_01.dir/LVGL_src/lv_draw_sw_gradient.c.obj
                0x0800b384                lv_gradient_calculate
 *fill*         0x0800b43e        0x2 
 .text.lv_gradient_get
                0x0800b440      0x168 CMakeFiles/OV_watch_01.dir/LVGL_src/lv_draw_sw_gradient.c.obj
                0x0800b440                lv_gradient_get
 .text.lv_gradient_cleanup
                0x0800b5a8        0xe CMakeFiles/OV_watch_01.dir/LVGL_src/lv_draw_sw_gradient.c.obj
                0x0800b5a8                lv_gradient_cleanup
 .text.lv_draw_sw_img_decoded
                0x0800b5b6      0x4b0 CMakeFiles/OV_watch_01.dir/LVGL_src/lv_draw_sw_img.c.obj
                0x0800b5b6                lv_draw_sw_img_decoded
 .text.lv_draw_sw_layer_create
                0x0800ba66       0xee CMakeFiles/OV_watch_01.dir/LVGL_src/lv_draw_sw_layer.c.obj
                0x0800ba66                lv_draw_sw_layer_create
 .text.lv_draw_sw_layer_adjust
                0x0800bb54       0x5a CMakeFiles/OV_watch_01.dir/LVGL_src/lv_draw_sw_layer.c.obj
                0x0800bb54                lv_draw_sw_layer_adjust
 .text.lv_draw_sw_layer_blend
                0x0800bbae       0x82 CMakeFiles/OV_watch_01.dir/LVGL_src/lv_draw_sw_layer.c.obj
                0x0800bbae                lv_draw_sw_layer_blend
 .text.lv_draw_sw_layer_destroy
                0x0800bc30        0x6 CMakeFiles/OV_watch_01.dir/LVGL_src/lv_draw_sw_layer.c.obj
                0x0800bc30                lv_draw_sw_layer_destroy
 *fill*         0x0800bc36        0x2 
 .text.lv_draw_sw_letter
                0x0800bc38      0x424 CMakeFiles/OV_watch_01.dir/LVGL_src/lv_draw_sw_letter.c.obj
                0x0800bc38                lv_draw_sw_letter
 .text.lv_draw_sw_line
                0x0800c05c      0x720 CMakeFiles/OV_watch_01.dir/LVGL_src/lv_draw_sw_line.c.obj
                0x0800c05c                lv_draw_sw_line
 .text.lv_draw_sw_polygon
                0x0800c77c      0x274 CMakeFiles/OV_watch_01.dir/LVGL_src/lv_draw_sw_polygon.c.obj
                0x0800c77c                lv_draw_sw_polygon
 .text.shadow_blur_corner
                0x0800c9f0      0x178 CMakeFiles/OV_watch_01.dir/LVGL_src/lv_draw_sw_rect.c.obj
 .text.draw_bg_img
                0x0800cb68      0x204 CMakeFiles/OV_watch_01.dir/LVGL_src/lv_draw_sw_rect.c.obj
 .text.draw_bg  0x0800cd6c      0x388 CMakeFiles/OV_watch_01.dir/LVGL_src/lv_draw_sw_rect.c.obj
 .text.lv_draw_sw_bg
                0x0800d0f4       0x1a CMakeFiles/OV_watch_01.dir/LVGL_src/lv_draw_sw_rect.c.obj
                0x0800d0f4                lv_draw_sw_bg
 .text.draw_border_generic
                0x0800d10e      0x58e CMakeFiles/OV_watch_01.dir/LVGL_src/lv_draw_sw_rect.c.obj
                0x0800d10e                draw_border_generic
 .text.lv_draw_sw_rect
                0x0800d69c      0xea4 CMakeFiles/OV_watch_01.dir/LVGL_src/lv_draw_sw_rect.c.obj
                0x0800d69c                lv_draw_sw_rect
 .text.lv_color_mix
                0x0800e540       0x30 CMakeFiles/OV_watch_01.dir/LVGL_src/lv_draw_sw_transform.c.obj
 .text.transform_point_upscaled
                0x0800e570       0x80 CMakeFiles/OV_watch_01.dir/LVGL_src/lv_draw_sw_transform.c.obj
 .text.lv_draw_sw_transform
                0x0800e5f0      0x56e CMakeFiles/OV_watch_01.dir/LVGL_src/lv_draw_sw_transform.c.obj
                0x0800e5f0                lv_draw_sw_transform
 .text.lv_draw_transform
                0x0800eb5e       0x36 CMakeFiles/OV_watch_01.dir/LVGL_src/lv_draw_transform.c.obj
                0x0800eb5e                lv_draw_transform
 .text.lv_obj_get_event_dsc.isra.0
                0x0800eb94       0x1a CMakeFiles/OV_watch_01.dir/LVGL_src/lv_event.c.obj
 .text.lv_obj_event_base
                0x0800ebae       0x2a CMakeFiles/OV_watch_01.dir/LVGL_src/lv_event.c.obj
                0x0800ebae                lv_obj_event_base
 .text.event_send_core
                0x0800ebd8      0x120 CMakeFiles/OV_watch_01.dir/LVGL_src/lv_event.c.obj
 .text.lv_event_send
                0x0800ecf8       0x40 CMakeFiles/OV_watch_01.dir/LVGL_src/lv_event.c.obj
                0x0800ecf8                lv_event_send
 .text.lv_event_get_target
                0x0800ed38        0x4 CMakeFiles/OV_watch_01.dir/LVGL_src/lv_event.c.obj
                0x0800ed38                lv_event_get_target
 .text.lv_event_get_current_target
                0x0800ed3c        0x4 CMakeFiles/OV_watch_01.dir/LVGL_src/lv_event.c.obj
                0x0800ed3c                lv_event_get_current_target
 .text.lv_event_get_code
                0x0800ed40        0x8 CMakeFiles/OV_watch_01.dir/LVGL_src/lv_event.c.obj
                0x0800ed40                lv_event_get_code
 .text.lv_event_get_param
                0x0800ed48        0x4 CMakeFiles/OV_watch_01.dir/LVGL_src/lv_event.c.obj
                0x0800ed48                lv_event_get_param
 .text.lv_event_get_user_data
                0x0800ed4c        0x4 CMakeFiles/OV_watch_01.dir/LVGL_src/lv_event.c.obj
                0x0800ed4c                lv_event_get_user_data
 .text._lv_event_mark_deleted
                0x0800ed50       0x24 CMakeFiles/OV_watch_01.dir/LVGL_src/lv_event.c.obj
                0x0800ed50                _lv_event_mark_deleted
 .text.lv_obj_add_event_cb
                0x0800ed74       0x60 CMakeFiles/OV_watch_01.dir/LVGL_src/lv_event.c.obj
                0x0800ed74                lv_obj_add_event_cb
 .text.lv_event_get_indev
                0x0800edd4        0xe CMakeFiles/OV_watch_01.dir/LVGL_src/lv_event.c.obj
                0x0800edd4                lv_event_get_indev
 .text.lv_event_get_draw_ctx
                0x0800ede2        0xe CMakeFiles/OV_watch_01.dir/LVGL_src/lv_event.c.obj
                0x0800ede2                lv_event_get_draw_ctx
 .text.lv_event_set_ext_draw_size
                0x0800edf0       0x18 CMakeFiles/OV_watch_01.dir/LVGL_src/lv_event.c.obj
                0x0800edf0                lv_event_set_ext_draw_size
 .text.lv_area_get_width
                0x0800ee08        0xc CMakeFiles/OV_watch_01.dir/LVGL_src/lv_flex.c.obj
 .text.lv_area_get_height
                0x0800ee14        0xc CMakeFiles/OV_watch_01.dir/LVGL_src/lv_flex.c.obj
 .text.place_content
                0x0800ee20       0x8c CMakeFiles/OV_watch_01.dir/LVGL_src/lv_flex.c.obj
 .text.get_next_item
                0x0800eeac       0x28 CMakeFiles/OV_watch_01.dir/LVGL_src/lv_flex.c.obj
 .text.find_track_end
                0x0800eed4      0x258 CMakeFiles/OV_watch_01.dir/LVGL_src/lv_flex.c.obj
 .text.flex_update
                0x0800f12c      0x6e0 CMakeFiles/OV_watch_01.dir/LVGL_src/lv_flex.c.obj
 .text.lv_flex_init
                0x0800f80c       0x60 CMakeFiles/OV_watch_01.dir/LVGL_src/lv_flex.c.obj
                0x0800f80c                lv_flex_init
 .text.lv_obj_set_style_flex_flow
                0x0800f86c       0x10 CMakeFiles/OV_watch_01.dir/LVGL_src/lv_flex.c.obj
                0x0800f86c                lv_obj_set_style_flex_flow
 .text.lv_obj_set_flex_flow
                0x0800f87c       0x20 CMakeFiles/OV_watch_01.dir/LVGL_src/lv_flex.c.obj
                0x0800f87c                lv_obj_set_flex_flow
 .text.lv_obj_set_style_flex_main_place
                0x0800f89c       0x10 CMakeFiles/OV_watch_01.dir/LVGL_src/lv_flex.c.obj
                0x0800f89c                lv_obj_set_style_flex_main_place
 .text.lv_obj_set_style_flex_cross_place
                0x0800f8ac       0x10 CMakeFiles/OV_watch_01.dir/LVGL_src/lv_flex.c.obj
                0x0800f8ac                lv_obj_set_style_flex_cross_place
 .text.lv_obj_set_style_flex_track_place
                0x0800f8bc       0x10 CMakeFiles/OV_watch_01.dir/LVGL_src/lv_flex.c.obj
                0x0800f8bc                lv_obj_set_style_flex_track_place
 .text.lv_obj_set_flex_align
                0x0800f8cc       0x38 CMakeFiles/OV_watch_01.dir/LVGL_src/lv_flex.c.obj
                0x0800f8cc                lv_obj_set_flex_align
 .text.lv_obj_set_style_flex_grow
                0x0800f904       0x10 CMakeFiles/OV_watch_01.dir/LVGL_src/lv_flex.c.obj
                0x0800f904                lv_obj_set_style_flex_grow
 .text.lv_obj_set_flex_grow
                0x0800f914       0x18 CMakeFiles/OV_watch_01.dir/LVGL_src/lv_flex.c.obj
                0x0800f914                lv_obj_set_flex_grow
 .text.lv_dropdownlist_destructor
                0x0800f92c        0x8 CMakeFiles/OV_watch_01.dir/LVGL_src/lv_dropdown.c.obj
 .text.get_label
                0x0800f934        0xc CMakeFiles/OV_watch_01.dir/LVGL_src/lv_dropdown.c.obj
 .text.position_to_selected
                0x0800f940       0x52 CMakeFiles/OV_watch_01.dir/LVGL_src/lv_dropdown.c.obj
 .text.lv_dropdownlist_constructor
                0x0800f992       0x32 CMakeFiles/OV_watch_01.dir/LVGL_src/lv_dropdown.c.obj
 .text.lv_dropdown_destructor
                0x0800f9c4       0x24 CMakeFiles/OV_watch_01.dir/LVGL_src/lv_dropdown.c.obj
 .text.draw_box_label
                0x0800f9e8       0xd8 CMakeFiles/OV_watch_01.dir/LVGL_src/lv_dropdown.c.obj
 .text.draw_box
                0x0800fac0       0xb8 CMakeFiles/OV_watch_01.dir/LVGL_src/lv_dropdown.c.obj
 .text.get_id_on_point
                0x0800fb78       0x54 CMakeFiles/OV_watch_01.dir/LVGL_src/lv_dropdown.c.obj
 .text.lv_dropdown_create
                0x0800fbcc       0x18 CMakeFiles/OV_watch_01.dir/LVGL_src/lv_dropdown.c.obj
                0x0800fbcc                lv_dropdown_create
 .text.lv_dropdown_set_options
                0x0800fbe4       0x78 CMakeFiles/OV_watch_01.dir/LVGL_src/lv_dropdown.c.obj
                0x0800fbe4                lv_dropdown_set_options
 .text.lv_dropdown_set_options_static
                0x0800fc5c       0x5c CMakeFiles/OV_watch_01.dir/LVGL_src/lv_dropdown.c.obj
                0x0800fc5c                lv_dropdown_set_options_static
 .text.lv_dropdown_constructor
                0x0800fcb8       0x60 CMakeFiles/OV_watch_01.dir/LVGL_src/lv_dropdown.c.obj
 .text.lv_dropdown_set_selected
                0x0800fd18       0x2e CMakeFiles/OV_watch_01.dir/LVGL_src/lv_dropdown.c.obj
                0x0800fd18                lv_dropdown_set_selected
 *fill*         0x0800fd46        0x2 
 .text.lv_dropdown_get_options
                0x0800fd48       0x10 CMakeFiles/OV_watch_01.dir/LVGL_src/lv_dropdown.c.obj
                0x0800fd48                lv_dropdown_get_options
 .text.lv_dropdown_get_selected
                0x0800fd58        0x4 CMakeFiles/OV_watch_01.dir/LVGL_src/lv_dropdown.c.obj
                0x0800fd58                lv_dropdown_get_selected
 .text.lv_dropdown_get_selected_str
                0x0800fd5c       0x56 CMakeFiles/OV_watch_01.dir/LVGL_src/lv_dropdown.c.obj
                0x0800fd5c                lv_dropdown_get_selected_str
 .text.lv_dropdown_open
                0x0800fdb2      0x200 CMakeFiles/OV_watch_01.dir/LVGL_src/lv_dropdown.c.obj
                0x0800fdb2                lv_dropdown_open
 .text.lv_dropdown_close
                0x0800ffb2       0x26 CMakeFiles/OV_watch_01.dir/LVGL_src/lv_dropdown.c.obj
                0x0800ffb2                lv_dropdown_close
 .text.lv_dropdown_list_event
                0x0800ffd8      0x1ac CMakeFiles/OV_watch_01.dir/LVGL_src/lv_dropdown.c.obj
 .text.lv_dropdown_is_open
                0x08010184       0x12 CMakeFiles/OV_watch_01.dir/LVGL_src/lv_dropdown.c.obj
                0x08010184                lv_dropdown_is_open
 .text.btn_release_handler.isra.0
                0x08010196       0x7a CMakeFiles/OV_watch_01.dir/LVGL_src/lv_dropdown.c.obj
 .text.lv_dropdown_event
                0x08010210      0x3cc CMakeFiles/OV_watch_01.dir/LVGL_src/lv_dropdown.c.obj
 .text.lv_extra_init
                0x080105dc        0xe CMakeFiles/OV_watch_01.dir/LVGL_src/lv_extra.c.obj
                0x080105dc                lv_extra_init
 .text.lv_font_get_glyph_bitmap
                0x080105ea        0x8 CMakeFiles/OV_watch_01.dir/LVGL_src/lv_font.c.obj
                0x080105ea                lv_font_get_glyph_bitmap
 .text.lv_font_get_glyph_dsc
                0x080105f2       0x98 CMakeFiles/OV_watch_01.dir/LVGL_src/lv_font.c.obj
                0x080105f2                lv_font_get_glyph_dsc
 .text.lv_font_get_glyph_width
                0x0801068a       0x1a CMakeFiles/OV_watch_01.dir/LVGL_src/lv_font.c.obj
                0x0801068a                lv_font_get_glyph_width
 .text.kern_pair_8_compare
                0x080106a4       0x12 CMakeFiles/OV_watch_01.dir/LVGL_src/lv_font_fmt_txt.c.obj
 .text.kern_pair_16_compare
                0x080106b6       0x12 CMakeFiles/OV_watch_01.dir/LVGL_src/lv_font_fmt_txt.c.obj
 .text.unicode_list_compare
                0x080106c8        0x8 CMakeFiles/OV_watch_01.dir/LVGL_src/lv_font_fmt_txt.c.obj
 .text.get_glyph_dsc_id
                0x080106d0       0xd0 CMakeFiles/OV_watch_01.dir/LVGL_src/lv_font_fmt_txt.c.obj
 .text.lv_font_get_bitmap_fmt_txt
                0x080107a0       0x2a CMakeFiles/OV_watch_01.dir/LVGL_src/lv_font_fmt_txt.c.obj
                0x080107a0                lv_font_get_bitmap_fmt_txt
 *fill*         0x080107ca        0x2 
 .text.lv_font_get_glyph_dsc_fmt_txt
                0x080107cc      0x144 CMakeFiles/OV_watch_01.dir/LVGL_src/lv_font_fmt_txt.c.obj
                0x080107cc                lv_font_get_glyph_dsc_fmt_txt
 .text._lv_font_clean_up_fmt_txt
                0x08010910        0x2 CMakeFiles/OV_watch_01.dir/LVGL_src/lv_font_fmt_txt.c.obj
                0x08010910                _lv_font_clean_up_fmt_txt
 *fill*         0x08010912        0x2 
 .text.lv_trigo_sin
                0x08010914       0x58 CMakeFiles/OV_watch_01.dir/LVGL_src/lv_math.c.obj
                0x08010914                lv_trigo_sin
 .text.lv_bezier3
                0x0801096c       0x40 CMakeFiles/OV_watch_01.dir/LVGL_src/lv_math.c.obj
                0x0801096c                lv_bezier3
 .text.lv_atan2
                0x080109ac       0x94 CMakeFiles/OV_watch_01.dir/LVGL_src/lv_math.c.obj
                0x080109ac                lv_atan2
 .text.lv_pow   0x08010a40       0x30 CMakeFiles/OV_watch_01.dir/LVGL_src/lv_math.c.obj
                0x08010a40                lv_pow
 .text.lv_map   0x08010a70       0x32 CMakeFiles/OV_watch_01.dir/LVGL_src/lv_math.c.obj
                0x08010a70                lv_map
 *fill*         0x08010aa2        0x2 
 .text.lv_win_constructor
                0x08010aa4       0x74 CMakeFiles/OV_watch_01.dir/LVGL_src/lv_win.c.obj
 .text.lv_color_to32
                0x08010b18       0x3c CMakeFiles/OV_watch_01.dir/LVGL_src/lv_led.c.obj
 .text.lv_color_mix
                0x08010b54       0x30 CMakeFiles/OV_watch_01.dir/LVGL_src/lv_led.c.obj
 .text.lv_color_black
                0x08010b84        0x6 CMakeFiles/OV_watch_01.dir/LVGL_src/lv_led.c.obj
 *fill*         0x08010b8a        0x2 
 .text.lv_led_event
                0x08010b8c      0x24c CMakeFiles/OV_watch_01.dir/LVGL_src/lv_led.c.obj
 .text.lv_led_constructor
                0x08010dd8       0x14 CMakeFiles/OV_watch_01.dir/LVGL_src/lv_led.c.obj
 .text.lv_led_create
                0x08010dec       0x18 CMakeFiles/OV_watch_01.dir/LVGL_src/lv_led.c.obj
                0x08010dec                lv_led_create
 .text.lv_led_set_color
                0x08010e04        0x6 CMakeFiles/OV_watch_01.dir/LVGL_src/lv_led.c.obj
                0x08010e04                lv_led_set_color
 .text.lv_led_set_brightness
                0x08010e0a       0x18 CMakeFiles/OV_watch_01.dir/LVGL_src/lv_led.c.obj
                0x08010e0a                lv_led_set_brightness
 .text.lv_menu_destructor
                0x08010e22        0x8 CMakeFiles/OV_watch_01.dir/LVGL_src/lv_menu.c.obj
 .text.lv_menu_section_constructor
                0x08010e2a       0x18 CMakeFiles/OV_watch_01.dir/LVGL_src/lv_menu.c.obj
 .text.lv_menu_cont_constructor
                0x08010e42       0x24 CMakeFiles/OV_watch_01.dir/LVGL_src/lv_menu.c.obj
 *fill*         0x08010e66        0x2 
 .text.lv_menu_constructor
                0x08010e68      0x138 CMakeFiles/OV_watch_01.dir/LVGL_src/lv_menu.c.obj
 .text.lv_menu_value_changed_event_cb
                0x08010fa0       0x50 CMakeFiles/OV_watch_01.dir/LVGL_src/lv_menu.c.obj
 .text.lv_menu_page_destructor
                0x08010ff0       0x12 CMakeFiles/OV_watch_01.dir/LVGL_src/lv_menu.c.obj
 .text.lv_menu_page_constructor
                0x08011002       0x34 CMakeFiles/OV_watch_01.dir/LVGL_src/lv_menu.c.obj
 .text.lv_menu_refr_main_header_mode
                0x08011036       0x6a CMakeFiles/OV_watch_01.dir/LVGL_src/lv_menu.c.obj
 .text.lv_menu_back_btn_is_root
                0x080110a0       0x22 CMakeFiles/OV_watch_01.dir/LVGL_src/lv_menu.c.obj
                0x080110a0                lv_menu_back_btn_is_root
 .text.lv_menu_clear_history
                0x080110c2       0x12 CMakeFiles/OV_watch_01.dir/LVGL_src/lv_menu.c.obj
                0x080110c2                lv_menu_clear_history
 .text.lv_menu_set_page
                0x080110d4       0xda CMakeFiles/OV_watch_01.dir/LVGL_src/lv_menu.c.obj
                0x080110d4                lv_menu_set_page
 .text.lv_menu_back_event_cb
                0x080111ae       0x90 CMakeFiles/OV_watch_01.dir/LVGL_src/lv_menu.c.obj
 .text._out_buffer
                0x0801123e        0x8 CMakeFiles/OV_watch_01.dir/LVGL_src/lv_printf.c.obj
 .text._out_null
                0x08011246        0x2 CMakeFiles/OV_watch_01.dir/LVGL_src/lv_printf.c.obj
 .text._ntoa_format
                0x08011248      0x14c CMakeFiles/OV_watch_01.dir/LVGL_src/lv_printf.c.obj
 .text._ntoa_long
                0x08011394       0x84 CMakeFiles/OV_watch_01.dir/LVGL_src/lv_printf.c.obj
 .text._ntoa_long_long
                0x08011418       0xa0 CMakeFiles/OV_watch_01.dir/LVGL_src/lv_printf.c.obj
 .text._vsnprintf
                0x080114b8      0x48c CMakeFiles/OV_watch_01.dir/LVGL_src/lv_printf.c.obj
 .text.lv_snprintf
                0x08011944       0x28 CMakeFiles/OV_watch_01.dir/LVGL_src/lv_printf.c.obj
                0x08011944                lv_snprintf
 .text.lv_vsnprintf
                0x0801196c       0x1c CMakeFiles/OV_watch_01.dir/LVGL_src/lv_printf.c.obj
                0x0801196c                lv_vsnprintf
 .text.pwd_char_hider_anim
                0x08011988        0x2 CMakeFiles/OV_watch_01.dir/LVGL_src/lv_textarea.c.obj
 .text.lv_textarea_destructor
                0x0801198a       0x2a CMakeFiles/OV_watch_01.dir/LVGL_src/lv_textarea.c.obj
 .text.cursor_blink_anim_cb
                0x080119b4       0x54 CMakeFiles/OV_watch_01.dir/LVGL_src/lv_textarea.c.obj
 .text.start_cursor_blink
                0x08011a08       0x64 CMakeFiles/OV_watch_01.dir/LVGL_src/lv_textarea.c.obj
 .text.lv_obj_get_style_text_font.constprop.0
                0x08011a6c        0xc CMakeFiles/OV_watch_01.dir/LVGL_src/lv_textarea.c.obj
 .text.refr_cursor_area
                0x08011a78      0x20c CMakeFiles/OV_watch_01.dir/LVGL_src/lv_textarea.c.obj
 .text.label_event_cb
                0x08011c84       0x3a CMakeFiles/OV_watch_01.dir/LVGL_src/lv_textarea.c.obj
 *fill*         0x08011cbe        0x2 
 .text.lv_textarea_set_cursor_pos
                0x08011cc0       0xf4 CMakeFiles/OV_watch_01.dir/LVGL_src/lv_textarea.c.obj
                0x08011cc0                lv_textarea_set_cursor_pos
 .text.lv_textarea_constructor
                0x08011db4       0x84 CMakeFiles/OV_watch_01.dir/LVGL_src/lv_textarea.c.obj
 .text.lv_textarea_set_cursor_click_pos
                0x08011e38        0xe CMakeFiles/OV_watch_01.dir/LVGL_src/lv_textarea.c.obj
                0x08011e38                lv_textarea_set_cursor_click_pos
 .text.lv_textarea_set_one_line
                0x08011e46       0x68 CMakeFiles/OV_watch_01.dir/LVGL_src/lv_textarea.c.obj
                0x08011e46                lv_textarea_set_one_line
 .text.lv_textarea_get_text
                0x08011eae       0x12 CMakeFiles/OV_watch_01.dir/LVGL_src/lv_textarea.c.obj
                0x08011eae                lv_textarea_get_text
 .text.lv_textarea_get_cursor_pos
                0x08011ec0        0x4 CMakeFiles/OV_watch_01.dir/LVGL_src/lv_textarea.c.obj
                0x08011ec0                lv_textarea_get_cursor_pos
 .text.lv_textarea_get_password_bullet
                0x08011ec4       0x30 CMakeFiles/OV_watch_01.dir/LVGL_src/lv_textarea.c.obj
                0x08011ec4                lv_textarea_get_password_bullet
 .text.pwd_char_hider
                0x08011ef4       0x7c CMakeFiles/OV_watch_01.dir/LVGL_src/lv_textarea.c.obj
 .text.auto_hide_characters
                0x08011f70       0x4c CMakeFiles/OV_watch_01.dir/LVGL_src/lv_textarea.c.obj
 .text.pwd_char_hider_anim_ready
                0x08011fbc        0x6 CMakeFiles/OV_watch_01.dir/LVGL_src/lv_textarea.c.obj
 .text.lv_textarea_get_one_line
                0x08011fc2        0xa CMakeFiles/OV_watch_01.dir/LVGL_src/lv_textarea.c.obj
                0x08011fc2                lv_textarea_get_one_line
 .text.lv_textarea_clear_selection
                0x08011fcc       0x38 CMakeFiles/OV_watch_01.dir/LVGL_src/lv_textarea.c.obj
                0x08011fcc                lv_textarea_clear_selection
 .text.lv_textarea_add_text
                0x08012004       0xdc CMakeFiles/OV_watch_01.dir/LVGL_src/lv_textarea.c.obj
                0x08012004                lv_textarea_add_text
 .text.insert_handler
                0x080120e0       0x3c CMakeFiles/OV_watch_01.dir/LVGL_src/lv_textarea.c.obj
 .text.lv_textarea_add_char
                0x0801211c       0xf4 CMakeFiles/OV_watch_01.dir/LVGL_src/lv_textarea.c.obj
                0x0801211c                lv_textarea_add_char
 .text.lv_textarea_del_char
                0x08012210       0x92 CMakeFiles/OV_watch_01.dir/LVGL_src/lv_textarea.c.obj
                0x08012210                lv_textarea_del_char
 .text.lv_textarea_del_char_forward
                0x080122a2       0x1e CMakeFiles/OV_watch_01.dir/LVGL_src/lv_textarea.c.obj
                0x080122a2                lv_textarea_del_char_forward
 .text.lv_textarea_set_text
                0x080122c0       0xcc CMakeFiles/OV_watch_01.dir/LVGL_src/lv_textarea.c.obj
                0x080122c0                lv_textarea_set_text
 .text.lv_textarea_cursor_right
                0x0801238c        0x8 CMakeFiles/OV_watch_01.dir/LVGL_src/lv_textarea.c.obj
                0x0801238c                lv_textarea_cursor_right
 .text.lv_textarea_cursor_left
                0x08012394        0xc CMakeFiles/OV_watch_01.dir/LVGL_src/lv_textarea.c.obj
                0x08012394                lv_textarea_cursor_left
 .text.lv_textarea_cursor_down
                0x080123a0       0x60 CMakeFiles/OV_watch_01.dir/LVGL_src/lv_textarea.c.obj
                0x080123a0                lv_textarea_cursor_down
 .text.lv_textarea_cursor_up
                0x08012400       0x54 CMakeFiles/OV_watch_01.dir/LVGL_src/lv_textarea.c.obj
                0x08012400                lv_textarea_cursor_up
 .text.lv_textarea_event
                0x08012454      0x48c CMakeFiles/OV_watch_01.dir/LVGL_src/lv_textarea.c.obj
 .text.lv_img_get_transformed_size
                0x080128e0       0x4a CMakeFiles/OV_watch_01.dir/LVGL_src/lv_img.c.obj
 .text.lv_img_constructor
                0x0801292a       0x54 CMakeFiles/OV_watch_01.dir/LVGL_src/lv_img.c.obj
 .text.lv_img_destructor
                0x0801297e       0x2a CMakeFiles/OV_watch_01.dir/LVGL_src/lv_img.c.obj
 .text.lv_img_create
                0x080129a8       0x18 CMakeFiles/OV_watch_01.dir/LVGL_src/lv_img.c.obj
                0x080129a8                lv_img_create
 .text.lv_img_set_src
                0x080129c0      0x164 CMakeFiles/OV_watch_01.dir/LVGL_src/lv_img.c.obj
                0x080129c0                lv_img_set_src
 .text.lv_img_event
                0x08012b24      0x650 CMakeFiles/OV_watch_01.dir/LVGL_src/lv_img.c.obj
 .text.lv_obj_get_style_base_dir
                0x08013174        0xc CMakeFiles/OV_watch_01.dir/LVGL_src/lv_obj_scroll.c.obj
 .text.scroll_anim_ready_cb
                0x08013180        0xa CMakeFiles/OV_watch_01.dir/LVGL_src/lv_obj_scroll.c.obj
 .text.lv_obj_set_scrollbar_mode
                0x0801318a       0x28 CMakeFiles/OV_watch_01.dir/LVGL_src/lv_obj_scroll.c.obj
                0x0801318a                lv_obj_set_scrollbar_mode
 .text.lv_obj_set_scroll_dir
                0x080131b2       0x1e CMakeFiles/OV_watch_01.dir/LVGL_src/lv_obj_scroll.c.obj
                0x080131b2                lv_obj_set_scroll_dir
 .text.lv_obj_set_scroll_snap_x
                0x080131d0       0x16 CMakeFiles/OV_watch_01.dir/LVGL_src/lv_obj_scroll.c.obj
                0x080131d0                lv_obj_set_scroll_snap_x
 .text.lv_obj_set_scroll_snap_y
                0x080131e6       0x16 CMakeFiles/OV_watch_01.dir/LVGL_src/lv_obj_scroll.c.obj
                0x080131e6                lv_obj_set_scroll_snap_y
 .text.lv_obj_get_scrollbar_mode
                0x080131fc       0x10 CMakeFiles/OV_watch_01.dir/LVGL_src/lv_obj_scroll.c.obj
                0x080131fc                lv_obj_get_scrollbar_mode
 .text.lv_obj_get_scroll_dir
                0x0801320c       0x10 CMakeFiles/OV_watch_01.dir/LVGL_src/lv_obj_scroll.c.obj
                0x0801320c                lv_obj_get_scroll_dir
 .text.lv_obj_get_scroll_snap_x
                0x0801321c        0xc CMakeFiles/OV_watch_01.dir/LVGL_src/lv_obj_scroll.c.obj
                0x0801321c                lv_obj_get_scroll_snap_x
 .text.lv_obj_get_scroll_snap_y
                0x08013228        0xc CMakeFiles/OV_watch_01.dir/LVGL_src/lv_obj_scroll.c.obj
                0x08013228                lv_obj_get_scroll_snap_y
 .text.lv_obj_get_scroll_x
                0x08013234        0xc CMakeFiles/OV_watch_01.dir/LVGL_src/lv_obj_scroll.c.obj
                0x08013234                lv_obj_get_scroll_x
 .text.lv_obj_get_scroll_y
                0x08013240        0xc CMakeFiles/OV_watch_01.dir/LVGL_src/lv_obj_scroll.c.obj
                0x08013240                lv_obj_get_scroll_y
 .text.lv_obj_get_scroll_top
                0x0801324c        0x4 CMakeFiles/OV_watch_01.dir/LVGL_src/lv_obj_scroll.c.obj
                0x0801324c                lv_obj_get_scroll_top
 .text.lv_obj_get_scroll_bottom
                0x08013250       0xa4 CMakeFiles/OV_watch_01.dir/LVGL_src/lv_obj_scroll.c.obj
                0x08013250                lv_obj_get_scroll_bottom
 .text.lv_obj_get_scroll_left
                0x080132f4       0xd0 CMakeFiles/OV_watch_01.dir/LVGL_src/lv_obj_scroll.c.obj
                0x080132f4                lv_obj_get_scroll_left
 .text.lv_obj_get_scroll_right
                0x080133c4       0xb8 CMakeFiles/OV_watch_01.dir/LVGL_src/lv_obj_scroll.c.obj
                0x080133c4                lv_obj_get_scroll_right
 .text.lv_obj_get_scroll_end
                0x0801347c       0x44 CMakeFiles/OV_watch_01.dir/LVGL_src/lv_obj_scroll.c.obj
                0x0801347c                lv_obj_get_scroll_end
 .text._lv_obj_scroll_by_raw
                0x080134c0       0x4a CMakeFiles/OV_watch_01.dir/LVGL_src/lv_obj_scroll.c.obj
                0x080134c0                _lv_obj_scroll_by_raw
 .text.scroll_y_anim
                0x0801350a       0x18 CMakeFiles/OV_watch_01.dir/LVGL_src/lv_obj_scroll.c.obj
 .text.scroll_x_anim
                0x08013522       0x18 CMakeFiles/OV_watch_01.dir/LVGL_src/lv_obj_scroll.c.obj
 *fill*         0x0801353a        0x2 
 .text.lv_obj_scroll_by
                0x0801353c      0x11c CMakeFiles/OV_watch_01.dir/LVGL_src/lv_obj_scroll.c.obj
                0x0801353c                lv_obj_scroll_by
 .text.lv_obj_scroll_by_bounded
                0x08013658       0xc8 CMakeFiles/OV_watch_01.dir/LVGL_src/lv_obj_scroll.c.obj
                0x08013658                lv_obj_scroll_by_bounded
 .text.lv_obj_scroll_to_x
                0x08013720       0x2c CMakeFiles/OV_watch_01.dir/LVGL_src/lv_obj_scroll.c.obj
                0x08013720                lv_obj_scroll_to_x
 .text.lv_obj_scroll_to_y
                0x0801374c       0x2c CMakeFiles/OV_watch_01.dir/LVGL_src/lv_obj_scroll.c.obj
                0x0801374c                lv_obj_scroll_to_y
 .text.lv_obj_scroll_to
                0x08013778       0x1c CMakeFiles/OV_watch_01.dir/LVGL_src/lv_obj_scroll.c.obj
                0x08013778                lv_obj_scroll_to
 .text.scroll_area_into_view
                0x08013794      0x2f4 CMakeFiles/OV_watch_01.dir/LVGL_src/lv_obj_scroll.c.obj
 .text.lv_obj_scroll_to_view_recursive