Archive member included to satisfy reference by file (symbol)

D:/STM32CubeCLT/STM32CubeCLT/STM32CubeCLT_1.19.0/GNU-tools-for-STM32/bin/../lib/gcc/arm-none-eabi/13.3.1/../../../../arm-none-eabi/lib/thumb/v7e-m+fp/hard\libc_nano.a(libc_a-exit.o)
                              D:/STM32CubeCLT/STM32CubeCLT/STM32CubeCLT_1.19.0/GNU-tools-for-STM32/bin/../lib/gcc/arm-none-eabi/13.3.1/../../../../arm-none-eabi/lib/thumb/v7e-m+fp/hard/crt0.o (exit)
D:/STM32CubeCLT/STM32CubeCLT/STM32CubeCLT_1.19.0/GNU-tools-for-STM32/bin/../lib/gcc/arm-none-eabi/13.3.1/../../../../arm-none-eabi/lib/thumb/v7e-m+fp/hard\libc_nano.a(libc_a-findfp.o)
                              D:/STM32CubeCLT/STM32CubeCLT/STM32CubeCLT_1.19.0/GNU-tools-for-STM32/bin/../lib/gcc/arm-none-eabi/13.3.1/../../../../arm-none-eabi/lib/thumb/v7e-m+fp/hard\libc_nano.a(libc_a-exit.o) (__stdio_exit_handler)
D:/STM32CubeCLT/STM32CubeCLT/STM32CubeCLT_1.19.0/GNU-tools-for-STM32/bin/../lib/gcc/arm-none-eabi/13.3.1/../../../../arm-none-eabi/lib/thumb/v7e-m+fp/hard\libc_nano.a(libc_a-fwalk.o)
                              D:/STM32CubeCLT/STM32CubeCLT/STM32CubeCLT_1.19.0/GNU-tools-for-STM32/bin/../lib/gcc/arm-none-eabi/13.3.1/../../../../arm-none-eabi/lib/thumb/v7e-m+fp/hard\libc_nano.a(libc_a-findfp.o) (_fwalk_sglue)
D:/STM32CubeCLT/STM32CubeCLT/STM32CubeCLT_1.19.0/GNU-tools-for-STM32/bin/../lib/gcc/arm-none-eabi/13.3.1/../../../../arm-none-eabi/lib/thumb/v7e-m+fp/hard\libc_nano.a(libc_a-stdio.o)
                              D:/STM32CubeCLT/STM32CubeCLT/STM32CubeCLT_1.19.0/GNU-tools-for-STM32/bin/../lib/gcc/arm-none-eabi/13.3.1/../../../../arm-none-eabi/lib/thumb/v7e-m+fp/hard\libc_nano.a(libc_a-findfp.o) (__sread)
D:/STM32CubeCLT/STM32CubeCLT/STM32CubeCLT_1.19.0/GNU-tools-for-STM32/bin/../lib/gcc/arm-none-eabi/13.3.1/../../../../arm-none-eabi/lib/thumb/v7e-m+fp/hard\libc_nano.a(libc_a-memset.o)
                              D:/STM32CubeCLT/STM32CubeCLT/STM32CubeCLT_1.19.0/GNU-tools-for-STM32/bin/../lib/gcc/arm-none-eabi/13.3.1/../../../../arm-none-eabi/lib/thumb/v7e-m+fp/hard/crt0.o (memset)
D:/STM32CubeCLT/STM32CubeCLT/STM32CubeCLT_1.19.0/GNU-tools-for-STM32/bin/../lib/gcc/arm-none-eabi/13.3.1/../../../../arm-none-eabi/lib/thumb/v7e-m+fp/hard\libc_nano.a(libc_a-closer.o)
                              D:/STM32CubeCLT/STM32CubeCLT/STM32CubeCLT_1.19.0/GNU-tools-for-STM32/bin/../lib/gcc/arm-none-eabi/13.3.1/../../../../arm-none-eabi/lib/thumb/v7e-m+fp/hard\libc_nano.a(libc_a-stdio.o) (_close_r)
D:/STM32CubeCLT/STM32CubeCLT/STM32CubeCLT_1.19.0/GNU-tools-for-STM32/bin/../lib/gcc/arm-none-eabi/13.3.1/../../../../arm-none-eabi/lib/thumb/v7e-m+fp/hard\libc_nano.a(libc_a-reent.o)
                              D:/STM32CubeCLT/STM32CubeCLT/STM32CubeCLT_1.19.0/GNU-tools-for-STM32/bin/../lib/gcc/arm-none-eabi/13.3.1/../../../../arm-none-eabi/lib/thumb/v7e-m+fp/hard\libc_nano.a(libc_a-closer.o) (errno)
D:/STM32CubeCLT/STM32CubeCLT/STM32CubeCLT_1.19.0/GNU-tools-for-STM32/bin/../lib/gcc/arm-none-eabi/13.3.1/../../../../arm-none-eabi/lib/thumb/v7e-m+fp/hard\libc_nano.a(libc_a-impure.o)
                              D:/STM32CubeCLT/STM32CubeCLT/STM32CubeCLT_1.19.0/GNU-tools-for-STM32/bin/../lib/gcc/arm-none-eabi/13.3.1/../../../../arm-none-eabi/lib/thumb/v7e-m+fp/hard\libc_nano.a(libc_a-reent.o) (_impure_ptr)
D:/STM32CubeCLT/STM32CubeCLT/STM32CubeCLT_1.19.0/GNU-tools-for-STM32/bin/../lib/gcc/arm-none-eabi/13.3.1/../../../../arm-none-eabi/lib/thumb/v7e-m+fp/hard\libc_nano.a(libc_a-lseekr.o)
                              D:/STM32CubeCLT/STM32CubeCLT/STM32CubeCLT_1.19.0/GNU-tools-for-STM32/bin/../lib/gcc/arm-none-eabi/13.3.1/../../../../arm-none-eabi/lib/thumb/v7e-m+fp/hard\libc_nano.a(libc_a-stdio.o) (_lseek_r)
D:/STM32CubeCLT/STM32CubeCLT/STM32CubeCLT_1.19.0/GNU-tools-for-STM32/bin/../lib/gcc/arm-none-eabi/13.3.1/../../../../arm-none-eabi/lib/thumb/v7e-m+fp/hard\libc_nano.a(libc_a-readr.o)
                              D:/STM32CubeCLT/STM32CubeCLT/STM32CubeCLT_1.19.0/GNU-tools-for-STM32/bin/../lib/gcc/arm-none-eabi/13.3.1/../../../../arm-none-eabi/lib/thumb/v7e-m+fp/hard\libc_nano.a(libc_a-stdio.o) (_read_r)
D:/STM32CubeCLT/STM32CubeCLT/STM32CubeCLT_1.19.0/GNU-tools-for-STM32/bin/../lib/gcc/arm-none-eabi/13.3.1/../../../../arm-none-eabi/lib/thumb/v7e-m+fp/hard\libc_nano.a(libc_a-writer.o)
                              D:/STM32CubeCLT/STM32CubeCLT/STM32CubeCLT_1.19.0/GNU-tools-for-STM32/bin/../lib/gcc/arm-none-eabi/13.3.1/../../../../arm-none-eabi/lib/thumb/v7e-m+fp/hard\libc_nano.a(libc_a-stdio.o) (_write_r)
D:/STM32CubeCLT/STM32CubeCLT/STM32CubeCLT_1.19.0/GNU-tools-for-STM32/bin/../lib/gcc/arm-none-eabi/13.3.1/../../../../arm-none-eabi/lib/thumb/v7e-m+fp/hard\libc_nano.a(libc_a-init.o)
                              D:/STM32CubeCLT/STM32CubeCLT/STM32CubeCLT_1.19.0/GNU-tools-for-STM32/bin/../lib/gcc/arm-none-eabi/13.3.1/../../../../arm-none-eabi/lib/thumb/v7e-m+fp/hard/crt0.o (__libc_init_array)
[...]
Memory Configuration

Name             Origin             Length             Attributes
RAM              0x20000000         0x00020000         xrw
FLASH            0x08000000         0x00080000         xr
*default*        0x00000000         0xffffffff

Linker script and memory map

LOAD D:/STM32CubeCLT/STM32CubeCLT/STM32CubeCLT_1.19.0/GNU-tools-for-STM32/bin/../lib/gcc/arm-none-eabi/13.3.1/thumb/v7e-m+fp/hard/crti.o
LOAD D:/STM32CubeCLT/STM32CubeCLT/STM32CubeCLT_1.19.0/GNU-tools-for-STM32/bin/../lib/gcc/arm-none-eabi/13.3.1/thumb/v7e-m+fp/hard/crtbegin.o
LOAD D:/STM32CubeCLT/STM32CubeCLT/STM32CubeCLT_1.19.0/GNU-tools-for-STM32/bin/../lib/gcc/arm-none-eabi/13.3.1/../../../../arm-none-eabi/lib/thumb/v7e-m+fp/hard/crt0.o
START GROUP
LOAD D:/STM32CubeCLT/STM32CubeCLT/STM32CubeCLT_1.19.0/GNU-tools-for-STM32/bin/../lib/gcc/arm-none-eabi/13.3.1/../../../../arm-none-eabi/lib/thumb/v7e-m+fp/hard\libc_nano.a
LOAD D:/STM32CubeCLT/STM32CubeCLT/STM32CubeCLT_1.19.0/GNU-tools-for-STM32/bin/../lib/gcc/arm-none-eabi/13.3.1/../../../../arm-none-eabi/lib/thumb/v7e-m+fp/hard\libm.a
END GROUP
LOAD CMakeFiles/OV_watch_01.dir/BSP/MPU6050/eMPL/inv_mpu.c.obj
LOAD CMakeFiles/OV_watch_01.dir/SYSTEM/delay.c.obj
LOAD CMakeFiles/OV_watch_01.dir/BSP/LCD/lcd.c.obj
LOAD CMakeFiles/OV_watch_01.dir/BSP/LCD/lcd_init.c.obj
LOAD CMakeFiles/OV_watch_01.dir/BSP/KEY/key.c.obj
LOAD CMakeFiles/OV_watch_01.dir/BSP/KT6328/KT6328.c.obj
LOAD CMakeFiles/OV_watch_01.dir/BSP/OWDG/WDOG.c.obj
LOAD CMakeFiles/OV_watch_01.dir/BSP/AHT21/AHT21.c.obj
LOAD CMakeFiles/OV_watch_01.dir/BSP/IIC/iic_hal.c.obj
LOAD CMakeFiles/OV_watch_01.dir/BSP/EM7028/em70x8.c.obj
LOAD CMakeFiles/OV_watch_01.dir/BSP/EM7028/HrAlgorythm.c.obj
LOAD CMakeFiles/OV_watch_01.dir/BSP/EM7028/user_Queue.c.obj
LOAD CMakeFiles/OV_watch_01.dir/BSP/POWER/power.c.obj
LOAD CMakeFiles/OV_watch_01.dir/BSP/SPL06_001/SPL06_001.c.obj
LOAD CMakeFiles/OV_watch_01.dir/BSP/LSM303DLH/LSM303.c.obj
LOAD CMakeFiles/OV_watch_01.dir/LVGL_porting/lv_port_disp.c.obj
LOAD CMakeFiles/OV_watch_01.dir/LVGL_porting/lv_port_indev.c.obj
LOAD CMakeFiles/OV_watch_01.dir/LVGL_src/lv_hal_disp.c.obj
LOAD CMakeFiles/OV_watch_01.dir/LVGL_src/lv_hal_indev.c.obj
LOAD CMakeFiles/OV_watch_01.dir/LVGL_src/gifdec.c.obj
LOAD CMakeFiles/OV_watch_01.dir/LVGL_src/lodepng.c.obj
LOAD CMakeFiles/OV_watch_01.dir/LVGL_src/lv_anim.c.obj
LOAD CMakeFiles/OV_watch_01.dir/LVGL_src/lv_anim_timeline.c.obj
LOAD CMakeFiles/OV_watch_01.dir/LVGL_src/lv_animimg.c.obj
LOAD CMakeFiles/OV_watch_01.dir/LVGL_src/lv_arc.c.obj
LOAD CMakeFiles/OV_watch_01.dir/LVGL_src/lv_font_loader.c.obj
LOAD CMakeFiles/OV_watch_01.dir/LVGL_src/lv_area.c.obj
LOAD CMakeFiles/OV_watch_01.dir/LVGL_src/lv_async.c.obj
LOAD CMakeFiles/OV_watch_01.dir/LVGL_src/lv_mem.c.obj
LOAD CMakeFiles/OV_watch_01.dir/LVGL_src/lv_bar.c.obj
LOAD CMakeFiles/OV_watch_01.dir/LVGL_src/lv_bidi.c.obj
LOAD CMakeFiles/OV_watch_01.dir/LVGL_src/lv_bmp.c.obj
LOAD CMakeFiles/OV_watch_01.dir/LVGL_src/lv_btn.c.obj
LOAD CMakeFiles/OV_watch_01.dir/LVGL_src/lv_btnmatrix.c.obj
LOAD CMakeFiles/OV_watch_01.dir/LVGL_src/lv_calendar.c.obj
LOAD CMakeFiles/OV_watch_01.dir/LVGL_src/lv_calendar_header_arrow.c.obj
LOAD CMakeFiles/OV_watch_01.dir/LVGL_src/lv_chart.c.obj
LOAD CMakeFiles/OV_watch_01.dir/LVGL_src/lv_calendar_header_dropdown.c.obj
LOAD CMakeFiles/OV_watch_01.dir/LVGL_src/lv_canvas.c.obj
LOAD CMakeFiles/OV_watch_01.dir/LVGL_src/lv_checkbox.c.obj
LOAD CMakeFiles/OV_watch_01.dir/LVGL_src/lv_color.c.obj
LOAD CMakeFiles/OV_watch_01.dir/LVGL_src/lv_colorwheel.c.obj
LOAD CMakeFiles/OV_watch_01.dir/LVGL_src/lv_disp.c.obj
LOAD CMakeFiles/OV_watch_01.dir/LVGL_src/lv_draw.c.obj
LOAD CMakeFiles/OV_watch_01.dir/LVGL_src/lv_draw_arc.c.obj
LOAD CMakeFiles/OV_watch_01.dir/LVGL_src/lv_draw_img.c.obj
LOAD CMakeFiles/OV_watch_01.dir/LVGL_src/lv_draw_label.c.obj
LOAD CMakeFiles/OV_watch_01.dir/LVGL_src/lv_draw_layer.c.obj
LOAD CMakeFiles/OV_watch_01.dir/LVGL_src/lv_draw_line.c.obj
LOAD CMakeFiles/OV_watch_01.dir/LVGL_src/lv_draw_mask.c.obj
LOAD CMakeFiles/OV_watch_01.dir/LVGL_src/lv_draw_pxp.c.obj
LOAD CMakeFiles/OV_watch_01.dir/LVGL_src/lv_draw_pxp_blend.c.obj
LOAD CMakeFiles/OV_watch_01.dir/LVGL_src/lv_draw_rect.c.obj
LOAD CMakeFiles/OV_watch_01.dir/LVGL_src/lv_draw_sdl.c.obj
LOAD CMakeFiles/OV_watch_01.dir/LVGL_src/lv_draw_sdl_arc.c.obj
LOAD CMakeFiles/OV_watch_01.dir/LVGL_src/lv_draw_sdl_bg.c.obj
LOAD CMakeFiles/OV_watch_01.dir/LVGL_src/lv_draw_sdl_composite.c.obj
LOAD CMakeFiles/OV_watch_01.dir/LVGL_src/lv_draw_sdl_label.c.obj
LOAD CMakeFiles/OV_watch_01.dir/LVGL_src/lv_draw_sdl_img.c.obj
LOAD CMakeFiles/OV_watch_01.dir/LVGL_src/lv_draw_sdl_layer.c.obj
LOAD CMakeFiles/OV_watch_01.dir/LVGL_src/lv_draw_sdl_line.c.obj
LOAD CMakeFiles/OV_watch_01.dir/LVGL_src/lv_draw_sdl_mask.c.obj
LOAD CMakeFiles/OV_watch_01.dir/LVGL_src/lv_draw_sdl_polygon.c.obj
LOAD CMakeFiles/OV_watch_01.dir/LVGL_src/lv_draw_sdl_rect.c.obj
LOAD CMakeFiles/OV_watch_01.dir/LVGL_src/lv_draw_sdl_stack_blur.c.obj
LOAD CMakeFiles/OV_watch_01.dir/LVGL_src/lv_draw_sdl_texture_cache.c.obj
LOAD CMakeFiles/OV_watch_01.dir/LVGL_src/lv_draw_sdl_utils.c.obj
LOAD CMakeFiles/OV_watch_01.dir/LVGL_src/lv_draw_sw_blend.c.obj
LOAD CMakeFiles/OV_watch_01.dir/LVGL_src/lv_draw_sw.c.obj
LOAD CMakeFiles/OV_watch_01.dir/LVGL_src/lv_draw_sw_arc.c.obj
LOAD CMakeFiles/OV_watch_01.dir/LVGL_src/lv_draw_sw_dither.c.obj
LOAD CMakeFiles/OV_watch_01.dir/LVGL_src/lv_draw_sw_gradient.c.obj
LOAD CMakeFiles/OV_watch_01.dir/LVGL_src/lv_draw_sw_img.c.obj
LOAD CMakeFiles/OV_watch_01.dir/LVGL_src/lv_draw_sw_layer.c.obj
LOAD CMakeFiles/OV_watch_01.dir/LVGL_src/lv_draw_sw_letter.c.obj
LOAD CMakeFiles/OV_watch_01.dir/LVGL_src/lv_draw_sw_line.c.obj
LOAD CMakeFiles/OV_watch_01.dir/LVGL_src/lv_draw_sw_polygon.c.obj
LOAD CMakeFiles/OV_watch_01.dir/LVGL_src/lv_draw_sw_rect.c.obj
LOAD CMakeFiles/OV_watch_01.dir/LVGL_src/lv_draw_sw_transform.c.obj
LOAD CMakeFiles/OV_watch_01.dir/LVGL_src/lv_draw_vglite_arc.c.obj
LOAD CMakeFiles/OV_watch_01.dir/LVGL_src/lv_draw_triangle.c.obj
LOAD CMakeFiles/OV_watch_01.dir/LVGL_src/lv_draw_transform.c.obj
LOAD CMakeFiles/OV_watch_01.dir/LVGL_src/lv_draw_vglite.c.obj
LOAD CMakeFiles/OV_watch_01.dir/LVGL_src/lv_draw_vglite_rect.c.obj
LOAD CMakeFiles/OV_watch_01.dir/LVGL_src/lv_draw_vglite_line.c.obj
LOAD CMakeFiles/OV_watch_01.dir/LVGL_src/lv_draw_vglite_blend.c.obj
LOAD CMakeFiles/OV_watch_01.dir/LVGL_src/lv_event.c.obj
LOAD CMakeFiles/OV_watch_01.dir/LVGL_src/lv_flex.c.obj
LOAD CMakeFiles/OV_watch_01.dir/LVGL_src/lv_dropdown.c.obj
LOAD CMakeFiles/OV_watch_01.dir/LVGL_src/lv_extra.c.obj
LOAD CMakeFiles/OV_watch_01.dir/LVGL_src/lv_ffmpeg.c.obj
LOAD CMakeFiles/OV_watch_01.dir/LVGL_src/lv_font.c.obj
LOAD CMakeFiles/OV_watch_01.dir/LVGL_src/lv_font_fmt_txt.c.obj
LOAD CMakeFiles/OV_watch_01.dir/LVGL_src/lv_font_dejavu_16_persian_hebrew.c.obj
LOAD CMakeFiles/OV_watch_01.dir/LVGL_src/lv_font_montserrat_30.c.obj
LOAD CMakeFiles/OV_watch_01.dir/LVGL_src/lv_font_montserrat_36.c.obj
LOAD CMakeFiles/OV_watch_01.dir/LVGL_src/lv_font_montserrat_8.c.obj
LOAD CMakeFiles/OV_watch_01.dir/LVGL_src/lv_font_montserrat_32.c.obj
LOAD CMakeFiles/OV_watch_01.dir/LVGL_src/lv_font_montserrat_28.c.obj
LOAD CMakeFiles/OV_watch_01.dir/LVGL_src/lv_font_montserrat_34.c.obj
LOAD CMakeFiles/OV_watch_01.dir/LVGL_src/lv_font_montserrat_20.c.obj
LOAD CMakeFiles/OV_watch_01.dir/LVGL_src/lv_font_montserrat_12.c.obj
LOAD CMakeFiles/OV_watch_01.dir/LVGL_src/lv_font_montserrat_18.c.obj
LOAD CMakeFiles/OV_watch_01.dir/LVGL_src/lv_font_montserrat_12_subpx.c.obj
LOAD CMakeFiles/OV_watch_01.dir/LVGL_src/lv_font_montserrat_16.c.obj
LOAD CMakeFiles/OV_watch_01.dir/LVGL_src/lv_font_montserrat_26.c.obj
LOAD CMakeFiles/OV_watch_01.dir/LVGL_src/lv_font_montserrat_24.c.obj
LOAD CMakeFiles/OV_watch_01.dir/LVGL_src/lv_font_montserrat_22.c.obj
LOAD CMakeFiles/OV_watch_01.dir/LVGL_src/lv_font_montserrat_28_compressed.c.obj
LOAD CMakeFiles/OV_watch_01.dir/LVGL_src/lv_font_montserrat_10.c.obj
LOAD CMakeFiles/OV_watch_01.dir/LVGL_src/lv_font_montserrat_14.c.obj
LOAD CMakeFiles/OV_watch_01.dir/LVGL_src/lv_png.c.obj
LOAD CMakeFiles/OV_watch_01.dir/LVGL_src/lv_gpu_d2_ra6m3.c.obj
LOAD CMakeFiles/OV_watch_01.dir/LVGL_src/lv_math.c.obj
LOAD CMakeFiles/OV_watch_01.dir/LVGL_src/lv_gpu_d2_draw_label.c.obj
LOAD CMakeFiles/OV_watch_01.dir/LVGL_src/lv_gpu_stm32_dma2d.c.obj
LOAD CMakeFiles/OV_watch_01.dir/LVGL_src/lv_win.c.obj
LOAD CMakeFiles/OV_watch_01.dir/LVGL_src/lv_led.c.obj
LOAD CMakeFiles/OV_watch_01.dir/LVGL_src/lv_menu.c.obj
LOAD CMakeFiles/OV_watch_01.dir/LVGL_src/lv_gpu_nxp_pxp.c.obj
LOAD CMakeFiles/OV_watch_01.dir/LVGL_src/lv_printf.c.obj
LOAD CMakeFiles/OV_watch_01.dir/LVGL_src/lv_rlottie.c.obj
LOAD CMakeFiles/OV_watch_01.dir/LVGL_src/lv_textarea.c.obj
LOAD CMakeFiles/OV_watch_01.dir/LVGL_src/lv_list.c.obj
LOAD CMakeFiles/OV_watch_01.dir/LVGL_src/lv_gpu_swm341_dma2d.c.obj
LOAD CMakeFiles/OV_watch_01.dir/LVGL_src/lv_img.c.obj
LOAD CMakeFiles/OV_watch_01.dir/LVGL_src/tjpgd.c.obj
LOAD CMakeFiles/OV_watch_01.dir/LVGL_src/lv_obj_scroll.c.obj
LOAD CMakeFiles/OV_watch_01.dir/LVGL_src/lv_grid.c.obj
LOAD CMakeFiles/OV_watch_01.dir/LVGL_src/lv_timer.c.obj
LOAD CMakeFiles/OV_watch_01.dir/LVGL_src/lv_theme_default.c.obj
LOAD CMakeFiles/OV_watch_01.dir/LVGL_src/lv_group.c.obj
LOAD CMakeFiles/OV_watch_01.dir/LVGL_src/lv_obj_class.c.obj
LOAD CMakeFiles/OV_watch_01.dir/LVGL_src/lv_slider.c.obj
LOAD CMakeFiles/OV_watch_01.dir/LVGL_src/lv_fragment.c.obj
LOAD CMakeFiles/OV_watch_01.dir/LVGL_src/lv_sjpg.c.obj
LOAD CMakeFiles/OV_watch_01.dir/LVGL_src/lv_obj.c.obj
LOAD CMakeFiles/OV_watch_01.dir/LVGL_src/lv_tiny_ttf.c.obj
LOAD CMakeFiles/OV_watch_01.dir/LVGL_src/lv_obj_style.c.obj
LOAD CMakeFiles/OV_watch_01.dir/LVGL_src/lv_gif.c.obj
LOAD CMakeFiles/OV_watch_01.dir/LVGL_src/lv_font_montserrat_46.c.obj
LOAD CMakeFiles/OV_watch_01.dir/LVGL_src/lv_templ.c.obj
LOAD CMakeFiles/OV_watch_01.dir/LVGL_src/lv_refr.c.obj
LOAD CMakeFiles/OV_watch_01.dir/LVGL_src/lv_font_simsun_16_cjk.c.obj
LOAD CMakeFiles/OV_watch_01.dir/LVGL_src/lv_indev_scroll.c.obj
LOAD CMakeFiles/OV_watch_01.dir/LVGL_src/lv_switch.c.obj
LOAD CMakeFiles/OV_watch_01.dir/LVGL_src/lv_fs_littlefs.c.obj
LOAD CMakeFiles/OV_watch_01.dir/LVGL_src/lv_qrcode.c.obj
LOAD CMakeFiles/OV_watch_01.dir/LVGL_src/lv_obj_draw.c.obj
LOAD CMakeFiles/OV_watch_01.dir/LVGL_src/lv_span.c.obj
LOAD CMakeFiles/OV_watch_01.dir/LVGL_src/lv_theme_basic.c.obj
LOAD CMakeFiles/OV_watch_01.dir/LVGL_src/lv_monkey.c.obj
LOAD CMakeFiles/OV_watch_01.dir/LVGL_src/lv_txt.c.obj
LOAD CMakeFiles/OV_watch_01.dir/LVGL_src/lv_objx_templ.c.obj
LOAD CMakeFiles/OV_watch_01.dir/LVGL_src/lv_indev.c.obj
LOAD CMakeFiles/OV_watch_01.dir/LVGL_src/lv_spinbox.c.obj
LOAD CMakeFiles/OV_watch_01.dir/LVGL_src/lv_theme.c.obj
LOAD CMakeFiles/OV_watch_01.dir/LVGL_src/lv_imgbtn.c.obj
LOAD CMakeFiles/OV_watch_01.dir/LVGL_src/lv_msg.c.obj
LOAD CMakeFiles/OV_watch_01.dir/LVGL_src/lv_log.c.obj
LOAD CMakeFiles/OV_watch_01.dir/LVGL_src/lv_freetype.c.obj
LOAD CMakeFiles/OV_watch_01.dir/LVGL_src/lv_obj_tree.c.obj
LOAD CMakeFiles/OV_watch_01.dir/LVGL_src/lv_fs_win32.c.obj
LOAD CMakeFiles/OV_watch_01.dir/LVGL_src/lv_fragment_manager.c.obj
LOAD CMakeFiles/OV_watch_01.dir/LVGL_src/lv_ll.c.obj
LOAD CMakeFiles/OV_watch_01.dir/LVGL_src/lv_gridnav.c.obj
LOAD CMakeFiles/OV_watch_01.dir/LVGL_src/lv_meter.c.obj
LOAD CMakeFiles/OV_watch_01.dir/LVGL_src/lv_lru.c.obj
LOAD CMakeFiles/OV_watch_01.dir/LVGL_src/qrcodegen.c.obj
LOAD CMakeFiles/OV_watch_01.dir/LVGL_src/lv_fs_fatfs.c.obj
LOAD CMakeFiles/OV_watch_01.dir/LVGL_src/lv_img_cache.c.obj
LOAD CMakeFiles/OV_watch_01.dir/LVGL_src/lv_img_buf.c.obj
LOAD CMakeFiles/OV_watch_01.dir/LVGL_src/lv_ime_pinyin.c.obj
LOAD CMakeFiles/OV_watch_01.dir/LVGL_src/lv_msgbox.c.obj
LOAD CMakeFiles/OV_watch_01.dir/LVGL_src/lv_utils.c.obj
LOAD CMakeFiles/OV_watch_01.dir/LVGL_src/lv_vglite_utils.c.obj
LOAD CMakeFiles/OV_watch_01.dir/LVGL_src/lv_table.c.obj
LOAD CMakeFiles/OV_watch_01.dir/LVGL_src/lv_txt_ap.c.obj
LOAD CMakeFiles/OV_watch_01.dir/LVGL_src/lv_theme_mono.c.obj
LOAD CMakeFiles/OV_watch_01.dir/LVGL_src/lv_hal_tick.c.obj
LOAD CMakeFiles/OV_watch_01.dir/LVGL_src/lv_imgfont.c.obj
LOAD CMakeFiles/OV_watch_01.dir/LVGL_src/lv_gc.c.obj
LOAD CMakeFiles/OV_watch_01.dir/LVGL_src/lv_vglite_buf.c.obj
LOAD CMakeFiles/OV_watch_01.dir/LVGL_src/lv_gpu_arm2d.c.obj
LOAD CMakeFiles/OV_watch_01.dir/LVGL_src/lv_fs.c.obj
LOAD CMakeFiles/OV_watch_01.dir/LVGL_src/lv_snapshot.c.obj
LOAD CMakeFiles/OV_watch_01.dir/LVGL_src/lv_img_decoder.c.obj
LOAD CMakeFiles/OV_watch_01.dir/LVGL_src/lv_font_unscii_16.c.obj
LOAD CMakeFiles/OV_watch_01.dir/LVGL_src/lv_spinner.c.obj
LOAD CMakeFiles/OV_watch_01.dir/LVGL_src/lv_font_montserrat_48.c.obj
LOAD CMakeFiles/OV_watch_01.dir/LVGL_src/lv_tileview.c.obj
LOAD CMakeFiles/OV_watch_01.dir/LVGL_src/lv_line.c.obj
LOAD CMakeFiles/OV_watch_01.dir/LVGL_src/lv_keyboard.c.obj
LOAD CMakeFiles/OV_watch_01.dir/LVGL_src/lv_style_gen.c.obj
LOAD CMakeFiles/OV_watch_01.dir/LVGL_src/lv_fs_posix.c.obj
LOAD CMakeFiles/OV_watch_01.dir/LVGL_src/lv_style.c.obj
LOAD CMakeFiles/OV_watch_01.dir/LVGL_src/lv_roller.c.obj
LOAD CMakeFiles/OV_watch_01.dir/LVGL_src/lv_font_montserrat_38.c.obj
LOAD CMakeFiles/OV_watch_01.dir/LVGL_src/lv_font_unscii_8.c.obj
LOAD CMakeFiles/OV_watch_01.dir/LVGL_src/lv_tlsf.c.obj
LOAD CMakeFiles/OV_watch_01.dir/LVGL_src/lv_label.c.obj
LOAD CMakeFiles/OV_watch_01.dir/LVGL_src/lv_obj_pos.c.obj
LOAD CMakeFiles/OV_watch_01.dir/LVGL_src/lv_gpu_nxp_pxp_osa.c.obj
LOAD CMakeFiles/OV_watch_01.dir/LVGL_src/lv_fs_stdio.c.obj
LOAD CMakeFiles/OV_watch_01.dir/LVGL_src/lv_obj_style_gen.c.obj
LOAD CMakeFiles/OV_watch_01.dir/LVGL_src/lv_font_montserrat_40.c.obj
LOAD CMakeFiles/OV_watch_01.dir/LVGL_src/lv_tabview.c.obj
LOAD CMakeFiles/OV_watch_01.dir/Core/APP/Tasks/KeyTask.c.obj
LOAD CMakeFiles/OV_watch_01.dir/Core/APP/Tasks/PageTask.c.obj
LOAD CMakeFiles/OV_watch_01.dir/Core/APP/Tasks/WdogFeedTask.c.obj
LOAD CMakeFiles/OV_watch_01.dir/Core/APP/Tasks/SensorDataTask.c.obj
LOAD CMakeFiles/OV_watch_01.dir/Core/APP/Tasks/DataUpdateTask.c.obj
LOAD CMakeFiles/OV_watch_01.dir/Core/APP/Tasks/TimeUpdateTask.c.obj
LOAD CMakeFiles/OV_watch_01.dir/LVGL/myGUI/generated/setup_scr_about_watch.c.obj
LOAD CMakeFiles/OV_watch_01.dir/LVGL/myGUI/generated/setup_scr_heart.c.obj
LOAD CMakeFiles/OV_watch_01.dir/LVGL/myGUI/generated/setup_scr_game.c.obj
LOAD CMakeFiles/OV_watch_01.dir/LVGL/myGUI/generated/setup_scr_game_2048.c.obj
LOAD CMakeFiles/OV_watch_01.dir/LVGL/myGUI/generated/setup_scr_story.c.obj
LOAD CMakeFiles/OV_watch_01.dir/Core/APP/Tasks/AppState.c.obj
LOAD CMakeFiles/OV_watch_01.dir/Core/APP/Tasks/user_PowerManager.c.obj
LOAD CMakeFiles/OV_watch_01.dir/LVGL/myGUI/generated/setup_scr_chat.c.obj
LOAD CMakeFiles/OV_watch_01.dir/Core/APP/Tasks/BluetoothTask.c.obj
LOAD CMakeFiles/OV_watch_01.dir/LVGL/myGUI/generated/setup_scr_compass.c.obj
LOAD CMakeFiles/OV_watch_01.dir/LVGL/myGUI/generated/setup_scr_time_date.c.obj
LOAD CMakeFiles/OV_watch_01.dir/BSP/MPU6050/eMPL/inv_mpu_dmp_motion_driver.c.obj
LOAD CMakeFiles/OV_watch_01.dir/BSP/TOUCH/CST816.c.obj
LOAD CMakeFiles/OV_watch_01.dir/LVGL/myGUI/custom/custom.c.obj
LOAD CMakeFiles/OV_watch_01.dir/LVGL/myGUI/generated/events_init.c.obj
LOAD CMakeFiles/OV_watch_01.dir/LVGL/myGUI/generated/gui_guider.c.obj
LOAD CMakeFiles/OV_watch_01.dir/LVGL/myGUI/generated/guider_fonts/lv_font_icomoon_18.c.obj
LOAD CMakeFiles/OV_watch_01.dir/LVGL/myGUI/generated/guider_fonts/lv_font_icomoon_24.c.obj
LOAD CMakeFiles/OV_watch_01.dir/LVGL/myGUI/generated/guider_fonts/lv_font_icomoon_32.c.obj
LOAD CMakeFiles/OV_watch_01.dir/LVGL/myGUI/generated/guider_fonts/lv_font_simsun_12.c.obj
LOAD CMakeFiles/OV_watch_01.dir/LVGL/myGUI/generated/guider_fonts/lv_font_simsun_18.c.obj
LOAD CMakeFiles/OV_watch_01.dir/LVGL/myGUI/generated/guider_fonts/lv_font_simsun_24.c.obj
LOAD CMakeFiles/OV_watch_01.dir/LVGL/myGUI/generated/guider_fonts/lv_font_simsun_32.c.obj
LOAD CMakeFiles/OV_watch_01.dir/LVGL/myGUI/generated/guider_fonts/lv_font_simsun_48.c.obj
LOAD CMakeFiles/OV_watch_01.dir/LVGL/myGUI/generated/images/_pic_compass_pointer_alpha_90x150.c.obj
LOAD CMakeFiles/OV_watch_01.dir/LVGL/myGUI/generated/setup_scr_calculator.c.obj
LOAD CMakeFiles/OV_watch_01.dir/LVGL/myGUI/generated/setup_scr_calendar.c.obj
LOAD CMakeFiles/OV_watch_01.dir/LVGL/myGUI/generated/setup_scr_card_bag.c.obj
LOAD CMakeFiles/OV_watch_01.dir/LVGL/myGUI/generated/setup_scr_environment.c.obj
LOAD CMakeFiles/OV_watch_01.dir/LVGL/myGUI/generated/setup_scr_menu2.c.obj
LOAD CMakeFiles/OV_watch_01.dir/LVGL/myGUI/generated/setup_scr_scr1.c.obj
LOAD CMakeFiles/OV_watch_01.dir/LVGL/myGUI/generated/setup_scr_second_chronograph.c.obj
LOAD CMakeFiles/OV_watch_01.dir/LVGL/myGUI/generated/setup_scr_settings.c.obj
LOAD CMakeFiles/OV_watch_01.dir/LVGL/myGUI/generated/widgets_init.c.obj
LOAD CMakeFiles/OV_watch_01.dir/Core/Src/main.c.obj
LOAD CMakeFiles/OV_watch_01.dir/Core/Src/gpio.c.obj
LOAD CMakeFiles/OV_watch_01.dir/Core/Src/freertos.c.obj
LOAD CMakeFiles/OV_watch_01.dir/Core/Src/adc.c.obj
LOAD CMakeFiles/OV_watch_01.dir/Core/Src/dma.c.obj
LOAD CMakeFiles/OV_watch_01.dir/Core/Src/rtc.c.obj
LOAD CMakeFiles/OV_watch_01.dir/Core/Src/spi.c.obj
LOAD CMakeFiles/OV_watch_01.dir/Core/Src/tim.c.obj
LOAD CMakeFiles/OV_watch_01.dir/Core/Src/usart.c.obj
LOAD CMakeFiles/OV_watch_01.dir/Core/Src/stm32f4xx_it.c.obj
LOAD CMakeFiles/OV_watch_01.dir/Core/Src/stm32f4xx_hal_msp.c.obj
LOAD CMakeFiles/OV_watch_01.dir/Core/Src/stm32f4xx_hal_timebase_tim.c.obj
LOAD CMakeFiles/OV_watch_01.dir/Drivers/STM32F4xx_HAL_Driver/Src/stm32f4xx_hal_tim.c.obj
LOAD CMakeFiles/OV_watch_01.dir/Drivers/STM32F4xx_HAL_Driver/Src/stm32f4xx_hal_tim_ex.c.obj
LOAD CMakeFiles/OV_watch_01.dir/Drivers/STM32F4xx_HAL_Driver/Src/stm32f4xx_hal_adc.c.obj
LOAD CMakeFiles/OV_watch_01.dir/Drivers/STM32F4xx_HAL_Driver/Src/stm32f4xx_hal_adc_ex.c.obj
LOAD CMakeFiles/OV_watch_01.dir/Drivers/STM32F4xx_HAL_Driver/Src/stm32f4xx_ll_adc.c.obj
LOAD CMakeFiles/OV_watch_01.dir/Drivers/STM32F4xx_HAL_Driver/Src/stm32f4xx_hal_rcc.c.obj
LOAD CMakeFiles/OV_watch_01.dir/Drivers/STM32F4xx_HAL_Driver/Src/stm32f4xx_hal_rcc_ex.c.obj
LOAD CMakeFiles/OV_watch_01.dir/Drivers/STM32F4xx_HAL_Driver/Src/stm32f4xx_hal_flash.c.obj
LOAD CMakeFiles/OV_watch_01.dir/Drivers/STM32F4xx_HAL_Driver/Src/stm32f4xx_hal_flash_ex.c.obj
LOAD CMakeFiles/OV_watch_01.dir/Drivers/STM32F4xx_HAL_Driver/Src/stm32f4xx_hal_flash_ramfunc.c.obj
LOAD CMakeFiles/OV_watch_01.dir/Drivers/STM32F4xx_HAL_Driver/Src/stm32f4xx_hal_gpio.c.obj
LOAD CMakeFiles/OV_watch_01.dir/Drivers/STM32F4xx_HAL_Driver/Src/stm32f4xx_hal_dma_ex.c.obj
LOAD CMakeFiles/OV_watch_01.dir/Drivers/STM32F4xx_HAL_Driver/Src/stm32f4xx_hal_dma.c.obj
LOAD CMakeFiles/OV_watch_01.dir/Drivers/STM32F4xx_HAL_Driver/Src/stm32f4xx_hal_pwr.c.obj
LOAD CMakeFiles/OV_watch_01.dir/Drivers/STM32F4xx_HAL_Driver/Src/stm32f4xx_hal_pwr_ex.c.obj
LOAD CMakeFiles/OV_watch_01.dir/Drivers/STM32F4xx_HAL_Driver/Src/stm32f4xx_hal_cortex.c.obj
LOAD CMakeFiles/OV_watch_01.dir/Drivers/STM32F4xx_HAL_Driver/Src/stm32f4xx_hal.c.obj
LOAD CMakeFiles/OV_watch_01.dir/Drivers/STM32F4xx_HAL_Driver/Src/stm32f4xx_hal_exti.c.obj
LOAD CMakeFiles/OV_watch_01.dir/Drivers/STM32F4xx_HAL_Driver/Src/stm32f4xx_hal_rtc.c.obj
LOAD CMakeFiles/OV_watch_01.dir/Drivers/STM32F4xx_HAL_Driver/Src/stm32f4xx_hal_rtc_ex.c.obj
LOAD CMakeFiles/OV_watch_01.dir/Drivers/STM32F4xx_HAL_Driver/Src/stm32f4xx_hal_spi.c.obj
LOAD CMakeFiles/OV_watch_01.dir/Drivers/STM32F4xx_HAL_Driver/Src/stm32f4xx_hal_uart.c.obj
LOAD CMakeFiles/OV_watch_01.dir/Core/Src/system_stm32f4xx.c.obj
LOAD CMakeFiles/OV_watch_01.dir/Middlewares/Third_Party/FreeRTOS/Source/croutine.c.obj
LOAD CMakeFiles/OV_watch_01.dir/Middlewares/Third_Party/FreeRTOS/Source/event_groups.c.obj
LOAD CMakeFiles/OV_watch_01.dir/Middlewares/Third_Party/FreeRTOS/Source/list.c.obj
LOAD CMakeFiles/OV_watch_01.dir/Middlewares/Third_Party/FreeRTOS/Source/queue.c.obj
LOAD CMakeFiles/OV_watch_01.dir/Middlewares/Third_Party/FreeRTOS/Source/stream_buffer.c.obj
LOAD CMakeFiles/OV_watch_01.dir/Middlewares/Third_Party/FreeRTOS/Source/tasks.c.obj
LOAD CMakeFiles/OV_watch_01.dir/Middlewares/Third_Party/FreeRTOS/Source/timers.c.obj
LOAD CMakeFiles/OV_watch_01.dir/Middlewares/Third_Party/FreeRTOS/Source/CMSIS_RTOS_V2/cmsis_os2.c.obj
LOAD CMakeFiles/OV_watch_01.dir/Middlewares/Third_Party/FreeRTOS/Source/portable/MemMang/heap_4.c.obj
LOAD CMakeFiles/OV_watch_01.dir/Middlewares/Third_Party/FreeRTOS/Source/portable/GCC/ARM_CM4F/port.c.obj
LOAD CMakeFiles/OV_watch_01.dir/Core/Src/sysmem.c.obj
LOAD CMakeFiles/OV_watch_01.dir/Core/Src/syscalls.c.obj
LOAD CMakeFiles/OV_watch_01.dir/startup_stm32f411xe.s.obj
START GROUP
LOAD D:/STM32CubeCLT/STM32CubeCLT/STM32CubeCLT_1.19.0/GNU-tools-for-STM32/bin/../lib/gcc/arm-none-eabi/13.3.1/thumb/v7e-m+fp/hard\libgcc.a
LOAD D:/STM32CubeCLT/STM32CubeCLT/STM32CubeCLT_1.19.0/GNU-tools-for-STM32/bin/../lib/gcc/arm-none-eabi/13.3.1/../../../../arm-none-eabi/lib/thumb/v7e-m+fp/hard\libc_nano.a
END GROUP
START GROUP
LOAD D:/STM32CubeCLT/STM32CubeCLT/STM32CubeCLT_1.19.0/GNU-tools-for-STM32/bin/../lib/gcc/arm-none-eabi/13.3.1/thumb/v7e-m+fp/hard\libgcc.a
LOAD D:/STM32CubeCLT/STM32CubeCLT/STM32CubeCLT_1.19.0/GNU-tools-for-STM32/bin/../lib/gcc/arm-none-eabi/13.3.1/../../../../arm-none-eabi/lib/thumb/v7e-m+fp/hard\libc_nano.a
END GROUP
LOAD D:/STM32CubeCLT/STM32CubeCLT/STM32CubeCLT_1.19.0/GNU-tools-for-STM32/bin/../lib/gcc/arm-none-eabi/13.3.1/thumb/v7e-m+fp/hard/crtend.o
LOAD D:/STM32CubeCLT/STM32CubeCLT/STM32CubeCLT_1.19.0/GNU-tools-for-STM32/bin/../lib/gcc/arm-none-eabi/13.3.1/thumb/v7e-m+fp/hard/crtn.o
                0x20020000                        _estack = (ORIGIN (RAM) + LENGTH (RAM))
                0x00000200                        _Min_Heap_Size = 0x200
                0x00001000                        _Min_Stack_Size = 0x1000

.isr_vector     0x08000000      0x198
                0x08000000                        . = ALIGN (0x4)
 *(.isr_vector)
 .isr_vector    0x08000000      0x198 CMakeFiles/OV_watch_01.dir/startup_stm32f411xe.s.obj
                0x08000000                g_pfnVectors
                0x08000198                        . = ALIGN (0x4)

.text           0x080001a0    0x3e2ac
                0x080001a0                        . = ALIGN (0x4)
 *(.text)
 .text          0x080001a0       0x40 D:/STM32CubeCLT/STM32CubeCLT/STM32CubeCLT_1.19.0/GNU-tools-for-STM32/bin/../lib/gcc/arm-none-eabi/13.3.1/thumb/v7e-m+fp/hard/crtbegin.o
 .text          0x080001e0      0x378 D:/STM32CubeCLT/STM32CubeCLT/STM32CubeCLT_1.19.0/GNU-tools-for-STM32/bin/../lib/gcc/arm-none-eabi/13.3.1/thumb/v7e-m+fp/hard\libgcc.a(_arm_addsubdf3.o)
                0x080001e0                __aeabi_drsub
                0x080001e8                __aeabi_dsub
                0x080001e8                __subdf3
                0x080001ec                __aeabi_dadd
                0x080001ec                __adddf3
                0x08000464                __floatunsidf
                0x08000464                __aeabi_ui2d
                0x08000484                __floatsidf
                0x08000484                __aeabi_i2d
                0x080004a8                __aeabi_f2d
                0x080004a8                __extendsfdf2
                0x080004ec                __floatundidf
                0x080004ec                __aeabi_ul2d
                0x080004fc                __floatdidf
                0x080004fc                __aeabi_l2d
 .text          0x08000558      0x424 D:/STM32CubeCLT/STM32CubeCLT/STM32CubeCLT_1.19.0/GNU-tools-for-STM32/bin/../lib/gcc/arm-none-eabi/13.3.1/thumb/v7e-m+fp/hard\libgcc.a(_arm_muldivdf3.o)
                0x08000558                __aeabi_dmul
                0x08000558                __muldf3
                0x080007ac                __divdf3
                0x080007ac                __aeabi_ddiv
 .text          0x0800097c       0xa0 D:/STM32CubeCLT/STM32CubeCLT/STM32CubeCLT_1.19.0/GNU-tools-for-STM32/bin/../lib/gcc/arm-none-eabi/13.3.1/thumb/v7e-m+fp/hard\libgcc.a(_arm_truncdfsf2.o)
                0x0800097c                __truncdfsf2
                0x0800097c                __aeabi_d2f
 .text          0x08000a1c       0x30 D:/STM32CubeCLT/STM32CubeCLT/STM32CubeCLT_1.19.0/GNU-tools-for-STM32/bin/../lib/gcc/arm-none-eabi/13.3.1/thumb/v7e-m+fp/hard\libgcc.a(_aeabi_uldivmod.o)
                0x08000a1c                __aeabi_uldivmod
 .text          0x08000a4c      0x2f8 D:/STM32CubeCLT/STM32CubeCLT/STM32CubeCLT_1.19.0/GNU-tools-for-STM32/bin/../lib/gcc/arm-none-eabi/13.3.1/thumb/v7e-m+fp/hard\libgcc.a(_udivmoddi4.o)
                0x08000a4c                __udivmoddi4
 .text          0x08000d44        0x4 D:/STM32CubeCLT/STM32CubeCLT/STM32CubeCLT_1.19.0/GNU-tools-for-STM32/bin/../lib/gcc/arm-none-eabi/13.3.1/thumb/v7e-m+fp/hard\libgcc.a(_dvmd_tls.o)
                0x08000d44                __aeabi_idiv0
                0x08000d44                __aeabi_ldiv0
 .text          0x08000d48       0x14 D:/STM32CubeCLT/STM32CubeCLT/STM32CubeCLT_1.19.0/GNU-tools-for-STM32/bin/../lib/gcc/arm-none-eabi/13.3.1/../../../../arm-none-eabi/lib/thumb/v7e-m+fp/hard\libc_nano.a(libc_a-strcmp.o)
                0x08000d48                strcmp
 .text          0x08000d5c       0x10 D:/STM32CubeCLT/STM32CubeCLT/STM32CubeCLT_1.19.0/GNU-tools-for-STM32/bin/../lib/gcc/arm-none-eabi/13.3.1/../../../../arm-none-eabi/lib/thumb/v7e-m+fp/hard\libc_nano.a(libc_a-strlen.o)
                0x08000d5c                strlen
 *fill*         0x08000d6c        0x4 
 .text          0x08000d70       0xa0 D:/STM32CubeCLT/STM32CubeCLT/STM32CubeCLT_1.19.0/GNU-tools-for-STM32/bin/../lib/gcc/arm-none-eabi/13.3.1/../../../../arm-none-eabi/lib/thumb/v7e-m+fp/hard\libc_nano.a(libc_a-memchr.o)
                0x08000d70                memchr
 *(.text*)
 .text.std      0x08000e10       0x6c D:/STM32CubeCLT/STM32CubeCLT/STM32CubeCLT_1.19.0/GNU-tools-for-STM32/bin/../lib/gcc/arm-none-eabi/13.3.1/../../../../arm-none-eabi/lib/thumb/v7e-m+fp/hard\libc_nano.a(libc_a-findfp.o)
 .text.stdio_exit_handler
                0x08000e7c       0x18 D:/STM32CubeCLT/STM32CubeCLT/STM32CubeCLT_1.19.0/GNU-tools-for-STM32/bin/../lib/gcc/arm-none-eabi/13.3.1/../../../../arm-none-eabi/lib/thumb/v7e-m+fp/hard\libc_nano.a(libc_a-findfp.o)
 .text.cleanup_stdio
                0x08000e94       0x40 D:/STM32CubeCLT/STM32CubeCLT/STM32CubeCLT_1.19.0/GNU-tools-for-STM32/bin/../lib/gcc/arm-none-eabi/13.3.1/../../../../arm-none-eabi/lib/thumb/v7e-m+fp/hard\libc_nano.a(libc_a-findfp.o)
 .text.global_stdio_init.part.0
                0x08000ed4       0x3c D:/STM32CubeCLT/STM32CubeCLT/STM32CubeCLT_1.19.0/GNU-tools-for-STM32/bin/../lib/gcc/arm-none-eabi/13.3.1/../../../../arm-none-eabi/lib/thumb/v7e-m+fp/hard\libc_nano.a(libc_a-findfp.o)
 .text.__sfp_lock_acquire
                0x08000f10        0xc D:/STM32CubeCLT/STM32CubeCLT/STM32CubeCLT_1.19.0/GNU-tools-for-STM32/bin/../lib/gcc/arm-none-eabi/13.3.1/../../../../arm-none-eabi/lib/thumb/v7e-m+fp/hard\libc_nano.a(libc_a-findfp.o)
                0x08000f10                __sfp_lock_acquire
 .text.__sfp_lock_release
                0x08000f1c        0xc D:/STM32CubeCLT/STM32CubeCLT/STM32CubeCLT_1.19.0/GNU-tools-for-STM32/bin/../lib/gcc/arm-none-eabi/13.3.1/../../../../arm-none-eabi/lib/thumb/v7e-m+fp/hard\libc_nano.a(libc_a-findfp.o)
                0x08000f1c                __sfp_lock_release
 .text.__sinit  0x08000f28       0x30 D:/STM32CubeCLT/STM32CubeCLT/STM32CubeCLT_1.19.0/GNU-tools-for-STM32/bin/../lib/gcc/arm-none-eabi/13.3.1/../../../../arm-none-eabi/lib/thumb/v7e-m+fp/hard\libc_nano.a(libc_a-findfp.o)
                0x08000f28                __sinit
 .text._fwalk_sglue
                0x08000f58       0x3c D:/STM32CubeCLT/STM32CubeCLT/STM32CubeCLT_1.19.0/GNU-tools-for-STM32/bin/../lib/gcc/arm-none-eabi/13.3.1/../../../../arm-none-eabi/lib/thumb/v7e-m+fp/hard\libc_nano.a(libc_a-fwalk.o)
                0x08000f58                _fwalk_sglue
 .text.__sread  0x08000f94       0x22 D:/STM32CubeCLT/STM32CubeCLT/STM32CubeCLT_1.19.0/GNU-tools-for-STM32/bin/../lib/gcc/arm-none-eabi/13.3.1/../../../../arm-none-eabi/lib/thumb/v7e-m+fp/hard\libc_nano.a(libc_a-stdio.o)
                0x08000f94                __sread
 .text.__seofread
                0x08000fb6        0x4 D:/STM32CubeCLT/STM32CubeCLT/STM32CubeCLT_1.19.0/GNU-tools-for-STM32/bin/../lib/gcc/arm-none-eabi/13.3.1/../../../../arm-none-eabi/lib/thumb/v7e-m+fp/hard\libc_nano.a(libc_a-stdio.o)
                0x08000fb6                __seofread
 .text.__swrite
                0x08000fba       0x38 D:/STM32CubeCLT/STM32CubeCLT/STM32CubeCLT_1.19.0/GNU-tools-for-STM32/bin/../lib/gcc/arm-none-eabi/13.3.1/../../../../arm-none-eabi/lib/thumb/v7e-m+fp/hard\libc_nano.a(libc_a-stdio.o)
                0x08000fba                __swrite
 .text.__sseek  0x08000ff2       0x24 D:/STM32CubeCLT/STM32CubeCLT/STM32CubeCLT_1.19.0/GNU-tools-for-STM32/bin/../lib/gcc/arm-none-eabi/13.3.1/../../../../arm-none-eabi/lib/thumb/v7e-m+fp/hard\libc_nano.a(libc_a-stdio.o)
                0x08000ff2                __sseek
 .text.__sclose
                0x08001016        0x8 D:/STM32CubeCLT/STM32CubeCLT/STM32CubeCLT_1.19.0/GNU-tools-for-STM32/bin/../lib/gcc/arm-none-eabi/13.3.1/../../../../arm-none-eabi/lib/thumb/v7e-m+fp/hard\libc_nano.a(libc_a-stdio.o)
                0x08001016                __sclose
 .text.memset   0x0800101e       0x10 D:/STM32CubeCLT/STM32CubeCLT/STM32CubeCLT_1.19.0/GNU-tools-for-STM32/bin/../lib/gcc/arm-none-eabi/13.3.1/../../../../arm-none-eabi/lib/thumb/v7e-m+fp/hard\libc_nano.a(libc_a-memset.o)
                0x0800101e                memset
 *fill*         0x0800102e        0x2 
 .text._close_r
                0x08001030       0x20 D:/STM32CubeCLT/STM32CubeCLT/STM32CubeCLT_1.19.0/GNU-tools-for-STM32/bin/../lib/gcc/arm-none-eabi/13.3.1/../../../../arm-none-eabi/lib/thumb/v7e-m+fp/hard\libc_nano.a(libc_a-closer.o)
                0x08001030                _close_r
 .text._lseek_r
                0x08001050       0x24 D:/STM32CubeCLT/STM32CubeCLT/STM32CubeCLT_1.19.0/GNU-tools-for-STM32/bin/../lib/gcc/arm-none-eabi/13.3.1/../../../../arm-none-eabi/lib/thumb/v7e-m+fp/hard\libc_nano.a(libc_a-lseekr.o)
                0x08001050                _lseek_r
 .text._read_r  0x08001074       0x24 D:/STM32CubeCLT/STM32CubeCLT/STM32CubeCLT_1.19.0/GNU-tools-for-STM32/bin/../lib/gcc/arm-none-eabi/13.3.1/../../../../arm-none-eabi/lib/thumb/v7e-m+fp/hard\libc_nano.a(libc_a-readr.o)
                0x08001074                _read_r
 .text._write_r
                0x08001098       0x24 D:/STM32CubeCLT/STM32CubeCLT/STM32CubeCLT_1.19.0/GNU-tools-for-STM32/bin/../lib/gcc/arm-none-eabi/13.3.1/../../../../arm-none-eabi/lib/thumb/v7e-m+fp/hard\libc_nano.a(libc_a-writer.o)
                0x08001098                _write_r
 .text.__libc_init_array
                0x080010bc       0x48 D:/STM32CubeCLT/STM32CubeCLT/STM32CubeCLT_1.19.0/GNU-tools-for-STM32/bin/../lib/gcc/arm-none-eabi/13.3.1/../../../../arm-none-eabi/lib/thumb/v7e-m+fp/hard\libc_nano.a(libc_a-init.o)
                0x080010bc                __libc_init_array
 .text.__retarget_lock_init_recursive
                0x08001104        0x2 D:/STM32CubeCLT/STM32CubeCLT/STM32CubeCLT_1.19.0/GNU-tools-for-STM32/bin/../lib/gcc/arm-none-eabi/13.3.1/../../../../arm-none-eabi/lib/thumb/v7e-m+fp/hard\libc_nano.a(libc_a-lock.o)
                0x08001104                __retarget_lock_init_recursive
 .text.__retarget_lock_acquire_recursive
                0x08001106        0x2 D:/STM32CubeCLT/STM32CubeCLT/STM32CubeCLT_1.19.0/GNU-tools-for-STM32/bin/../lib/gcc/arm-none-eabi/13.3.1/../../../../arm-none-eabi/lib/thumb/v7e-m+fp/hard\libc_nano.a(libc_a-lock.o)
                0x08001106                __retarget_lock_acquire_recursive
 .text.__retarget_lock_release_recursive
                0x08001108        0x2 D:/STM32CubeCLT/STM32CubeCLT/STM32CubeCLT_1.19.0/GNU-tools-for-STM32/bin/../lib/gcc/arm-none-eabi/13.3.1/../../../../arm-none-eabi/lib/thumb/v7e-m+fp/hard\libc_nano.a(libc_a-lock.o)
                0x08001108                __retarget_lock_release_recursive
 *fill*         0x0800110a        0x2 
 .text._free_r  0x0800110c       0x94 D:/STM32CubeCLT/STM32CubeCLT/STM32CubeCLT_1.19.0/GNU-tools-for-STM32/bin/../lib/gcc/arm-none-eabi/13.3.1/../../../../arm-none-eabi/lib/thumb/v7e-m+fp/hard\libc_nano.a(libc_a-freer.o)
                0x0800110c                _free_r
 .text.sbrk_aligned
                0x080011a0       0x44 D:/STM32CubeCLT/STM32CubeCLT/STM32CubeCLT_1.19.0/GNU-tools-for-STM32/bin/../lib/gcc/arm-none-eabi/13.3.1/../../../../arm-none-eabi/lib/thumb/v7e-m+fp/hard\libc_nano.a(libc_a-mallocr.o)
 .text._malloc_r
                0x080011e4      0x100 D:/STM32CubeCLT/STM32CubeCLT/STM32CubeCLT_1.19.0/GNU-tools-for-STM32/bin/../lib/gcc/arm-none-eabi/13.3.1/../../../../arm-none-eabi/lib/thumb/v7e-m+fp/hard\libc_nano.a(libc_a-mallocr.o)
                0x080011e4                _malloc_r
 .text.__malloc_lock
                0x080012e4        0xc D:/STM32CubeCLT/STM32CubeCLT/STM32CubeCLT_1.19.0/GNU-tools-for-STM32/bin/../lib/gcc/arm-none-eabi/13.3.1/../../../../arm-none-eabi/lib/thumb/v7e-m+fp/hard\libc_nano.a(libc_a-mlock.o)
                0x080012e4                __malloc_lock
 .text.__malloc_unlock
                0x080012f0        0xc D:/STM32CubeCLT/STM32CubeCLT/STM32CubeCLT_1.19.0/GNU-tools-for-STM32/bin/../lib/gcc/arm-none-eabi/13.3.1/../../../../arm-none-eabi/lib/thumb/v7e-m+fp/hard\libc_nano.a(libc_a-mlock.o)
                0x080012f0                __malloc_unlock
 .text.__sflush_r
                0x080012fc      0x108 D:/STM32CubeCLT/STM32CubeCLT/STM32CubeCLT_1.19.0/GNU-tools-for-STM32/bin/../lib/gcc/arm-none-eabi/13.3.1/../../../../arm-none-eabi/lib/thumb/v7e-m+fp/hard\libc_nano.a(libc_a-fflush.o)
                0x080012fc                __sflush_r
 .text._fflush_r
                0x08001404       0x50 D:/STM32CubeCLT/STM32CubeCLT/STM32CubeCLT_1.19.0/GNU-tools-for-STM32/bin/../lib/gcc/arm-none-eabi/13.3.1/../../../../arm-none-eabi/lib/thumb/v7e-m+fp/hard\libc_nano.a(libc_a-fflush.o)
                0x08001404                _fflush_r
 .text._sbrk_r  0x08001454       0x20 D:/STM32CubeCLT/STM32CubeCLT/STM32CubeCLT_1.19.0/GNU-tools-for-STM32/bin/../lib/gcc/arm-none-eabi/13.3.1/../../../../arm-none-eabi/lib/thumb/v7e-m+fp/hard\libc_nano.a(libc_a-sbrkr.o)
                0x08001454                _sbrk_r
 .text.delay_init
                0x08001474       0x2c CMakeFiles/OV_watch_01.dir/SYSTEM/delay.c.obj
                0x08001474                delay_init
 .text.delay_us
                0x080014a0       0x2e CMakeFiles/OV_watch_01.dir/SYSTEM/delay.c.obj
                0x080014a0                delay_us
 .text.delay_ms
                0x080014ce       0x18 CMakeFiles/OV_watch_01.dir/SYSTEM/delay.c.obj
                0x080014ce                delay_ms
 .text.LCD_Fill
                0x080014e6       0x40 CMakeFiles/OV_watch_01.dir/BSP/LCD/lcd.c.obj
                0x080014e6                LCD_Fill
 *fill*         0x08001526        0x2 
 .text.LCD_Color_Fill
                0x08001528       0x5c CMakeFiles/OV_watch_01.dir/BSP/LCD/lcd.c.obj
                0x08001528                LCD_Color_Fill
 .text.HAL_SPI_TxCpltCallback
                0x08001584       0x2c CMakeFiles/OV_watch_01.dir/BSP/LCD/lcd.c.obj
                0x08001584                HAL_SPI_TxCpltCallback
 .text.LCD_DrawPoint
                0x080015b0       0x16 CMakeFiles/OV_watch_01.dir/BSP/LCD/lcd.c.obj
                0x080015b0                LCD_DrawPoint
 *fill*         0x080015c6        0x2 
 .text.LCD_ShowChar
                0x080015c8      0x11c CMakeFiles/OV_watch_01.dir/BSP/LCD/lcd.c.obj
                0x080015c8                LCD_ShowChar
 .text.LCD_ShowString
                0x080016e4       0x42 CMakeFiles/OV_watch_01.dir/BSP/LCD/lcd.c.obj
                0x080016e4                LCD_ShowString
 *fill*         0x08001726        0x2 
 .text.LCD_GPIO_Init
                0x08001728       0x50 CMakeFiles/OV_watch_01.dir/BSP/LCD/lcd_init.c.obj
                0x08001728                LCD_GPIO_Init
 .text.LCD_Writ_Bus
                0x08001778       0x20 CMakeFiles/OV_watch_01.dir/BSP/LCD/lcd_init.c.obj
                0x08001778                LCD_Writ_Bus
 .text.LCD_WR_DATA
                0x08001798       0x20 CMakeFiles/OV_watch_01.dir/BSP/LCD/lcd_init.c.obj
                0x08001798                LCD_WR_DATA
 .text.LCD_WR_REG
                0x080017b8       0x2c CMakeFiles/OV_watch_01.dir/BSP/LCD/lcd_init.c.obj
                0x080017b8                LCD_WR_REG
 .text.LCD_Address_Set
                0x080017e4       0x38 CMakeFiles/OV_watch_01.dir/BSP/LCD/lcd_init.c.obj
                0x080017e4                LCD_Address_Set
 .text.LCD_Set_Light
                0x0800181c       0x18 CMakeFiles/OV_watch_01.dir/BSP/LCD/lcd_init.c.obj
                0x0800181c                LCD_Set_Light
 .text.LCD_Close_Light
                0x08001834       0x10 CMakeFiles/OV_watch_01.dir/BSP/LCD/lcd_init.c.obj
                0x08001834                LCD_Close_Light
 .text.LCD_Init
                0x08001844      0x1ac CMakeFiles/OV_watch_01.dir/BSP/LCD/lcd_init.c.obj
                0x08001844                LCD_Init
 .text.Key_Port_Init
                0x080019f0       0x78 CMakeFiles/OV_watch_01.dir/BSP/KEY/key.c.obj
                0x080019f0                Key_Port_Init
 .text.Key1_Scan
                0x08001a68       0x40 CMakeFiles/OV_watch_01.dir/BSP/KEY/key.c.obj
                0x08001a68                Key1_Scan
 .text.KT6328_GPIO_Init
                0x08001aa8       0x58 CMakeFiles/OV_watch_01.dir/BSP/KT6328/KT6328.c.obj
                0x08001aa8                KT6328_GPIO_Init
 .text.KT6328_Enable
                0x08001b00       0x10 CMakeFiles/OV_watch_01.dir/BSP/KT6328/KT6328.c.obj
                0x08001b00                KT6328_Enable
 .text.WDOG_Port_Init
                0x08001b10       0x50 CMakeFiles/OV_watch_01.dir/BSP/OWDG/WDOG.c.obj
                0x08001b10                WDOG_Port_Init
 .text.WDOG_Enable
                0x08001b60       0x10 CMakeFiles/OV_watch_01.dir/BSP/OWDG/WDOG.c.obj
                0x08001b60                WDOG_Enable
 .text.WDOG_Disnable
                0x08001b70       0x10 CMakeFiles/OV_watch_01.dir/BSP/OWDG/WDOG.c.obj
                0x08001b70                WDOG_Disnable
 .text.WDOG_Feed
                0x08001b80        0xc CMakeFiles/OV_watch_01.dir/BSP/OWDG/WDOG.c.obj
                0x08001b80                WDOG_Feed
 .text.AHT_Read_Status
                0x08001b8c       0x34 CMakeFiles/OV_watch_01.dir/BSP/AHT21/AHT21.c.obj
                0x08001b8c                AHT_Read_Status
 .text.AHT_Init
                0x08001bc0       0x88 CMakeFiles/OV_watch_01.dir/BSP/AHT21/AHT21.c.obj
                0x08001bc0                AHT_Init
 .text.AHT_Read
                0x08001c48      0x140 CMakeFiles/OV_watch_01.dir/BSP/AHT21/AHT21.c.obj
                0x08001c48                AHT_Read
 .text.SCL_Output.part.0
                0x08001d88        0xc CMakeFiles/OV_watch_01.dir/BSP/IIC/iic_hal.c.obj
 .text.SDA_Input_Mode
                0x08001d94       0x28 CMakeFiles/OV_watch_01.dir/BSP/IIC/iic_hal.c.obj
                0x08001d94                SDA_Input_Mode
 .text.SDA_Output_Mode
                0x08001dbc       0x22 CMakeFiles/OV_watch_01.dir/BSP/IIC/iic_hal.c.obj
                0x08001dbc                SDA_Output_Mode
 .text.SDA_Output
                0x08001dde       0x12 CMakeFiles/OV_watch_01.dir/BSP/IIC/iic_hal.c.obj
                0x08001dde                SDA_Output
 .text.SDA_Input
                0x08001df0       0x12 CMakeFiles/OV_watch_01.dir/BSP/IIC/iic_hal.c.obj
                0x08001df0                SDA_Input
 .text.IICStart
                0x08001e02       0x40 CMakeFiles/OV_watch_01.dir/BSP/IIC/iic_hal.c.obj
                0x08001e02                IICStart
 .text.IICStop  0x08001e42       0x40 CMakeFiles/OV_watch_01.dir/BSP/IIC/iic_hal.c.obj
                0x08001e42                IICStop
 .text.IICWaitAck
                0x08001e82       0x50 CMakeFiles/OV_watch_01.dir/BSP/IIC/iic_hal.c.obj
                0x08001e82                IICWaitAck
 .text.IICSendAck
                0x08001ed2       0x30 CMakeFiles/OV_watch_01.dir/BSP/IIC/iic_hal.c.obj
                0x08001ed2                IICSendAck
 .text.IICSendNotAck
                0x08001f02       0x32 CMakeFiles/OV_watch_01.dir/BSP/IIC/iic_hal.c.obj
                0x08001f02                IICSendNotAck
 .text.IICSendByte
                0x08001f34       0x56 CMakeFiles/OV_watch_01.dir/BSP/IIC/iic_hal.c.obj
                0x08001f34                IICSendByte
 .text.IICReceiveByte
                0x08001f8a       0x4e CMakeFiles/OV_watch_01.dir/BSP/IIC/iic_hal.c.obj
                0x08001f8a                IICReceiveByte
 .text.IIC_Write_One_Byte
                0x08001fd8       0x5a CMakeFiles/OV_watch_01.dir/BSP/IIC/iic_hal.c.obj
                0x08001fd8                IIC_Write_One_Byte
 .text.IIC_Read_One_Byte
                0x08002032       0x5a CMakeFiles/OV_watch_01.dir/BSP/IIC/iic_hal.c.obj
                0x08002032                IIC_Read_One_Byte
 .text.IIC_Read_Multi_Byte
                0x0800208c       0x86 CMakeFiles/OV_watch_01.dir/BSP/IIC/iic_hal.c.obj
                0x0800208c                IIC_Read_Multi_Byte
 .text.IICInit  0x08002112       0x30 CMakeFiles/OV_watch_01.dir/BSP/IIC/iic_hal.c.obj
                0x08002112                IICInit
 *fill*         0x08002142        0x2 
 .text.EM7028_ReadOneReg
                0x08002144       0x10 CMakeFiles/OV_watch_01.dir/BSP/EM7028/em70x8.c.obj
                0x08002144                EM7028_ReadOneReg
 .text.EM7028_WriteOneReg
                0x08002154       0x10 CMakeFiles/OV_watch_01.dir/BSP/EM7028/em70x8.c.obj
                0x08002154                EM7028_WriteOneReg
 .text.EM7028_Get_ID
                0x08002164        0x6 CMakeFiles/OV_watch_01.dir/BSP/EM7028/em70x8.c.obj
                0x08002164                EM7028_Get_ID
 *fill*         0x0800216a        0x2 
 .text.EM7028_hrs_init
                0x0800216c       0x78 CMakeFiles/OV_watch_01.dir/BSP/EM7028/em70x8.c.obj
                0x0800216c                EM7028_hrs_init
 .text.EM7028_hrs_Enable
                0x080021e4       0x2e CMakeFiles/OV_watch_01.dir/BSP/EM7028/em70x8.c.obj
                0x080021e4                EM7028_hrs_Enable
 .text.EM7028_hrs_DisEnable
                0x08002212       0x2e CMakeFiles/OV_watch_01.dir/BSP/EM7028/em70x8.c.obj
                0x08002212                EM7028_hrs_DisEnable
 .text.EM7028_Get_HRS1
                0x08002240       0x18 CMakeFiles/OV_watch_01.dir/BSP/EM7028/em70x8.c.obj
                0x08002240                EM7028_Get_HRS1
 .text.Simple_HeartRate
                0x08002258       0xe0 CMakeFiles/OV_watch_01.dir/BSP/EM7028/HrAlgorythm.c.obj
                0x08002258                Simple_HeartRate
 .text.SPL_ReadOneReg
                0x08002338       0x10 CMakeFiles/OV_watch_01.dir/BSP/SPL06_001/SPL06_001.c.obj
                0x08002338                SPL_ReadOneReg
 .text.SPL_WriteOneReg
                0x08002348       0x10 CMakeFiles/OV_watch_01.dir/BSP/SPL06_001/SPL06_001.c.obj
                0x08002348                SPL_WriteOneReg
 .text.Get_Traw
                0x08002358       0x2a CMakeFiles/OV_watch_01.dir/BSP/SPL06_001/SPL06_001.c.obj
                0x08002358                Get_Traw
 .text.Get_Praw
                0x08002382       0x2a CMakeFiles/OV_watch_01.dir/BSP/SPL06_001/SPL06_001.c.obj
                0x08002382                Get_Praw
 .text.get_c0   0x080023ac       0x2c CMakeFiles/OV_watch_01.dir/BSP/SPL06_001/SPL06_001.c.obj
                0x080023ac                get_c0
 .text.get_c1   0x080023d8       0x28 CMakeFiles/OV_watch_01.dir/BSP/SPL06_001/SPL06_001.c.obj
                0x080023d8                get_c1
 .text.get_c00  0x08002400       0x32 CMakeFiles/OV_watch_01.dir/BSP/SPL06_001/SPL06_001.c.obj
                0x08002400                get_c00
 .text.get_c10  0x08002432       0x32 CMakeFiles/OV_watch_01.dir/BSP/SPL06_001/SPL06_001.c.obj
                0x08002432                get_c10
 .text.get_c01  0x08002464       0x18 CMakeFiles/OV_watch_01.dir/BSP/SPL06_001/SPL06_001.c.obj
                0x08002464                get_c01
 .text.get_c11  0x0800247c       0x18 CMakeFiles/OV_watch_01.dir/BSP/SPL06_001/SPL06_001.c.obj
                0x0800247c                get_c11
 .text.get_c20  0x08002494       0x18 CMakeFiles/OV_watch_01.dir/BSP/SPL06_001/SPL06_001.c.obj
                0x08002494                get_c20
 .text.get_c21  0x080024ac       0x18 CMakeFiles/OV_watch_01.dir/BSP/SPL06_001/SPL06_001.c.obj
                0x080024ac                get_c21
 .text.get_c30  0x080024c4       0x18 CMakeFiles/OV_watch_01.dir/BSP/SPL06_001/SPL06_001.c.obj
                0x080024c4                get_c30
 .text.SPL_init
                0x080024dc       0xd4 CMakeFiles/OV_watch_01.dir/BSP/SPL06_001/SPL06_001.c.obj
                0x080024dc                SPL_init
 .text.Pressure_Calculate
                0x080025b0       0xc4 CMakeFiles/OV_watch_01.dir/BSP/SPL06_001/SPL06_001.c.obj
                0x080025b0                Pressure_Calculate
 .text.Altitude_Calculate
                0x08002674       0x34 CMakeFiles/OV_watch_01.dir/BSP/SPL06_001/SPL06_001.c.obj
                0x08002674                Altitude_Calculate
 .text.LSM303_ReadOneReg
                0x080026a8       0x18 CMakeFiles/OV_watch_01.dir/BSP/LSM303DLH/LSM303.c.obj
                0x080026a8                LSM303_ReadOneReg
 .text.LSM303_ReadMultiReg
                0x080026c0       0x3c CMakeFiles/OV_watch_01.dir/BSP/LSM303DLH/LSM303.c.obj
                0x080026c0                LSM303_ReadMultiReg
 .text.LSM303_WriteOneReg
                0x080026fc       0x18 CMakeFiles/OV_watch_01.dir/BSP/LSM303DLH/LSM303.c.obj
                0x080026fc                LSM303_WriteOneReg
 .text.LSM303DLH_Init
                0x08002714       0xb8 CMakeFiles/OV_watch_01.dir/BSP/LSM303DLH/LSM303.c.obj
                0x08002714                LSM303DLH_Init
 .text.LSM303DLH_Sleep
                0x080027cc       0x16 CMakeFiles/OV_watch_01.dir/BSP/LSM303DLH/LSM303.c.obj
                0x080027cc                LSM303DLH_Sleep
 .text.LSM303_ReadAcceleration
                0x080027e2       0x28 CMakeFiles/OV_watch_01.dir/BSP/LSM303DLH/LSM303.c.obj
                0x080027e2                LSM303_ReadAcceleration
 .text.LSM303_ReadMagnetic
                0x0800280a       0x2e CMakeFiles/OV_watch_01.dir/BSP/LSM303DLH/LSM303.c.obj
                0x0800280a                LSM303_ReadMagnetic
 .text.Azimuth_Calculate
                0x08002838       0xfc CMakeFiles/OV_watch_01.dir/BSP/LSM303DLH/LSM303.c.obj
                0x08002838                Azimuth_Calculate
 .text.disp_flush
                0x08002934       0x3c CMakeFiles/OV_watch_01.dir/LVGL_porting/lv_port_disp.c.obj
 .text.lv_port_disp_init
                0x08002970       0x48 CMakeFiles/OV_watch_01.dir/LVGL_porting/lv_port_disp.c.obj
                0x08002970                lv_port_disp_init
 .text.touchpad_read
                0x080029b8       0x5c CMakeFiles/OV_watch_01.dir/LVGL_porting/lv_port_indev.c.obj
 .text.lv_port_indev_init
                0x08002a14       0x2c CMakeFiles/OV_watch_01.dir/LVGL_porting/lv_port_indev.c.obj
                0x08002a14                lv_port_indev_init
 .text.lv_disp_drv_init
                0x08002a40       0x48 CMakeFiles/OV_watch_01.dir/LVGL_src/lv_hal_disp.c.obj
                0x08002a40                lv_disp_drv_init
 .text.lv_disp_draw_buf_init
                0x08002a88       0x1a CMakeFiles/OV_watch_01.dir/LVGL_src/lv_hal_disp.c.obj
                0x08002a88                lv_disp_draw_buf_init
 *fill*         0x08002aa2        0x2 
 .text.lv_disp_drv_register
                0x08002aa4      0x134 CMakeFiles/OV_watch_01.dir/LVGL_src/lv_hal_disp.c.obj
                0x08002aa4                lv_disp_drv_register
 .text.lv_disp_get_default
                0x08002bd8        0xc CMakeFiles/OV_watch_01.dir/LVGL_src/lv_hal_disp.c.obj
                0x08002bd8                lv_disp_get_default
 .text.lv_disp_get_hor_res
                0x08002be4       0x20 CMakeFiles/OV_watch_01.dir/LVGL_src/lv_hal_disp.c.obj
                0x08002be4                lv_disp_get_hor_res
 .text.lv_disp_get_ver_res
                0x08002c04       0x20 CMakeFiles/OV_watch_01.dir/LVGL_src/lv_hal_disp.c.obj
                0x08002c04                lv_disp_get_ver_res
 .text.lv_disp_get_dpi
                0x08002c24       0x1c CMakeFiles/OV_watch_01.dir/LVGL_src/lv_hal_disp.c.obj
                0x08002c24                lv_disp_get_dpi
 .text.lv_disp_flush_ready
                0x08002c40        0xa CMakeFiles/OV_watch_01.dir/LVGL_src/lv_hal_disp.c.obj
                0x08002c40                lv_disp_flush_ready
 *fill*         0x08002c4a        0x2 
 .text.lv_disp_get_next
                0x08002c4c       0x14 CMakeFiles/OV_watch_01.dir/LVGL_src/lv_hal_disp.c.obj
                0x08002c4c                lv_disp_get_next
 .text.lv_disp_get_draw_buf
                0x08002c60        0x6 CMakeFiles/OV_watch_01.dir/LVGL_src/lv_hal_disp.c.obj
                0x08002c60                lv_disp_get_draw_buf
 *fill*         0x08002c66        0x2 
 .text.lv_indev_drv_init
                0x08002c68       0x20 CMakeFiles/OV_watch_01.dir/LVGL_src/lv_hal_indev.c.obj
                0x08002c68                lv_indev_drv_init
 .text.lv_indev_drv_register
                0x08002c88       0x4c CMakeFiles/OV_watch_01.dir/LVGL_src/lv_hal_indev.c.obj
                0x08002c88                lv_indev_drv_register
 .text.lv_indev_get_next
                0x08002cd4       0x14 CMakeFiles/OV_watch_01.dir/LVGL_src/lv_hal_indev.c.obj
                0x08002cd4                lv_indev_get_next
 .text._lv_indev_read
                0x08002ce8       0x3e CMakeFiles/OV_watch_01.dir/LVGL_src/lv_hal_indev.c.obj
                0x08002ce8                _lv_indev_read
 .text.lv_anim_path_linear
                0x08002d26       0x26 CMakeFiles/OV_watch_01.dir/LVGL_src/lv_anim.c.obj
                0x08002d26                lv_anim_path_linear
 .text.anim_mark_list_change
                0x08002d4c       0x34 CMakeFiles/OV_watch_01.dir/LVGL_src/lv_anim.c.obj
 .text.anim_timer
                0x08002d80      0x174 CMakeFiles/OV_watch_01.dir/LVGL_src/lv_anim.c.obj
 .text._lv_anim_core_init
                0x08002ef4       0x34 CMakeFiles/OV_watch_01.dir/LVGL_src/lv_anim.c.obj
                0x08002ef4                _lv_anim_core_init
 .text.lv_anim_init
                0x08002f28       0x34 CMakeFiles/OV_watch_01.dir/LVGL_src/lv_anim.c.obj
                0x08002f28                lv_anim_init
 .text.lv_anim_del
                0x08002f5c       0x60 CMakeFiles/OV_watch_01.dir/LVGL_src/lv_anim.c.obj
                0x08002f5c                lv_anim_del
 .text.lv_anim_start
                0x08002fbc       0x84 CMakeFiles/OV_watch_01.dir/LVGL_src/lv_anim.c.obj
                0x08002fbc                lv_anim_start
 .text.lv_anim_get
                0x08003040       0x30 CMakeFiles/OV_watch_01.dir/LVGL_src/lv_anim.c.obj
                0x08003040                lv_anim_get
 .text.lv_anim_speed_to_time
                0x08003070       0x1c CMakeFiles/OV_watch_01.dir/LVGL_src/lv_anim.c.obj
                0x08003070                lv_anim_speed_to_time
 .text.lv_anim_path_ease_out
                0x0800308c       0x36 CMakeFiles/OV_watch_01.dir/LVGL_src/lv_anim.c.obj
                0x0800308c                lv_anim_path_ease_out
 .text.lv_anim_path_ease_in_out
                0x080030c2       0x34 CMakeFiles/OV_watch_01.dir/LVGL_src/lv_anim.c.obj
                0x080030c2                lv_anim_path_ease_in_out
 .text.lv_anim_path_step
                0x080030f6        0xe CMakeFiles/OV_watch_01.dir/LVGL_src/lv_anim.c.obj
                0x080030f6                lv_anim_path_step
 .text.get_angle
                0x08003104       0x6c CMakeFiles/OV_watch_01.dir/LVGL_src/lv_arc.c.obj
 .text.lv_obj_get_style_arc_width
                0x08003170        0xc CMakeFiles/OV_watch_01.dir/LVGL_src/lv_arc.c.obj
 .text.lv_obj_get_style_pad_left
                0x0800317c        0xc CMakeFiles/OV_watch_01.dir/LVGL_src/lv_arc.c.obj
 .text.lv_obj_get_style_pad_right
                0x08003188        0xc CMakeFiles/OV_watch_01.dir/LVGL_src/lv_arc.c.obj
 .text.lv_obj_get_style_pad_top
                0x08003194        0xc CMakeFiles/OV_watch_01.dir/LVGL_src/lv_arc.c.obj
 .text.lv_obj_get_style_pad_bottom
                0x080031a0        0xc CMakeFiles/OV_watch_01.dir/LVGL_src/lv_arc.c.obj
 .text.get_center
                0x080031ac       0x8a CMakeFiles/OV_watch_01.dir/LVGL_src/lv_arc.c.obj
 .text.get_knob_area
                0x08003236       0xae CMakeFiles/OV_watch_01.dir/LVGL_src/lv_arc.c.obj
 .text.lv_arc_constructor
                0x080032e4       0x6c CMakeFiles/OV_watch_01.dir/LVGL_src/lv_arc.c.obj
 .text.inv_arc_area
                0x08003350       0xaa CMakeFiles/OV_watch_01.dir/LVGL_src/lv_arc.c.obj
 .text.knob_get_extra_size
                0x080033fa       0xa6 CMakeFiles/OV_watch_01.dir/LVGL_src/lv_arc.c.obj
 .text.inv_knob_area
                0x080034a0       0x3a CMakeFiles/OV_watch_01.dir/LVGL_src/lv_arc.c.obj
 *fill*         0x080034da        0x2 
 .text.lv_arc_create
                0x080034dc       0x18 CMakeFiles/OV_watch_01.dir/LVGL_src/lv_arc.c.obj
                0x080034dc                lv_arc_create
 .text.lv_arc_set_start_angle
                0x080034f4       0x80 CMakeFiles/OV_watch_01.dir/LVGL_src/lv_arc.c.obj
                0x080034f4                lv_arc_set_start_angle
 .text.lv_arc_set_end_angle
                0x08003574       0x80 CMakeFiles/OV_watch_01.dir/LVGL_src/lv_arc.c.obj
                0x08003574                lv_arc_set_end_angle
 .text.lv_arc_set_angles
                0x080035f4       0x18 CMakeFiles/OV_watch_01.dir/LVGL_src/lv_arc.c.obj
                0x080035f4                lv_arc_set_angles
 .text.value_update
                0x0800360c       0xd0 CMakeFiles/OV_watch_01.dir/LVGL_src/lv_arc.c.obj
 .text.lv_arc_set_bg_start_angle
                0x080036dc       0x76 CMakeFiles/OV_watch_01.dir/LVGL_src/lv_arc.c.obj
                0x080036dc                lv_arc_set_bg_start_angle
 .text.lv_arc_set_bg_end_angle
                0x08003752       0x76 CMakeFiles/OV_watch_01.dir/LVGL_src/lv_arc.c.obj
                0x08003752                lv_arc_set_bg_end_angle
 .text.lv_arc_set_bg_angles
                0x080037c8       0x18 CMakeFiles/OV_watch_01.dir/LVGL_src/lv_arc.c.obj
                0x080037c8                lv_arc_set_bg_angles
 .text.lv_arc_set_rotation
                0x080037e0        0x6 CMakeFiles/OV_watch_01.dir/LVGL_src/lv_arc.c.obj
                0x080037e0                lv_arc_set_rotation
 .text.lv_arc_set_value
                0x080037e6       0x32 CMakeFiles/OV_watch_01.dir/LVGL_src/lv_arc.c.obj
                0x080037e6                lv_arc_set_value
 .text.lv_arc_set_mode
                0x08003818       0x66 CMakeFiles/OV_watch_01.dir/LVGL_src/lv_arc.c.obj
                0x08003818                lv_arc_set_mode
 *fill*         0x0800387e        0x2 
 .text.lv_arc_event
                0x08003880      0x6c0 CMakeFiles/OV_watch_01.dir/LVGL_src/lv_arc.c.obj
 .text.lv_arc_set_range
                0x08003f40       0x2e CMakeFiles/OV_watch_01.dir/LVGL_src/lv_arc.c.obj
                0x08003f40                lv_arc_set_range
 .text.lv_point_within_circle.isra.0
                0x08003f6e       0x34 CMakeFiles/OV_watch_01.dir/LVGL_src/lv_area.c.obj
 .text.lv_area_set
                0x08003fa2        0xe CMakeFiles/OV_watch_01.dir/LVGL_src/lv_area.c.obj
                0x08003fa2                lv_area_set
 .text.lv_area_set_width
                0x08003fb0        0xa CMakeFiles/OV_watch_01.dir/LVGL_src/lv_area.c.obj
                0x08003fb0                lv_area_set_width
 .text.lv_area_set_height
                0x08003fba        0xa CMakeFiles/OV_watch_01.dir/LVGL_src/lv_area.c.obj
                0x08003fba                lv_area_set_height
 .text.lv_area_get_size
                0x08003fc4       0x1c CMakeFiles/OV_watch_01.dir/LVGL_src/lv_area.c.obj
                0x08003fc4                lv_area_get_size
 .text.lv_area_increase
                0x08003fe0       0x1e CMakeFiles/OV_watch_01.dir/LVGL_src/lv_area.c.obj
                0x08003fe0                lv_area_increase
 .text.lv_area_move
                0x08003ffe       0x22 CMakeFiles/OV_watch_01.dir/LVGL_src/lv_area.c.obj
                0x08003ffe                lv_area_move
 .text._lv_area_intersect
                0x08004020       0x56 CMakeFiles/OV_watch_01.dir/LVGL_src/lv_area.c.obj
                0x08004020                _lv_area_intersect
 .text._lv_area_join
                0x08004076       0x44 CMakeFiles/OV_watch_01.dir/LVGL_src/lv_area.c.obj
                0x08004076                _lv_area_join
 .text._lv_area_is_point_on
                0x080040ba      0x12a CMakeFiles/OV_watch_01.dir/LVGL_src/lv_area.c.obj
                0x080040ba                _lv_area_is_point_on
 .text._lv_area_is_on
                0x080041e4       0x3a CMakeFiles/OV_watch_01.dir/LVGL_src/lv_area.c.obj
                0x080041e4                _lv_area_is_on
 .text._lv_area_is_in
                0x0800421e       0x92 CMakeFiles/OV_watch_01.dir/LVGL_src/lv_area.c.obj
                0x0800421e                _lv_area_is_in
 .text._lv_area_diff
                0x080042b0      0x138 CMakeFiles/OV_watch_01.dir/LVGL_src/lv_area.c.obj
                0x080042b0                _lv_area_diff
 .text._lv_area_is_out
                0x080043e8       0x98 CMakeFiles/OV_watch_01.dir/LVGL_src/lv_area.c.obj
                0x080043e8                _lv_area_is_out
 .text.lv_point_transform
                0x08004480      0x12c CMakeFiles/OV_watch_01.dir/LVGL_src/lv_area.c.obj
                0x08004480                lv_point_transform
 .text.lv_async_timer_cb
                0x080045ac       0x14 CMakeFiles/OV_watch_01.dir/LVGL_src/lv_async.c.obj
 .text.lv_async_call
                0x080045c0       0x38 CMakeFiles/OV_watch_01.dir/LVGL_src/lv_async.c.obj
                0x080045c0                lv_async_call
 .text.lv_mem_init
                0x080045f8       0x1c CMakeFiles/OV_watch_01.dir/LVGL_src/lv_mem.c.obj
                0x080045f8                lv_mem_init
 .text.lv_mem_alloc
                0x08004614       0x3c CMakeFiles/OV_watch_01.dir/LVGL_src/lv_mem.c.obj
                0x08004614                lv_mem_alloc
 .text.lv_mem_free
                0x08004650       0x30 CMakeFiles/OV_watch_01.dir/LVGL_src/lv_mem.c.obj
                0x08004650                lv_mem_free
 .text.lv_mem_realloc
                0x08004680       0x34 CMakeFiles/OV_watch_01.dir/LVGL_src/lv_mem.c.obj
                0x08004680                lv_mem_realloc
 .text.lv_mem_buf_get
                0x080046b4       0x94 CMakeFiles/OV_watch_01.dir/LVGL_src/lv_mem.c.obj
                0x080046b4                lv_mem_buf_get
 .text.lv_mem_buf_release
                0x08004748       0x28 CMakeFiles/OV_watch_01.dir/LVGL_src/lv_mem.c.obj
                0x08004748                lv_mem_buf_release
 .text.lv_mem_buf_free_all
                0x08004770       0x34 CMakeFiles/OV_watch_01.dir/LVGL_src/lv_mem.c.obj
                0x08004770                lv_mem_buf_free_all
 .text.lv_memcpy
                0x080047a4      0x1ea CMakeFiles/OV_watch_01.dir/LVGL_src/lv_mem.c.obj
                0x080047a4                lv_memcpy
 .text.lv_memset
                0x0800498e       0x64 CMakeFiles/OV_watch_01.dir/LVGL_src/lv_mem.c.obj
                0x0800498e                lv_memset
 .text.lv_memset_00
                0x080049f2       0x62 CMakeFiles/OV_watch_01.dir/LVGL_src/lv_mem.c.obj
                0x080049f2                lv_memset_00
 .text.lv_memset_ff
                0x08004a54       0x66 CMakeFiles/OV_watch_01.dir/LVGL_src/lv_mem.c.obj
                0x08004a54                lv_memset_ff
 .text.lv_area_get_width
                0x08004aba        0xc CMakeFiles/OV_watch_01.dir/LVGL_src/lv_bar.c.obj
 .text.lv_area_get_height
                0x08004ac6        0xc CMakeFiles/OV_watch_01.dir/LVGL_src/lv_bar.c.obj
 .text.lv_bar_destructor
                0x08004ad2       0x1c CMakeFiles/OV_watch_01.dir/LVGL_src/lv_bar.c.obj
 .text.lv_bar_anim_ready
                0x08004aee       0x28 CMakeFiles/OV_watch_01.dir/LVGL_src/lv_bar.c.obj
 .text.lv_bar_anim
                0x08004b16        0x8 CMakeFiles/OV_watch_01.dir/LVGL_src/lv_bar.c.obj
 *fill*         0x08004b1e        0x2 
 .text.lv_bar_set_value_with_anim
                0x08004b20       0x7c CMakeFiles/OV_watch_01.dir/LVGL_src/lv_bar.c.obj
 .text.draw_indic
                0x08004b9c      0x514 CMakeFiles/OV_watch_01.dir/LVGL_src/lv_bar.c.obj
 .text.lv_bar_event
                0x080050b0       0xcc CMakeFiles/OV_watch_01.dir/LVGL_src/lv_bar.c.obj
 .text.lv_bar_create
                0x0800517c       0x18 CMakeFiles/OV_watch_01.dir/LVGL_src/lv_bar.c.obj
                0x0800517c                lv_bar_create
 .text.lv_bar_set_value
                0x08005194       0x38 CMakeFiles/OV_watch_01.dir/LVGL_src/lv_bar.c.obj
                0x08005194                lv_bar_set_value
 .text.lv_bar_constructor
                0x080051cc       0x52 CMakeFiles/OV_watch_01.dir/LVGL_src/lv_bar.c.obj
 .text.lv_bar_set_start_value
                0x0800521e       0x3e CMakeFiles/OV_watch_01.dir/LVGL_src/lv_bar.c.obj
                0x0800521e                lv_bar_set_start_value
 .text.lv_bar_set_range
                0x0800525c       0x54 CMakeFiles/OV_watch_01.dir/LVGL_src/lv_bar.c.obj
                0x0800525c                lv_bar_set_range
 .text.lv_bar_set_mode
                0x080052b0       0x1c CMakeFiles/OV_watch_01.dir/LVGL_src/lv_bar.c.obj
                0x080052b0                lv_bar_set_mode
 .text.lv_bar_get_value
                0x080052cc        0xc CMakeFiles/OV_watch_01.dir/LVGL_src/lv_bar.c.obj
                0x080052cc                lv_bar_get_value
 .text.lv_bar_get_start_value
                0x080052d8       0x1c CMakeFiles/OV_watch_01.dir/LVGL_src/lv_bar.c.obj
                0x080052d8                lv_bar_get_start_value
 .text.lv_bar_get_mode
                0x080052f4        0xa CMakeFiles/OV_watch_01.dir/LVGL_src/lv_bar.c.obj
                0x080052f4                lv_bar_get_mode
 .text.lv_btn_constructor
                0x080052fe       0x1a CMakeFiles/OV_watch_01.dir/LVGL_src/lv_btn.c.obj
 .text.lv_btn_create
                0x08005318       0x18 CMakeFiles/OV_watch_01.dir/LVGL_src/lv_btn.c.obj
                0x08005318                lv_btn_create
 .text.lv_btnmatrix_destructor
                0x08005330       0x18 CMakeFiles/OV_watch_01.dir/LVGL_src/lv_btnmatrix.c.obj
 .text.lv_obj_get_style_pad_column.constprop.0
                0x08005348        0xe CMakeFiles/OV_watch_01.dir/LVGL_src/lv_btnmatrix.c.obj
 *fill*         0x08005356        0x2 
 .text.lv_btnmatrix_set_map.part.0
                0x08005358      0x25c CMakeFiles/OV_watch_01.dir/LVGL_src/lv_btnmatrix.c.obj
 .text.lv_btnmatrix_constructor
                0x080055b4       0x28 CMakeFiles/OV_watch_01.dir/LVGL_src/lv_btnmatrix.c.obj
 .text.draw_main
                0x080055dc      0x3a4 CMakeFiles/OV_watch_01.dir/LVGL_src/lv_btnmatrix.c.obj
 .text.get_button_from_point
                0x08005980      0x190 CMakeFiles/OV_watch_01.dir/LVGL_src/lv_btnmatrix.c.obj
 .text.invalidate_button_area
                0x08005b10       0xda CMakeFiles/OV_watch_01.dir/LVGL_src/lv_btnmatrix.c.obj
 *fill*         0x08005bea        0x2 
 .text.lv_btnmatrix_create
                0x08005bec       0x18 CMakeFiles/OV_watch_01.dir/LVGL_src/lv_btnmatrix.c.obj
                0x08005bec                lv_btnmatrix_create
 .text.lv_btnmatrix_set_map
                0x08005c04        0x8 CMakeFiles/OV_watch_01.dir/LVGL_src/lv_btnmatrix.c.obj
                0x08005c04                lv_btnmatrix_set_map
 .text.lv_btnmatrix_set_ctrl_map
                0x08005c0c       0x1a CMakeFiles/OV_watch_01.dir/LVGL_src/lv_btnmatrix.c.obj
                0x08005c0c                lv_btnmatrix_set_ctrl_map
 .text.lv_btnmatrix_set_selected_btn
                0x08005c26       0x2c CMakeFiles/OV_watch_01.dir/LVGL_src/lv_btnmatrix.c.obj
                0x08005c26                lv_btnmatrix_set_selected_btn
 .text.lv_btnmatrix_clear_btn_ctrl
                0x08005c52       0x48 CMakeFiles/OV_watch_01.dir/LVGL_src/lv_btnmatrix.c.obj
                0x08005c52                lv_btnmatrix_clear_btn_ctrl
 .text.lv_btnmatrix_clear_btn_ctrl_all
                0x08005c9a       0x1e CMakeFiles/OV_watch_01.dir/LVGL_src/lv_btnmatrix.c.obj
                0x08005c9a                lv_btnmatrix_clear_btn_ctrl_all
 .text.lv_btnmatrix_set_btn_ctrl
                0x08005cb8       0x7a CMakeFiles/OV_watch_01.dir/LVGL_src/lv_btnmatrix.c.obj
                0x08005cb8                lv_btnmatrix_set_btn_ctrl
 .text.lv_btnmatrix_set_btn_ctrl_all
                0x08005d32       0x1e CMakeFiles/OV_watch_01.dir/LVGL_src/lv_btnmatrix.c.obj
                0x08005d32                lv_btnmatrix_set_btn_ctrl_all
 .text.lv_btnmatrix_get_selected_btn
                0x08005d50        0x4 CMakeFiles/OV_watch_01.dir/LVGL_src/lv_btnmatrix.c.obj
                0x08005d50                lv_btnmatrix_get_selected_btn
 .text.lv_btnmatrix_get_btn_text
                0x08005d54       0x5c CMakeFiles/OV_watch_01.dir/LVGL_src/lv_btnmatrix.c.obj
                0x08005d54                lv_btnmatrix_get_btn_text
 .text.lv_btnmatrix_has_btn_ctrl
                0x08005db0       0x1a CMakeFiles/OV_watch_01.dir/LVGL_src/lv_btnmatrix.c.obj
                0x08005db0                lv_btnmatrix_has_btn_ctrl
 .text.make_one_button_checked
                0x08005dca       0x2e CMakeFiles/OV_watch_01.dir/LVGL_src/lv_btnmatrix.c.obj
 .text.lv_btnmatrix_event
                0x08005df8      0x4fc CMakeFiles/OV_watch_01.dir/LVGL_src/lv_btnmatrix.c.obj
 .text.lv_btnmatrix_set_one_checked
                0x080062f4       0x12 CMakeFiles/OV_watch_01.dir/LVGL_src/lv_btnmatrix.c.obj
                0x080062f4                lv_btnmatrix_set_one_checked
 .text.get_month_length
                0x08006306       0x62 CMakeFiles/OV_watch_01.dir/LVGL_src/lv_calendar.c.obj
 .text.draw_part_begin_event_cb
                0x08006368       0xa4 CMakeFiles/OV_watch_01.dir/LVGL_src/lv_calendar.c.obj
 .text.get_day_of_week.constprop.0
                0x0800640c       0x50 CMakeFiles/OV_watch_01.dir/LVGL_src/lv_calendar.c.obj
 .text.highlight_update
                0x0800645c       0x86 CMakeFiles/OV_watch_01.dir/LVGL_src/lv_calendar.c.obj
 *fill*         0x080064e2        0x2 
 .text.lv_calendar_create
                0x080064e4       0x18 CMakeFiles/OV_watch_01.dir/LVGL_src/lv_calendar.c.obj
                0x080064e4                lv_calendar_create
 .text.lv_calendar_set_today_date
                0x080064fc       0x14 CMakeFiles/OV_watch_01.dir/LVGL_src/lv_calendar.c.obj
                0x080064fc                lv_calendar_set_today_date
 .text.lv_calendar_set_highlighted_dates
                0x08006510        0xc CMakeFiles/OV_watch_01.dir/LVGL_src/lv_calendar.c.obj
                0x08006510                lv_calendar_set_highlighted_dates
 .text.lv_calendar_set_showed_date
                0x0800651c      0x13c CMakeFiles/OV_watch_01.dir/LVGL_src/lv_calendar.c.obj
                0x0800651c                lv_calendar_set_showed_date
 .text.lv_calendar_constructor
                0x08006658       0xd4 CMakeFiles/OV_watch_01.dir/LVGL_src/lv_calendar.c.obj
 .text.lv_calendar_get_btnmatrix
                0x0800672c        0x4 CMakeFiles/OV_watch_01.dir/LVGL_src/lv_calendar.c.obj
                0x0800672c                lv_calendar_get_btnmatrix
 .text.lv_calendar_get_showed_date
                0x08006730        0x4 CMakeFiles/OV_watch_01.dir/LVGL_src/lv_calendar.c.obj
                0x08006730                lv_calendar_get_showed_date
 .text.lv_calendar_get_pressed_date
                0x08006734       0x54 CMakeFiles/OV_watch_01.dir/LVGL_src/lv_calendar.c.obj
                0x08006734                lv_calendar_get_pressed_date
 .text.my_constructor
                0x08006788       0xe0 CMakeFiles/OV_watch_01.dir/LVGL_src/lv_calendar_header_arrow.c.obj
 .text.value_changed_event_cb
                0x08006868       0x3c CMakeFiles/OV_watch_01.dir/LVGL_src/lv_calendar_header_arrow.c.obj
 .text.month_event_cb
                0x080068a4       0x7c CMakeFiles/OV_watch_01.dir/LVGL_src/lv_calendar_header_arrow.c.obj
 .text.lv_calendar_header_arrow_create
                0x08006920       0x18 CMakeFiles/OV_watch_01.dir/LVGL_src/lv_calendar_header_arrow.c.obj
                0x08006920                lv_calendar_header_arrow_create
 .text.lv_obj_get_style_pad_left
                0x08006938        0xc CMakeFiles/OV_watch_01.dir/LVGL_src/lv_chart.c.obj
 .text.lv_obj_get_style_width
                0x08006944        0xc CMakeFiles/OV_watch_01.dir/LVGL_src/lv_chart.c.obj
 .text.lv_obj_get_style_pad_column
                0x08006950        0xc CMakeFiles/OV_watch_01.dir/LVGL_src/lv_chart.c.obj
 .text.lv_obj_get_style_pad_top
                0x0800695c        0xc CMakeFiles/OV_watch_01.dir/LVGL_src/lv_chart.c.obj
 .text.lv_chart_destructor
                0x08006968       0x5c CMakeFiles/OV_watch_01.dir/LVGL_src/lv_chart.c.obj
 .text.lv_chart_constructor
                0x080069c4       0x50 CMakeFiles/OV_watch_01.dir/LVGL_src/lv_chart.c.obj
 .text.lv_obj_get_style_border_width.constprop.0
                0x08006a14        0xe CMakeFiles/OV_watch_01.dir/LVGL_src/lv_chart.c.obj
 .text.invalidate_point
                0x08006a22      0x172 CMakeFiles/OV_watch_01.dir/LVGL_src/lv_chart.c.obj
 .text.lv_chart_get_x_start_point
                0x08006b94       0x12 CMakeFiles/OV_watch_01.dir/LVGL_src/lv_chart.c.obj
                0x08006b94                lv_chart_get_x_start_point
 .text.lv_chart_get_point_pos_by_id
                0x08006ba6      0x1ba CMakeFiles/OV_watch_01.dir/LVGL_src/lv_chart.c.obj
                0x08006ba6                lv_chart_get_point_pos_by_id
 .text.get_tick_gsc
                0x08006d60       0x22 CMakeFiles/OV_watch_01.dir/LVGL_src/lv_chart.c.obj
                0x08006d60                get_tick_gsc
 *fill*         0x08006d82        0x2 
 .text.draw_y_ticks
                0x08006d84      0x2e4 CMakeFiles/OV_watch_01.dir/LVGL_src/lv_chart.c.obj
 .text.draw_x_ticks
                0x08007068      0x370 CMakeFiles/OV_watch_01.dir/LVGL_src/lv_chart.c.obj
 .text.lv_chart_event
                0x080073d8     0x10bc CMakeFiles/OV_watch_01.dir/LVGL_src/lv_chart.c.obj
 .text.my_constructor
                0x08008494       0x90 CMakeFiles/OV_watch_01.dir/LVGL_src/lv_calendar_header_dropdown.c.obj
 .text.value_changed_event_cb
                0x08008524       0x68 CMakeFiles/OV_watch_01.dir/LVGL_src/lv_calendar_header_dropdown.c.obj
 .text.month_event_cb
                0x0800858c       0x30 CMakeFiles/OV_watch_01.dir/LVGL_src/lv_calendar_header_dropdown.c.obj
 .text.year_event_cb
                0x080085bc       0x60 CMakeFiles/OV_watch_01.dir/LVGL_src/lv_calendar_header_dropdown.c.obj
 .text.lv_checkbox_constructor
                0x0800861c       0x38 CMakeFiles/OV_watch_01.dir/LVGL_src/lv_checkbox.c.obj
 .text.lv_checkbox_destructor
                0x08008654       0x18 CMakeFiles/OV_watch_01.dir/LVGL_src/lv_checkbox.c.obj
 .text.lv_checkbox_event
                0x0800866c      0x2e0 CMakeFiles/OV_watch_01.dir/LVGL_src/lv_checkbox.c.obj
 .text.lv_color_fill
                0x0800894c       0x42 CMakeFiles/OV_watch_01.dir/LVGL_src/lv_color.c.obj
                0x0800894c                lv_color_fill
 *fill*         0x0800898e        0x2 
 .text.lv_color_darken
                0x08008990       0x24 CMakeFiles/OV_watch_01.dir/LVGL_src/lv_color.c.obj
                0x08008990                lv_color_darken
 .text.lv_color_hsv_to_rgb
                0x080089b4       0xc2 CMakeFiles/OV_watch_01.dir/LVGL_src/lv_color.c.obj
                0x080089b4                lv_color_hsv_to_rgb
 *fill*         0x08008a76        0x2 
 .text.lv_palette_main
                0x08008a78       0x14 CMakeFiles/OV_watch_01.dir/LVGL_src/lv_color.c.obj
                0x08008a78                lv_palette_main
 .text.lv_palette_lighten
                0x08008a8c       0x24 CMakeFiles/OV_watch_01.dir/LVGL_src/lv_color.c.obj
                0x08008a8c                lv_palette_lighten
 .text.lv_palette_darken
                0x08008ab0       0x24 CMakeFiles/OV_watch_01.dir/LVGL_src/lv_color.c.obj
                0x08008ab0                lv_palette_darken
 .text.fast_hsv2rgb.constprop.0
                0x08008ad4       0x6a CMakeFiles/OV_watch_01.dir/LVGL_src/lv_colorwheel.c.obj
 .text.get_knob_area
                0x08008b3e       0x86 CMakeFiles/OV_watch_01.dir/LVGL_src/lv_colorwheel.c.obj
 .text.refr_knob_pos
                0x08008bc4       0x9c CMakeFiles/OV_watch_01.dir/LVGL_src/lv_colorwheel.c.obj
 .text.lv_colorwheel_constructor
                0x08008c60       0x50 CMakeFiles/OV_watch_01.dir/LVGL_src/lv_colorwheel.c.obj
 .text.lv_colorwheel_set_hsv
                0x08008cb0       0x70 CMakeFiles/OV_watch_01.dir/LVGL_src/lv_colorwheel.c.obj
                0x08008cb0                lv_colorwheel_set_hsv
 .text.lv_colorwheel_get_rgb
                0x08008d20        0xe CMakeFiles/OV_watch_01.dir/LVGL_src/lv_colorwheel.c.obj
                0x08008d20                lv_colorwheel_get_rgb
 *fill*         0x08008d2e        0x2 
 .text.lv_colorwheel_event
                0x08008d30      0x760 CMakeFiles/OV_watch_01.dir/LVGL_src/lv_colorwheel.c.obj
 .text.opa_scale_anim
                0x08009490        0x8 CMakeFiles/OV_watch_01.dir/LVGL_src/lv_disp.c.obj
 .text.set_y_anim
                0x08009498        0x6 CMakeFiles/OV_watch_01.dir/LVGL_src/lv_disp.c.obj
 .text.set_x_anim
                0x0800949e        0x6 CMakeFiles/OV_watch_01.dir/LVGL_src/lv_disp.c.obj
 .text.scr_anim_ready
                0x080094a4       0x54 CMakeFiles/OV_watch_01.dir/LVGL_src/lv_disp.c.obj
 .text.scr_load_internal
                0x080094f8       0x54 CMakeFiles/OV_watch_01.dir/LVGL_src/lv_disp.c.obj
 .text.lv_disp_get_scr_act
                0x0800954c        0xe CMakeFiles/OV_watch_01.dir/LVGL_src/lv_disp.c.obj
                0x0800954c                lv_disp_get_scr_act
 .text.lv_scr_act
                0x0800955a        0xe CMakeFiles/OV_watch_01.dir/LVGL_src/lv_disp.c.obj
 .text.scr_load_anim_start
                0x08009568       0x22 CMakeFiles/OV_watch_01.dir/LVGL_src/lv_disp.c.obj
 .text.lv_disp_get_scr_prev
                0x0800958a        0xe CMakeFiles/OV_watch_01.dir/LVGL_src/lv_disp.c.obj
                0x0800958a                lv_disp_get_scr_prev
 .text.lv_disp_get_layer_top
                0x08009598        0xe CMakeFiles/OV_watch_01.dir/LVGL_src/lv_disp.c.obj
                0x08009598                lv_disp_get_layer_top
 .text.lv_disp_get_layer_sys
                0x080095a6        0xe CMakeFiles/OV_watch_01.dir/LVGL_src/lv_disp.c.obj
                0x080095a6                lv_disp_get_layer_sys
 .text.lv_disp_get_theme
                0x080095b4        0xc CMakeFiles/OV_watch_01.dir/LVGL_src/lv_disp.c.obj
                0x080095b4                lv_disp_get_theme
 .text.lv_scr_load_anim
                0x080095c0      0x27c CMakeFiles/OV_watch_01.dir/LVGL_src/lv_disp.c.obj
                0x080095c0                lv_scr_load_anim
 .text.lv_disp_load_scr
                0x0800983c       0x14 CMakeFiles/OV_watch_01.dir/LVGL_src/lv_disp.c.obj
                0x0800983c                lv_disp_load_scr
 .text.lv_disp_is_invalidation_enabled
                0x08009850       0x18 CMakeFiles/OV_watch_01.dir/LVGL_src/lv_disp.c.obj
                0x08009850                lv_disp_is_invalidation_enabled
 .text.lv_draw_init
                0x08009868        0x2 CMakeFiles/OV_watch_01.dir/LVGL_src/lv_draw.c.obj
                0x08009868                lv_draw_init
 .text.lv_draw_wait_for_finish
                0x0800986a        0x8 CMakeFiles/OV_watch_01.dir/LVGL_src/lv_draw.c.obj
                0x0800986a                lv_draw_wait_for_finish
 .text.lv_draw_arc_dsc_init
                0x08009872       0x16 CMakeFiles/OV_watch_01.dir/LVGL_src/lv_draw_arc.c.obj
                0x08009872                lv_draw_arc_dsc_init
 .text.lv_draw_arc
                0x08009888       0x2e CMakeFiles/OV_watch_01.dir/LVGL_src/lv_draw_arc.c.obj
                0x08009888                lv_draw_arc
 .text.lv_draw_arc_get_area
                0x080098b6      0x45a CMakeFiles/OV_watch_01.dir/LVGL_src/lv_draw_arc.c.obj
                0x080098b6                lv_draw_arc_get_area
 .text.show_error
                0x08009d10       0x3c CMakeFiles/OV_watch_01.dir/LVGL_src/lv_draw_img.c.obj
 .text.lv_draw_img_dsc_init
                0x08009d4c       0x22 CMakeFiles/OV_watch_01.dir/LVGL_src/lv_draw_img.c.obj
                0x08009d4c                lv_draw_img_dsc_init
 *fill*         0x08009d6e        0x2 
 .text.lv_img_cf_get_px_size
                0x08009d70       0x14 CMakeFiles/OV_watch_01.dir/LVGL_src/lv_draw_img.c.obj
                0x08009d70                lv_img_cf_get_px_size
 .text.lv_img_cf_is_chroma_keyed
                0x08009d84       0x10 CMakeFiles/OV_watch_01.dir/LVGL_src/lv_draw_img.c.obj
                0x08009d84                lv_img_cf_is_chroma_keyed
 .text.lv_img_cf_has_alpha
                0x08009d94       0x14 CMakeFiles/OV_watch_01.dir/LVGL_src/lv_draw_img.c.obj
                0x08009d94                lv_img_cf_has_alpha
 .text.lv_img_src_get_type
                0x08009da8       0x1a CMakeFiles/OV_watch_01.dir/LVGL_src/lv_draw_img.c.obj
                0x08009da8                lv_img_src_get_type
 .text.lv_draw_img_decoded
                0x08009dc2       0x16 CMakeFiles/OV_watch_01.dir/LVGL_src/lv_draw_img.c.obj
                0x08009dc2                lv_draw_img_decoded
 .text.lv_draw_img
                0x08009dd8      0x22c CMakeFiles/OV_watch_01.dir/LVGL_src/lv_draw_img.c.obj
                0x08009dd8                lv_draw_img
 .text.hex_char_to_num
                0x0800a004       0x24 CMakeFiles/OV_watch_01.dir/LVGL_src/lv_draw_label.c.obj
 .text.lv_draw_label_dsc_init
                0x0800a028       0x30 CMakeFiles/OV_watch_01.dir/LVGL_src/lv_draw_label.c.obj
                0x0800a028                lv_draw_label_dsc_init
 .text.lv_draw_letter
                0x0800a058        0xc CMakeFiles/OV_watch_01.dir/LVGL_src/lv_draw_label.c.obj
                0x0800a058                lv_draw_letter
 .text.lv_draw_label
                0x0800a064      0x574 CMakeFiles/OV_watch_01.dir/LVGL_src/lv_draw_label.c.obj
                0x0800a064                lv_draw_label
 .text.lv_draw_layer_create
                0x0800a5d8       0x5e CMakeFiles/OV_watch_01.dir/LVGL_src/lv_draw_layer.c.obj
                0x0800a5d8                lv_draw_layer_create
 .text.lv_draw_layer_adjust
                0x0800a636        0x8 CMakeFiles/OV_watch_01.dir/LVGL_src/lv_draw_layer.c.obj
                0x0800a636                lv_draw_layer_adjust
 .text.lv_draw_layer_blend
                0x0800a63e        0x8 CMakeFiles/OV_watch_01.dir/LVGL_src/lv_draw_layer.c.obj
                0x0800a63e                lv_draw_layer_blend
 .text.lv_draw_layer_destroy
                0x0800a646       0x3c CMakeFiles/OV_watch_01.dir/LVGL_src/lv_draw_layer.c.obj
                0x0800a646                lv_draw_layer_destroy
 .text.lv_draw_line_dsc_init
                0x0800a682       0x18 CMakeFiles/OV_watch_01.dir/LVGL_src/lv_draw_line.c.obj
                0x0800a682                lv_draw_line_dsc_init
 .text.lv_draw_line
                0x0800a69a       0x1a CMakeFiles/OV_watch_01.dir/LVGL_src/lv_draw_line.c.obj
                0x0800a69a                lv_draw_line
 .text.mask_mix
                0x0800a6b4       0x1c CMakeFiles/OV_watch_01.dir/LVGL_src/lv_draw_mask.c.obj
 .text.lv_draw_mask_line
                0x0800a6d0      0x372 CMakeFiles/OV_watch_01.dir/LVGL_src/lv_draw_mask.c.obj
 .text.lv_draw_mask_angle
                0x0800aa42      0x256 CMakeFiles/OV_watch_01.dir/LVGL_src/lv_draw_mask.c.obj
 .text.lv_draw_mask_radius
                0x0800ac98      0x24e CMakeFiles/OV_watch_01.dir/LVGL_src/lv_draw_mask.c.obj
 *fill*         0x0800aee6        0x2 
 .text.lv_draw_mask_add
                0x0800aee8       0x2c CMakeFiles/OV_watch_01.dir/LVGL_src/lv_draw_mask.c.obj
                0x0800aee8                lv_draw_mask_add
 .text.lv_draw_mask_apply
                0x0800af14       0x40 CMakeFiles/OV_watch_01.dir/LVGL_src/lv_draw_mask.c.obj
                0x0800af14                lv_draw_mask_apply
 .text.lv_draw_mask_remove_id
                0x0800af54       0x28 CMakeFiles/OV_watch_01.dir/LVGL_src/lv_draw_mask.c.obj
                0x0800af54                lv_draw_mask_remove_id
 .text.lv_draw_mask_remove_custom
                0x0800af7c       0x2c CMakeFiles/OV_watch_01.dir/LVGL_src/lv_draw_mask.c.obj
                0x0800af7c                lv_draw_mask_remove_custom
 .text.lv_draw_mask_free_param
                0x0800afa8       0x34 CMakeFiles/OV_watch_01.dir/LVGL_src/lv_draw_mask.c.obj
                0x0800afa8                lv_draw_mask_free_param
 .text._lv_draw_mask_cleanup
                0x0800afdc       0x28 CMakeFiles/OV_watch_01.dir/LVGL_src/lv_draw_mask.c.obj
                0x0800afdc                _lv_draw_mask_cleanup
 .text.lv_draw_mask_is_any
                0x0800b004       0x54 CMakeFiles/OV_watch_01.dir/LVGL_src/lv_draw_mask.c.obj
                0x0800b004                lv_draw_mask_is_any
 .text.lv_draw_mask_line_points_init
                0x0800b058      0x118 CMakeFiles/OV_watch_01.dir/LVGL_src/lv_draw_mask.c.obj
                0x0800b058                lv_draw_mask_line_points_init
 .text.lv_draw_mask_line_angle_init
                0x0800b170       0x4c CMakeFiles/OV_watch_01.dir/LVGL_src/lv_draw_mask.c.obj
                0x0800b170                lv_draw_mask_line_angle_init
 .text.lv_draw_mask_angle_init
                0x0800b1bc       0x8c CMakeFiles/OV_watch_01.dir/LVGL_src/lv_draw_mask.c.obj
                0x0800b1bc                lv_draw_mask_angle_init
 .text.lv_draw_mask_radius_init
                0x0800b248      0x424 CMakeFiles/OV_watch_01.dir/LVGL_src/lv_draw_mask.c.obj
                0x0800b248                lv_draw_mask_radius_init
 .text.lv_draw_rect_dsc_init
                0x0800b66c       0x4c CMakeFiles/OV_watch_01.dir/LVGL_src/lv_draw_rect.c.obj
                0x0800b66c                lv_draw_rect_dsc_init
 .text.lv_draw_rect
                0x0800b6b8       0x28 CMakeFiles/OV_watch_01.dir/LVGL_src/lv_draw_rect.c.obj
                0x0800b6b8                lv_draw_rect
 .text.lv_color_mix
                0x0800b6e0       0x30 CMakeFiles/OV_watch_01.dir/LVGL_src/lv_draw_sw_blend.c.obj
 .text.color_blend_true_color_additive
                0x0800b710       0x7c CMakeFiles/OV_watch_01.dir/LVGL_src/lv_draw_sw_blend.c.obj
 .text.color_blend_true_color_subtractive
                0x0800b78c       0x76 CMakeFiles/OV_watch_01.dir/LVGL_src/lv_draw_sw_blend.c.obj
 .text.color_blend_true_color_multiply
                0x0800b802       0x6a CMakeFiles/OV_watch_01.dir/LVGL_src/lv_draw_sw_blend.c.obj
 .text.lv_draw_sw_blend
                0x0800b86c       0x2c CMakeFiles/OV_watch_01.dir/LVGL_src/lv_draw_sw_blend.c.obj
                0x0800b86c                lv_draw_sw_blend
 .text.lv_draw_sw_blend_basic
                0x0800b898      0x9b4 CMakeFiles/OV_watch_01.dir/LVGL_src/lv_draw_sw_blend.c.obj
                0x0800b898                lv_draw_sw_blend_basic
 .text.lv_draw_sw_wait_for_finish
                0x0800c24c        0x2 CMakeFiles/OV_watch_01.dir/LVGL_src/lv_draw_sw.c.obj
                0x0800c24c                lv_draw_sw_wait_for_finish
 .text.lv_draw_sw_buffer_copy
                0x0800c24e       0x5e CMakeFiles/OV_watch_01.dir/LVGL_src/lv_draw_sw.c.obj
                0x0800c24e                lv_draw_sw_buffer_copy
 .text.lv_draw_sw_init_ctx
                0x0800c2ac       0x8c CMakeFiles/OV_watch_01.dir/LVGL_src/lv_draw_sw.c.obj
                0x0800c2ac                lv_draw_sw_init_ctx
 .text.get_rounded_area
                0x0800c338       0x86 CMakeFiles/OV_watch_01.dir/LVGL_src/lv_draw_sw_arc.c.obj
 .text.lv_draw_sw_arc
                0x0800c3be      0x9c4 CMakeFiles/OV_watch_01.dir/LVGL_src/lv_draw_sw_arc.c.obj
                0x0800c3be                lv_draw_sw_arc
 .text.lv_color_to32
                0x0800cd82       0x3c CMakeFiles/OV_watch_01.dir/LVGL_src/lv_draw_sw_gradient.c.obj
 .text.find_oldest_item_life
                0x0800cdbe       0x12 CMakeFiles/OV_watch_01.dir/LVGL_src/lv_draw_sw_gradient.c.obj
 .text.find_item
                0x0800cdd0        0xc CMakeFiles/OV_watch_01.dir/LVGL_src/lv_draw_sw_gradient.c.obj
 .text.iterate_cache
                0x0800cddc       0x6c CMakeFiles/OV_watch_01.dir/LVGL_src/lv_draw_sw_gradient.c.obj
 .text.kill_oldest_item
                0x0800ce48       0x88 CMakeFiles/OV_watch_01.dir/LVGL_src/lv_draw_sw_gradient.c.obj
 .text.lv_gradient_set_cache_size
                0x0800ced0       0x34 CMakeFiles/OV_watch_01.dir/LVGL_src/lv_draw_sw_gradient.c.obj
                0x0800ced0                lv_gradient_set_cache_size
 .text.lv_gradient_calculate
                0x0800cf04       0xba CMakeFiles/OV_watch_01.dir/LVGL_src/lv_draw_sw_gradient.c.obj
                0x0800cf04                lv_gradient_calculate
 *fill*         0x0800cfbe        0x2 
 .text.lv_gradient_get
                0x0800cfc0      0x168 CMakeFiles/OV_watch_01.dir/LVGL_src/lv_draw_sw_gradient.c.obj
                0x0800cfc0                lv_gradient_get
 .text.lv_gradient_cleanup
                0x0800d128        0xe CMakeFiles/OV_watch_01.dir/LVGL_src/lv_draw_sw_gradient.c.obj
                0x0800d128                lv_gradient_cleanup
 .text.lv_draw_sw_img_decoded
                0x0800d136      0x4b0 CMakeFiles/OV_watch_01.dir/LVGL_src/lv_draw_sw_img.c.obj
                0x0800d136                lv_draw_sw_img_decoded
 .text.lv_draw_sw_layer_create
                0x0800d5e6       0xee CMakeFiles/OV_watch_01.dir/LVGL_src/lv_draw_sw_layer.c.obj
                0x0800d5e6                lv_draw_sw_layer_create
 .text.lv_draw_sw_layer_adjust
                0x0800d6d4       0x5a CMakeFiles/OV_watch_01.dir/LVGL_src/lv_draw_sw_layer.c.obj
                0x0800d6d4                lv_draw_sw_layer_adjust
 .text.lv_draw_sw_layer_blend
                0x0800d72e       0x82 CMakeFiles/OV_watch_01.dir/LVGL_src/lv_draw_sw_layer.c.obj
                0x0800d72e                lv_draw_sw_layer_blend
 .text.lv_draw_sw_layer_destroy
                0x0800d7b0        0x6 CMakeFiles/OV_watch_01.dir/LVGL_src/lv_draw_sw_layer.c.obj
                0x0800d7b0                lv_draw_sw_layer_destroy
 *fill*         0x0800d7b6        0x2 
 .text.lv_draw_sw_letter
                0x0800d7b8      0x424 CMakeFiles/OV_watch_01.dir/LVGL_src/lv_draw_sw_letter.c.obj
                0x0800d7b8                lv_draw_sw_letter
 .text.lv_draw_sw_line
                0x0800dbdc      0x720 CMakeFiles/OV_watch_01.dir/LVGL_src/lv_draw_sw_line.c.obj
                0x0800dbdc                lv_draw_sw_line
 .text.lv_draw_sw_polygon
                0x0800e2fc      0x274 CMakeFiles/OV_watch_01.dir/LVGL_src/lv_draw_sw_polygon.c.obj
                0x0800e2fc                lv_draw_sw_polygon
 .text.shadow_blur_corner
                0x0800e570      0x178 CMakeFiles/OV_watch_01.dir/LVGL_src/lv_draw_sw_rect.c.obj
 .text.draw_bg_img
                0x0800e6e8      0x204 CMakeFiles/OV_watch_01.dir/LVGL_src/lv_draw_sw_rect.c.obj
 .text.draw_bg  0x0800e8ec      0x388 CMakeFiles/OV_watch_01.dir/LVGL_src/lv_draw_sw_rect.c.obj
 .text.lv_draw_sw_bg
                0x0800ec74       0x1a CMakeFiles/OV_watch_01.dir/LVGL_src/lv_draw_sw_rect.c.obj
                0x0800ec74                lv_draw_sw_bg
 .text.draw_border_generic
                0x0800ec8e      0x58e CMakeFiles/OV_watch_01.dir/LVGL_src/lv_draw_sw_rect.c.obj
                0x0800ec8e                draw_border_generic
 .text.lv_draw_sw_rect
                0x0800f21c      0xea4 CMakeFiles/OV_watch_01.dir/LVGL_src/lv_draw_sw_rect.c.obj
                0x0800f21c                lv_draw_sw_rect
 .text.lv_color_mix
                0x080100c0       0x30 CMakeFiles/OV_watch_01.dir/LVGL_src/lv_draw_sw_transform.c.obj
 .text.transform_point_upscaled
                0x080100f0       0x80 CMakeFiles/OV_watch_01.dir/LVGL_src/lv_draw_sw_transform.c.obj
 .text.lv_draw_sw_transform
                0x08010170      0x56e CMakeFiles/OV_watch_01.dir/LVGL_src/lv_draw_sw_transform.c.obj
                0x08010170                lv_draw_sw_transform
 .text.lv_draw_transform
                0x080106de       0x36 CMakeFiles/OV_watch_01.dir/LVGL_src/lv_draw_transform.c.obj
                0x080106de                lv_draw_transform
 .text.lv_obj_get_event_dsc.isra.0
                0x08010714       0x1a CMakeFiles/OV_watch_01.dir/LVGL_src/lv_event.c.obj
 .text.lv_obj_event_base
                0x0801072e       0x2a CMakeFiles/OV_watch_01.dir/LVGL_src/lv_event.c.obj
                0x0801072e                lv_obj_event_base
 .text.event_send_core
                0x08010758      0x120 CMakeFiles/OV_watch_01.dir/LVGL_src/lv_event.c.obj
 .text.lv_event_send
                0x08010878       0x40 CMakeFiles/OV_watch_01.dir/LVGL_src/lv_event.c.obj
                0x08010878                lv_event_send
 .text.lv_event_get_target
                0x080108b8        0x4 CMakeFiles/OV_watch_01.dir/LVGL_src/lv_event.c.obj
                0x080108b8                lv_event_get_target
 .text.lv_event_get_current_target
                0x080108bc        0x4 CMakeFiles/OV_watch_01.dir/LVGL_src/lv_event.c.obj
                0x080108bc                lv_event_get_current_target
 .text.lv_event_get_code
                0x080108c0        0x8 CMakeFiles/OV_watch_01.dir/LVGL_src/lv_event.c.obj
                0x080108c0                lv_event_get_code
 .text.lv_event_get_param
                0x080108c8        0x4 CMakeFiles/OV_watch_01.dir/LVGL_src/lv_event.c.obj
                0x080108c8                lv_event_get_param
 .text.lv_event_get_user_data
                0x080108cc        0x4 CMakeFiles/OV_watch_01.dir/LVGL_src/lv_event.c.obj
                0x080108cc                lv_event_get_user_data
 .text._lv_event_mark_deleted
                0x080108d0       0x24 CMakeFiles/OV_watch_01.dir/LVGL_src/lv_event.c.obj
                0x080108d0                _lv_event_mark_deleted
 .text.lv_obj_add_event_cb
                0x080108f4       0x60 CMakeFiles/OV_watch_01.dir/LVGL_src/lv_event.c.obj
                0x080108f4                lv_obj_add_event_cb
 .text.lv_obj_remove_event_cb
                0x08010954       0x7e CMakeFiles/OV_watch_01.dir/LVGL_src/lv_event.c.obj
                0x08010954                lv_obj_remove_event_cb
 .text.lv_event_get_indev
                0x080109d2        0xe CMakeFiles/OV_watch_01.dir/LVGL_src/lv_event.c.obj
                0x080109d2                lv_event_get_indev
 .text.lv_event_get_draw_ctx
                0x080109e0        0xe CMakeFiles/OV_watch_01.dir/LVGL_src/lv_event.c.obj
                0x080109e0                lv_event_get_draw_ctx
 .text.lv_event_set_ext_draw_size
                0x080109ee       0x18 CMakeFiles/OV_watch_01.dir/LVGL_src/lv_event.c.obj
                0x080109ee                lv_event_set_ext_draw_size
 .text.lv_area_get_width
                0x08010a06        0xc CMakeFiles/OV_watch_01.dir/LVGL_src/lv_flex.c.obj
 .text.lv_area_get_height
                0x08010a12        0xc CMakeFiles/OV_watch_01.dir/LVGL_src/lv_flex.c.obj
 .text.place_content
                0x08010a1e       0x8c CMakeFiles/OV_watch_01.dir/LVGL_src/lv_flex.c.obj
 .text.get_next_item
                0x08010aaa       0x28 CMakeFiles/OV_watch_01.dir/LVGL_src/lv_flex.c.obj
 *fill*         0x08010ad2        0x2 
 .text.find_track_end
                0x08010ad4      0x258 CMakeFiles/OV_watch_01.dir/LVGL_src/lv_flex.c.obj
 .text.flex_update
                0x08010d2c      0x6e0 CMakeFiles/OV_watch_01.dir/LVGL_src/lv_flex.c.obj
 .text.lv_flex_init
                0x0801140c       0x60 CMakeFiles/OV_watch_01.dir/LVGL_src/lv_flex.c.obj
                0x0801140c                lv_flex_init
 .text.lv_obj_set_style_flex_flow
                0x0801146c       0x10 CMakeFiles/OV_watch_01.dir/LVGL_src/lv_flex.c.obj
                0x0801146c                lv_obj_set_style_flex_flow
 .text.lv_obj_set_flex_flow
                0x0801147c       0x20 CMakeFiles/OV_watch_01.dir/LVGL_src/lv_flex.c.obj
                0x0801147c                lv_obj_set_flex_flow
 .text.lv_obj_set_style_flex_main_place
                0x0801149c       0x10 CMakeFiles/OV_watch_01.dir/LVGL_src/lv_flex.c.obj
                0x0801149c                lv_obj_set_style_flex_main_place
 .text.lv_obj_set_style_flex_cross_place
                0x080114ac       0x10 CMakeFiles/OV_watch_01.dir/LVGL_src/lv_flex.c.obj
                0x080114ac                lv_obj_set_style_flex_cross_place
 .text.lv_obj_set_style_flex_track_place
                0x080114bc       0x10 CMakeFiles/OV_watch_01.dir/LVGL_src/lv_flex.c.obj
                0x080114bc                lv_obj_set_style_flex_track_place
 .text.lv_obj_set_flex_align
                0x080114cc       0x38 CMakeFiles/OV_watch_01.dir/LVGL_src/lv_flex.c.obj
                0x080114cc                lv_obj_set_flex_align
 .text.lv_obj_set_style_flex_grow
                0x08011504       0x10 CMakeFiles/OV_watch_01.dir/LVGL_src/lv_flex.c.obj
                0x08011504                lv_obj_set_style_flex_grow
 .text.lv_obj_set_flex_grow
                0x08011514       0x18 CMakeFiles/OV_watch_01.dir/LVGL_src/lv_flex.c.obj
                0x08011514                lv_obj_set_flex_grow
 .text.lv_dropdownlist_destructor
                0x0801152c        0x8 CMakeFiles/OV_watch_01.dir/LVGL_src/lv_dropdown.c.obj
 .text.get_label
                0x08011534        0xc CMakeFiles/OV_watch_01.dir/LVGL_src/lv_dropdown.c.obj
 .text.position_to_selected
                0x08011540       0x52 CMakeFiles/OV_watch_01.dir/LVGL_src/lv_dropdown.c.obj
 .text.lv_dropdownlist_constructor
                0x08011592       0x32 CMakeFiles/OV_watch_01.dir/LVGL_src/lv_dropdown.c.obj
 .text.lv_dropdown_destructor
                0x080115c4       0x24 CMakeFiles/OV_watch_01.dir/LVGL_src/lv_dropdown.c.obj
 .text.draw_box_label